[12:40:47] === RQ2 W1 — Allocation method (Python 시뮬레이션) ===
[12:40:47] modes: ['bernoulli', 'equal', 'proportional', 'neyman', 'anti_neyman']
[12:40:47] datasets: ['DEEP_8M']

[12:40:47] === DEEP_8M (partsupp_deep_10_phase7_8m_subset) ===
[12:40:47]   caching DEEP_8M cluster samples (LIMIT 500 per cluster, fresh conn)...
[12:40:48]   cached 10000 rows (3.8 MB) in 1.0s
[12:40:48]   N_i sum=8000000, σ_i avg=0.2959
[12:40:48]   loaded 100 queries (dim=96), 500 sel rows
[12:40:49]   DEEP_8M     bernoulli s=0.01 seed=0.1 (94ms) valid=98/100 med_qe=1.3577
[12:40:49]   DEEP_8M     bernoulli s=0.01 seed=0.2 (67ms) valid=99/100 med_qe=1.4817
[12:40:49]   DEEP_8M     bernoulli s=0.01 seed=0.3 (66ms) valid=97/100 med_qe=1.3498
[12:40:49]   DEEP_8M     bernoulli s=0.01 seed=0.4 (65ms) valid=98/100 med_qe=1.5355
[12:40:49]   DEEP_8M     bernoulli s=0.01 seed=0.5 (65ms) valid=98/100 med_qe=1.3382
[12:40:49]   DEEP_8M     bernoulli s=0.05 seed=0.1 (65ms) valid=100/100 med_qe=1.1840
[12:40:49]   DEEP_8M     bernoulli s=0.05 seed=0.2 (65ms) valid=100/100 med_qe=1.1475
[12:40:49]   DEEP_8M     bernoulli s=0.05 seed=0.3 (65ms) valid=100/100 med_qe=1.1462
[12:40:49]   DEEP_8M     bernoulli s=0.05 seed=0.4 (65ms) valid=100/100 med_qe=1.1722
[12:40:49]   DEEP_8M     bernoulli s=0.05 seed=0.5 (65ms) valid=100/100 med_qe=1.1565
[12:40:49]   DEEP_8M     bernoulli s=0.10 seed=0.1 (65ms) valid=100/100 med_qe=1.0940
[12:40:49]   DEEP_8M     bernoulli s=0.10 seed=0.2 (64ms) valid=100/100 med_qe=1.0896
[12:40:49]   DEEP_8M     bernoulli s=0.10 seed=0.3 (64ms) valid=100/100 med_qe=1.1128
[12:40:49]   DEEP_8M     bernoulli s=0.10 seed=0.4 (64ms) valid=100/100 med_qe=1.1214
[12:40:49]   DEEP_8M     bernoulli s=0.10 seed=0.5 (64ms) valid=100/100 med_qe=1.1258
[12:40:50]   DEEP_8M     bernoulli s=0.30 seed=0.1 (64ms) valid=100/100 med_qe=1.0516
[12:40:50]   DEEP_8M     bernoulli s=0.30 seed=0.2 (64ms) valid=100/100 med_qe=1.0517
[12:40:50]   DEEP_8M     bernoulli s=0.30 seed=0.3 (64ms) valid=100/100 med_qe=1.0596
[12:40:50]   DEEP_8M     bernoulli s=0.30 seed=0.4 (64ms) valid=100/100 med_qe=1.0608
[12:40:50]   DEEP_8M     bernoulli s=0.30 seed=0.5 (64ms) valid=100/100 med_qe=1.0620
[12:40:50]   DEEP_8M     bernoulli s=0.50 seed=0.1 (64ms) valid=100/100 med_qe=1.0271
[12:40:50]   DEEP_8M     bernoulli s=0.50 seed=0.2 (64ms) valid=100/100 med_qe=1.0376
[12:40:50]   DEEP_8M     bernoulli s=0.50 seed=0.3 (64ms) valid=100/100 med_qe=1.0407
[12:40:50]   DEEP_8M     bernoulli s=0.50 seed=0.4 (64ms) valid=100/100 med_qe=1.0341
[12:40:50]   DEEP_8M     bernoulli s=0.50 seed=0.5 (64ms) valid=100/100 med_qe=1.0338
[12:40:50] DEEP_8M     bernoulli: total 1.7s
[12:40:50]   DEEP_8M         equal s=0.01 seed=0.1 (58ms) valid=97/100 med_qe=1.3587
[12:40:50]   DEEP_8M         equal s=0.01 seed=0.2 (65ms) valid=98/100 med_qe=1.4171
[12:40:50]   DEEP_8M         equal s=0.01 seed=0.3 (56ms) valid=99/100 med_qe=1.3648
[12:40:50]   DEEP_8M         equal s=0.01 seed=0.4 (57ms) valid=98/100 med_qe=1.4402
[12:40:50]   DEEP_8M         equal s=0.01 seed=0.5 (55ms) valid=100/100 med_qe=1.4686
[12:40:50]   DEEP_8M         equal s=0.05 seed=0.1 (55ms) valid=100/100 med_qe=1.1327
[12:40:51]   DEEP_8M         equal s=0.05 seed=0.2 (55ms) valid=100/100 med_qe=1.1575
[12:40:51]   DEEP_8M         equal s=0.05 seed=0.3 (55ms) valid=100/100 med_qe=1.1552
[12:40:51]   DEEP_8M         equal s=0.05 seed=0.4 (55ms) valid=100/100 med_qe=1.1269
[12:40:51]   DEEP_8M         equal s=0.05 seed=0.5 (55ms) valid=100/100 med_qe=1.1807
[12:40:51]   DEEP_8M         equal s=0.10 seed=0.1 (55ms) valid=100/100 med_qe=1.1075
[12:40:51]   DEEP_8M         equal s=0.10 seed=0.2 (55ms) valid=100/100 med_qe=1.0971
[12:40:51]   DEEP_8M         equal s=0.10 seed=0.3 (55ms) valid=100/100 med_qe=1.1113
[12:40:51]   DEEP_8M         equal s=0.10 seed=0.4 (55ms) valid=100/100 med_qe=1.0934
[12:40:51]   DEEP_8M         equal s=0.10 seed=0.5 (55ms) valid=100/100 med_qe=1.1290
[12:40:51]   DEEP_8M         equal s=0.30 seed=0.1 (55ms) valid=100/100 med_qe=1.0636
[12:40:51]   DEEP_8M         equal s=0.30 seed=0.2 (55ms) valid=100/100 med_qe=1.0546
[12:40:51]   DEEP_8M         equal s=0.30 seed=0.3 (55ms) valid=100/100 med_qe=1.0513
[12:40:51]   DEEP_8M         equal s=0.30 seed=0.4 (56ms) valid=100/100 med_qe=1.0586
[12:40:51]   DEEP_8M         equal s=0.30 seed=0.5 (55ms) valid=100/100 med_qe=1.0525
[12:40:51]   DEEP_8M         equal s=0.50 seed=0.1 (54ms) valid=100/100 med_qe=1.0329
[12:40:51]   DEEP_8M         equal s=0.50 seed=0.2 (54ms) valid=100/100 med_qe=1.0429
[12:40:51]   DEEP_8M         equal s=0.50 seed=0.3 (54ms) valid=100/100 med_qe=1.0367
[12:40:51]   DEEP_8M         equal s=0.50 seed=0.4 (64ms) valid=100/100 med_qe=1.0317
[12:40:52]   DEEP_8M         equal s=0.50 seed=0.5 (55ms) valid=100/100 med_qe=1.0409
[12:40:52] DEEP_8M         equal: total 1.4s
[12:40:52]   DEEP_8M  proportional s=0.01 seed=0.1 (55ms) valid=97/100 med_qe=1.3655
[12:40:52]   DEEP_8M  proportional s=0.01 seed=0.2 (56ms) valid=98/100 med_qe=1.3243
[12:40:52]   DEEP_8M  proportional s=0.01 seed=0.3 (55ms) valid=96/100 med_qe=1.2801
[12:40:52]   DEEP_8M  proportional s=0.01 seed=0.4 (55ms) valid=98/100 med_qe=1.3327
[12:40:52]   DEEP_8M  proportional s=0.01 seed=0.5 (55ms) valid=98/100 med_qe=1.2985
[12:40:52]   DEEP_8M  proportional s=0.05 seed=0.1 (55ms) valid=100/100 med_qe=1.1596
[12:40:52]   DEEP_8M  proportional s=0.05 seed=0.2 (55ms) valid=100/100 med_qe=1.1276
[12:40:52]   DEEP_8M  proportional s=0.05 seed=0.3 (55ms) valid=100/100 med_qe=1.1339
[12:40:52]   DEEP_8M  proportional s=0.05 seed=0.4 (55ms) valid=100/100 med_qe=1.2047
[12:40:52]   DEEP_8M  proportional s=0.05 seed=0.5 (55ms) valid=100/100 med_qe=1.2092
[12:40:52]   DEEP_8M  proportional s=0.10 seed=0.1 (55ms) valid=100/100 med_qe=1.1054
[12:40:52]   DEEP_8M  proportional s=0.10 seed=0.2 (55ms) valid=100/100 med_qe=1.1032
[12:40:52]   DEEP_8M  proportional s=0.10 seed=0.3 (55ms) valid=100/100 med_qe=1.1019
[12:40:52]   DEEP_8M  proportional s=0.10 seed=0.4 (55ms) valid=100/100 med_qe=1.1268
[12:40:52]   DEEP_8M  proportional s=0.10 seed=0.5 (55ms) valid=100/100 med_qe=1.1313
[12:40:52]   DEEP_8M  proportional s=0.30 seed=0.1 (55ms) valid=100/100 med_qe=1.0494
[12:40:52]   DEEP_8M  proportional s=0.30 seed=0.2 (55ms) valid=100/100 med_qe=1.0568
[12:40:53]   DEEP_8M  proportional s=0.30 seed=0.3 (54ms) valid=100/100 med_qe=1.0514
[12:40:53]   DEEP_8M  proportional s=0.30 seed=0.4 (54ms) valid=100/100 med_qe=1.0544
[12:40:53]   DEEP_8M  proportional s=0.30 seed=0.5 (54ms) valid=100/100 med_qe=1.0425
[12:40:53]   DEEP_8M  proportional s=0.50 seed=0.1 (55ms) valid=100/100 med_qe=1.0372
[12:40:53]   DEEP_8M  proportional s=0.50 seed=0.2 (55ms) valid=100/100 med_qe=1.0466
[12:40:53]   DEEP_8M  proportional s=0.50 seed=0.3 (55ms) valid=100/100 med_qe=1.0317
[12:40:53]   DEEP_8M  proportional s=0.50 seed=0.4 (55ms) valid=100/100 med_qe=1.0298
[12:40:53]   DEEP_8M  proportional s=0.50 seed=0.5 (55ms) valid=100/100 med_qe=1.0359
[12:40:53] DEEP_8M  proportional: total 1.4s
[12:40:53]   DEEP_8M        neyman s=0.01 seed=0.1 (56ms) valid=97/100 med_qe=1.3343
[12:40:53]   DEEP_8M        neyman s=0.01 seed=0.2 (55ms) valid=97/100 med_qe=1.3040
[12:40:53]   DEEP_8M        neyman s=0.01 seed=0.3 (55ms) valid=99/100 med_qe=1.3280
[12:40:53]   DEEP_8M        neyman s=0.01 seed=0.4 (55ms) valid=96/100 med_qe=1.3778
[12:40:53]   DEEP_8M        neyman s=0.01 seed=0.5 (55ms) valid=100/100 med_qe=1.4707
[12:40:53]   DEEP_8M        neyman s=0.05 seed=0.1 (55ms) valid=100/100 med_qe=1.1280
[12:40:53]   DEEP_8M        neyman s=0.05 seed=0.2 (55ms) valid=100/100 med_qe=1.1523
[12:40:53]   DEEP_8M        neyman s=0.05 seed=0.3 (55ms) valid=100/100 med_qe=1.1379
[12:40:53]   DEEP_8M        neyman s=0.05 seed=0.4 (55ms) valid=100/100 med_qe=1.1524
[12:40:53]   DEEP_8M        neyman s=0.05 seed=0.5 (55ms) valid=100/100 med_qe=1.1471
[12:40:54]   DEEP_8M        neyman s=0.10 seed=0.1 (55ms) valid=100/100 med_qe=1.1334
[12:40:54]   DEEP_8M        neyman s=0.10 seed=0.2 (55ms) valid=100/100 med_qe=1.1132
[12:40:54]   DEEP_8M        neyman s=0.10 seed=0.3 (54ms) valid=100/100 med_qe=1.0897
[12:40:54]   DEEP_8M        neyman s=0.10 seed=0.4 (55ms) valid=100/100 med_qe=1.0916
[12:40:54]   DEEP_8M        neyman s=0.10 seed=0.5 (55ms) valid=100/100 med_qe=1.1011
[12:40:54]   DEEP_8M        neyman s=0.30 seed=0.1 (56ms) valid=100/100 med_qe=1.0502
[12:40:54]   DEEP_8M        neyman s=0.30 seed=0.2 (55ms) valid=100/100 med_qe=1.0533
[12:40:54]   DEEP_8M        neyman s=0.30 seed=0.3 (55ms) valid=100/100 med_qe=1.0610
[12:40:54]   DEEP_8M        neyman s=0.30 seed=0.4 (55ms) valid=100/100 med_qe=1.0494
[12:40:54]   DEEP_8M        neyman s=0.30 seed=0.5 (56ms) valid=100/100 med_qe=1.0425
[12:40:54]   DEEP_8M        neyman s=0.50 seed=0.1 (55ms) valid=100/100 med_qe=1.0353
[12:40:54]   DEEP_8M        neyman s=0.50 seed=0.2 (55ms) valid=100/100 med_qe=1.0364
[12:40:54]   DEEP_8M        neyman s=0.50 seed=0.3 (55ms) valid=100/100 med_qe=1.0357
[12:40:54]   DEEP_8M        neyman s=0.50 seed=0.4 (55ms) valid=100/100 med_qe=1.0302
[12:40:54]   DEEP_8M        neyman s=0.50 seed=0.5 (55ms) valid=100/100 med_qe=1.0289
[12:40:54] DEEP_8M        neyman: total 1.4s
[12:40:54]   DEEP_8M   anti_neyman s=0.01 seed=0.1 (55ms) valid=96/100 med_qe=1.3342
[12:40:54]   DEEP_8M   anti_neyman s=0.01 seed=0.2 (55ms) valid=97/100 med_qe=1.3468
[12:40:54]   DEEP_8M   anti_neyman s=0.01 seed=0.3 (55ms) valid=97/100 med_qe=1.3477
[12:40:55]   DEEP_8M   anti_neyman s=0.01 seed=0.4 (55ms) valid=99/100 med_qe=1.3218
[12:40:55]   DEEP_8M   anti_neyman s=0.01 seed=0.5 (55ms) valid=99/100 med_qe=1.3686
[12:40:55]   DEEP_8M   anti_neyman s=0.05 seed=0.1 (55ms) valid=100/100 med_qe=1.1646
[12:40:55]   DEEP_8M   anti_neyman s=0.05 seed=0.2 (55ms) valid=100/100 med_qe=1.1423
[12:40:55]   DEEP_8M   anti_neyman s=0.05 seed=0.3 (55ms) valid=100/100 med_qe=1.1827
[12:40:55]   DEEP_8M   anti_neyman s=0.05 seed=0.4 (55ms) valid=100/100 med_qe=1.1737
[12:40:55]   DEEP_8M   anti_neyman s=0.05 seed=0.5 (55ms) valid=100/100 med_qe=1.1772
[12:40:55]   DEEP_8M   anti_neyman s=0.10 seed=0.1 (55ms) valid=100/100 med_qe=1.0817
[12:40:55]   DEEP_8M   anti_neyman s=0.10 seed=0.2 (55ms) valid=100/100 med_qe=1.1223
[12:40:55]   DEEP_8M   anti_neyman s=0.10 seed=0.3 (55ms) valid=100/100 med_qe=1.1399
[12:40:55]   DEEP_8M   anti_neyman s=0.10 seed=0.4 (55ms) valid=100/100 med_qe=1.1131
[12:40:55]   DEEP_8M   anti_neyman s=0.10 seed=0.5 (55ms) valid=100/100 med_qe=1.0990
[12:40:55]   DEEP_8M   anti_neyman s=0.30 seed=0.1 (55ms) valid=100/100 med_qe=1.0511
[12:40:55]   DEEP_8M   anti_neyman s=0.30 seed=0.2 (55ms) valid=100/100 med_qe=1.0588
[12:40:55]   DEEP_8M   anti_neyman s=0.30 seed=0.3 (55ms) valid=100/100 med_qe=1.0548
[12:40:55]   DEEP_8M   anti_neyman s=0.30 seed=0.4 (55ms) valid=100/100 med_qe=1.0599
[12:40:55]   DEEP_8M   anti_neyman s=0.30 seed=0.5 (55ms) valid=100/100 med_qe=1.0475
[12:40:55]   DEEP_8M   anti_neyman s=0.50 seed=0.1 (56ms) valid=100/100 med_qe=1.0360
[12:40:56]   DEEP_8M   anti_neyman s=0.50 seed=0.2 (56ms) valid=100/100 med_qe=1.0349
[12:40:56]   DEEP_8M   anti_neyman s=0.50 seed=0.3 (55ms) valid=100/100 med_qe=1.0320
[12:40:56]   DEEP_8M   anti_neyman s=0.50 seed=0.4 (56ms) valid=100/100 med_qe=1.0336
[12:40:56]   DEEP_8M   anti_neyman s=0.50 seed=0.5 (55ms) valid=100/100 med_qe=1.0349
[12:40:56] DEEP_8M   anti_neyman: total 1.4s

[12:40:56] saved /mnt/hdd0/home/capstone2026/cache/rq1/rq2_alloc_DEEP_8M_5mode.parquet (12500 rows)

=== mean q_error per (dataset × mode × sel) ===
                                    mean     std  median  count
dataset mode         selectivity                               
DEEP_8M anti_neyman  0.01         1.6192  0.6881  1.3446    488
                     0.05         1.2165  0.1878  1.1684    500
                     0.10         1.1416  0.1147  1.1178    500
                     0.30         1.0644  0.0490  1.0547    500
                     0.50         1.0414  0.0312  1.0342    500
        bernoulli    0.01         1.6891  0.7496  1.3627    490
                     0.05         1.2142  0.2471  1.1564    500
                     0.10         1.1379  0.1226  1.1105    500
                     0.30         1.0694  0.0521  1.0577    500
                     0.50         1.0438  0.0357  1.0339    500
        equal        0.01         1.6877  0.9547  1.4102    492
                     0.05         1.1991  0.1815  1.1498    500
                     0.10         1.1369  0.1196  1.1053    500
                     0.30         1.0688  0.0550  1.0570    500
                     0.50         1.0443  0.0344  1.0371    500
        neyman       0.01         1.6488  0.7469  1.3481    489
                     0.05         1.2089  0.2562  1.1461    500
                     0.10         1.1314  0.1128  1.1044    500
                     0.30         1.0649  0.0495  1.0514    500
                     0.50         1.0393  0.0298  1.0336    500
        proportional 0.01         1.6652  0.8087  1.3189    487
                     0.05         1.2083  0.1850  1.1622    500
                     0.10         1.1341  0.1058  1.1144    500
                     0.30         1.0635  0.0517  1.0502    500
                     0.50         1.0415  0.0310  1.0351    500
[12:40:56] total elapsed 8.7s
