[03:52:48] === RQ3 #7-P — PCA-1D Quantile (Hilbert ablation 최상위) ===
[03:52:48] datasets: ['DEEP', 'SIFT'], learn_frac=0.01

[03:52:48] === DEEP (partsupp_deep_10_subset_1m) ===
[03:53:29]   fetched 1,000,000 × 96d (384.0 MB) in 40.6s
[03:53:29]   fitting PCA-1D on 10,000 samples (k=20)
[03:53:29]   learn elapsed: 0.1s, PC1 explained_variance=0.0725
[03:53:30]   PCA-1D quantile bucket sizes: min=46585, max=54517, max/min=1.17
[03:53:30]   stratum sizes (min/mean/max): 46585 / 50000 / 54517
[03:53:30]   loaded 100 queries (dim=96)
[03:53:30]   DEEP           pca1d s=0.01 seed=0.1 (77ms) valid=97/100 med_qe=1.3234
[03:53:30]   DEEP           pca1d s=0.01 seed=0.2 (57ms) valid=96/100 med_qe=1.3419
[03:53:30]   DEEP           pca1d s=0.01 seed=0.3 (56ms) valid=99/100 med_qe=1.2989
[03:53:30]   DEEP           pca1d s=0.01 seed=0.4 (55ms) valid=99/100 med_qe=1.3452
[03:53:30]   DEEP           pca1d s=0.01 seed=0.5 (55ms) valid=99/100 med_qe=1.3000
[03:53:30]   DEEP           pca1d s=0.05 seed=0.1 (55ms) valid=100/100 med_qe=1.1867
[03:53:31]   DEEP           pca1d s=0.05 seed=0.2 (55ms) valid=100/100 med_qe=1.1843
[03:53:31]   DEEP           pca1d s=0.05 seed=0.3 (55ms) valid=100/100 med_qe=1.1719
[03:53:31]   DEEP           pca1d s=0.05 seed=0.4 (54ms) valid=100/100 med_qe=1.1486
[03:53:31]   DEEP           pca1d s=0.05 seed=0.5 (54ms) valid=100/100 med_qe=1.1804
[03:53:31]   DEEP           pca1d s=0.10 seed=0.1 (54ms) valid=100/100 med_qe=1.1038
[03:53:31]   DEEP           pca1d s=0.10 seed=0.2 (54ms) valid=100/100 med_qe=1.0905
[03:53:31]   DEEP           pca1d s=0.10 seed=0.3 (54ms) valid=100/100 med_qe=1.1053
[03:53:31]   DEEP           pca1d s=0.10 seed=0.4 (54ms) valid=100/100 med_qe=1.0997
[03:53:31]   DEEP           pca1d s=0.10 seed=0.5 (54ms) valid=100/100 med_qe=1.0798
[03:53:31]   DEEP           pca1d s=0.30 seed=0.1 (54ms) valid=100/100 med_qe=1.0508
[03:53:31]   DEEP           pca1d s=0.30 seed=0.2 (54ms) valid=100/100 med_qe=1.0484
[03:53:31]   DEEP           pca1d s=0.30 seed=0.3 (54ms) valid=100/100 med_qe=1.0445
[03:53:31]   DEEP           pca1d s=0.30 seed=0.4 (54ms) valid=100/100 med_qe=1.0487
[03:53:31]   DEEP           pca1d s=0.30 seed=0.5 (54ms) valid=100/100 med_qe=1.0457
[03:53:31]   DEEP           pca1d s=0.50 seed=0.1 (54ms) valid=100/100 med_qe=1.0232
[03:53:31]   DEEP           pca1d s=0.50 seed=0.2 (54ms) valid=100/100 med_qe=1.0293
[03:53:31]   DEEP           pca1d s=0.50 seed=0.3 (54ms) valid=100/100 med_qe=1.0252
[03:53:31]   DEEP           pca1d s=0.50 seed=0.4 (54ms) valid=100/100 med_qe=1.0261
[03:53:32]   DEEP           pca1d s=0.50 seed=0.5 (54ms) valid=100/100 med_qe=1.0269
[03:53:32] DEEP           pca1d: total 1.4s

[03:53:32] === SIFT (customer_sift_10_phase7_noidx_subset) ===
[03:54:27]   fetched 1,500,000 × 128d (768.0 MB) in 54.9s
[03:54:27]   fitting PCA-1D on 15,000 samples (k=20)
[03:54:27]   learn elapsed: 0.1s, PC1 explained_variance=0.1271
[03:54:28]   PCA-1D quantile bucket sizes: min=70607, max=80069, max/min=1.13
[03:54:28]   stratum sizes (min/mean/max): 70607 / 75000 / 80069
[03:54:28]   loaded 100 queries (dim=128)
[03:54:28]   SIFT           pca1d s=0.01 seed=0.1 (62ms) valid=98/100 med_qe=1.3260
[03:54:28]   SIFT           pca1d s=0.01 seed=0.2 (57ms) valid=94/100 med_qe=1.3217
[03:54:28]   SIFT           pca1d s=0.01 seed=0.3 (57ms) valid=100/100 med_qe=1.3399
[03:54:28]   SIFT           pca1d s=0.01 seed=0.4 (57ms) valid=95/100 med_qe=1.3172
[03:54:29]   SIFT           pca1d s=0.01 seed=0.5 (58ms) valid=99/100 med_qe=1.4977
[03:54:29]   SIFT           pca1d s=0.05 seed=0.1 (57ms) valid=100/100 med_qe=1.1529
[03:54:29]   SIFT           pca1d s=0.05 seed=0.2 (57ms) valid=100/100 med_qe=1.2037
[03:54:29]   SIFT           pca1d s=0.05 seed=0.3 (57ms) valid=100/100 med_qe=1.1816
[03:54:29]   SIFT           pca1d s=0.05 seed=0.4 (57ms) valid=100/100 med_qe=1.1425
[03:54:29]   SIFT           pca1d s=0.05 seed=0.5 (57ms) valid=100/100 med_qe=1.1780
[03:54:29]   SIFT           pca1d s=0.10 seed=0.1 (57ms) valid=100/100 med_qe=1.0890
[03:54:29]   SIFT           pca1d s=0.10 seed=0.2 (57ms) valid=100/100 med_qe=1.1034
[03:54:29]   SIFT           pca1d s=0.10 seed=0.3 (57ms) valid=100/100 med_qe=1.1090
[03:54:29]   SIFT           pca1d s=0.10 seed=0.4 (57ms) valid=100/100 med_qe=1.0824
[03:54:29]   SIFT           pca1d s=0.10 seed=0.5 (57ms) valid=100/100 med_qe=1.0955
[03:54:29]   SIFT           pca1d s=0.30 seed=0.1 (57ms) valid=100/100 med_qe=1.0575
[03:54:29]   SIFT           pca1d s=0.30 seed=0.2 (57ms) valid=100/100 med_qe=1.0400
[03:54:29]   SIFT           pca1d s=0.30 seed=0.3 (57ms) valid=100/100 med_qe=1.0452
[03:54:29]   SIFT           pca1d s=0.30 seed=0.4 (57ms) valid=100/100 med_qe=1.0438
[03:54:29]   SIFT           pca1d s=0.30 seed=0.5 (57ms) valid=100/100 med_qe=1.0487
[03:54:29]   SIFT           pca1d s=0.50 seed=0.1 (57ms) valid=100/100 med_qe=1.0287
[03:54:29]   SIFT           pca1d s=0.50 seed=0.2 (57ms) valid=100/100 med_qe=1.0244
[03:54:30]   SIFT           pca1d s=0.50 seed=0.3 (57ms) valid=100/100 med_qe=1.0271
[03:54:30]   SIFT           pca1d s=0.50 seed=0.4 (57ms) valid=100/100 med_qe=1.0255
[03:54:30]   SIFT           pca1d s=0.50 seed=0.5 (57ms) valid=100/100 med_qe=1.0262
[03:54:30] SIFT           pca1d: total 1.4s
[03:54:30] saved /mnt/hdd0/home/capstone2026/cache/rq1/rq3_pca1d.parquet (5,000 rows)

=== mean q_error per (dataset × mode × sel) ===
                             mean     std  median  count
dataset mode  selectivity                               
DEEP    pca1d 0.01         1.5861  0.6890  1.3248    490
              0.05         1.2132  0.1886  1.1764    500
              0.10         1.1240  0.1067  1.0963    500
              0.30         1.0584  0.0467  1.0481    500
              0.50         1.0347  0.0297  1.0261    500
SIFT    pca1d 0.01         1.6392  0.7229  1.3285    486
              0.05         1.2143  0.1895  1.1689    500
              0.10         1.1274  0.1121  1.0963    500
              0.30         1.0556  0.0435  1.0471    500
              0.50         1.0326  0.0268  1.0264    500
[03:54:30] saved /mnt/hdd0/home/capstone2026/cache/rq1/rq3_pca1d_meta.json

[03:54:30] total elapsed 101.2s
