[03:51:00] === RQ3 #8b — MiniBatch K-means online (partial_fit) ===
[03:51:00] datasets: ['DEEP', 'SIFT'], chunk_size=1000

[03:51:00] === DEEP (partsupp_deep_10_subset_1m) ===
[03:51:41]   fetched 1,000,000 × 96d (384.0 MB) in 41.1s
[03:51:41]   partial_fit on 10,000 samples (chunk_size=1000, ~10 chunks)
[03:51:44]   learn elapsed: 2.9s, n_chunks=8, shift_decay=0.807, inertia: 1387.2 → 714.7
[03:51:44]   partial_fit cluster sizes: min=27741, max=71356, max/min=2.57
[03:51:44]   stratum sizes (min/mean/max): 27741 / 50000 / 71356
[03:51:44]   loaded 100 queries (dim=96)
[03:51:44]   DEEP minibatch_partial s=0.01 seed=0.1 (71ms) valid=100/100 med_qe=1.4349
[03:51:44]   DEEP minibatch_partial s=0.01 seed=0.2 (55ms) valid=98/100 med_qe=1.3351
[03:51:44]   DEEP minibatch_partial s=0.01 seed=0.3 (58ms) valid=97/100 med_qe=1.4234
[03:51:44]   DEEP minibatch_partial s=0.01 seed=0.4 (54ms) valid=96/100 med_qe=1.3273
[03:51:45]   DEEP minibatch_partial s=0.01 seed=0.5 (55ms) valid=98/100 med_qe=1.4080
[03:51:45]   DEEP minibatch_partial s=0.05 seed=0.1 (56ms) valid=100/100 med_qe=1.1123
[03:51:45]   DEEP minibatch_partial s=0.05 seed=0.2 (56ms) valid=100/100 med_qe=1.1422
[03:51:45]   DEEP minibatch_partial s=0.05 seed=0.3 (56ms) valid=100/100 med_qe=1.1410
[03:51:45]   DEEP minibatch_partial s=0.05 seed=0.4 (56ms) valid=100/100 med_qe=1.1390
[03:51:45]   DEEP minibatch_partial s=0.05 seed=0.5 (55ms) valid=100/100 med_qe=1.1345
[03:51:45]   DEEP minibatch_partial s=0.10 seed=0.1 (55ms) valid=100/100 med_qe=1.0768
[03:51:45]   DEEP minibatch_partial s=0.10 seed=0.2 (55ms) valid=100/100 med_qe=1.0994
[03:51:45]   DEEP minibatch_partial s=0.10 seed=0.3 (55ms) valid=100/100 med_qe=1.1018
[03:51:45]   DEEP minibatch_partial s=0.10 seed=0.4 (55ms) valid=100/100 med_qe=1.0975
[03:51:45]   DEEP minibatch_partial s=0.10 seed=0.5 (54ms) valid=100/100 med_qe=1.1004
[03:51:45]   DEEP minibatch_partial s=0.30 seed=0.1 (54ms) valid=100/100 med_qe=1.0507
[03:51:45]   DEEP minibatch_partial s=0.30 seed=0.2 (55ms) valid=100/100 med_qe=1.0574
[03:51:45]   DEEP minibatch_partial s=0.30 seed=0.3 (54ms) valid=100/100 med_qe=1.0509
[03:51:45]   DEEP minibatch_partial s=0.30 seed=0.4 (55ms) valid=100/100 med_qe=1.0517
[03:51:45]   DEEP minibatch_partial s=0.30 seed=0.5 (54ms) valid=100/100 med_qe=1.0546
[03:51:45]   DEEP minibatch_partial s=0.50 seed=0.1 (55ms) valid=100/100 med_qe=1.0320
[03:51:45]   DEEP minibatch_partial s=0.50 seed=0.2 (54ms) valid=100/100 med_qe=1.0257
[03:51:46]   DEEP minibatch_partial s=0.50 seed=0.3 (55ms) valid=100/100 med_qe=1.0280
[03:51:46]   DEEP minibatch_partial s=0.50 seed=0.4 (54ms) valid=100/100 med_qe=1.0316
[03:51:46]   DEEP minibatch_partial s=0.50 seed=0.5 (55ms) valid=100/100 med_qe=1.0373
[03:51:46] DEEP minibatch_partial: total 1.4s

[03:51:46] === SIFT (customer_sift_10_phase7_noidx_subset) ===
[03:52:43]   fetched 1,500,000 × 128d (768.0 MB) in 57.1s
[03:52:43]   partial_fit on 15,000 samples (chunk_size=1000, ~15 chunks)
[03:52:45]   learn elapsed: 1.7s, n_chunks=13, shift_decay=0.704, inertia: 260391248.0 → 131131024.0
[03:52:45]   partial_fit cluster sizes: min=1037, max=179471, max/min=173.07
[03:52:46]   stratum sizes (min/mean/max): 1037 / 75000 / 179471
[03:52:46]   loaded 100 queries (dim=128)
[03:52:46]   SIFT minibatch_partial s=0.01 seed=0.1 (66ms) valid=97/100 med_qe=1.4316
[03:52:46]   SIFT minibatch_partial s=0.01 seed=0.2 (58ms) valid=95/100 med_qe=1.4372
[03:52:46]   SIFT minibatch_partial s=0.01 seed=0.3 (58ms) valid=91/100 med_qe=1.4459
[03:52:46]   SIFT minibatch_partial s=0.01 seed=0.4 (58ms) valid=94/100 med_qe=1.4147
[03:52:46]   SIFT minibatch_partial s=0.01 seed=0.5 (58ms) valid=94/100 med_qe=1.4652
[03:52:46]   SIFT minibatch_partial s=0.05 seed=0.1 (57ms) valid=100/100 med_qe=1.1302
[03:52:46]   SIFT minibatch_partial s=0.05 seed=0.2 (58ms) valid=100/100 med_qe=1.1600
[03:52:46]   SIFT minibatch_partial s=0.05 seed=0.3 (57ms) valid=100/100 med_qe=1.2009
[03:52:46]   SIFT minibatch_partial s=0.05 seed=0.4 (58ms) valid=100/100 med_qe=1.1322
[03:52:46]   SIFT minibatch_partial s=0.05 seed=0.5 (57ms) valid=100/100 med_qe=1.2244
[03:52:46]   SIFT minibatch_partial s=0.10 seed=0.1 (58ms) valid=100/100 med_qe=1.1013
[03:52:46]   SIFT minibatch_partial s=0.10 seed=0.2 (58ms) valid=100/100 med_qe=1.0940
[03:52:46]   SIFT minibatch_partial s=0.10 seed=0.3 (58ms) valid=100/100 med_qe=1.1218
[03:52:46]   SIFT minibatch_partial s=0.10 seed=0.4 (57ms) valid=100/100 med_qe=1.0855
[03:52:46]   SIFT minibatch_partial s=0.10 seed=0.5 (58ms) valid=100/100 med_qe=1.0817
[03:52:46]   SIFT minibatch_partial s=0.30 seed=0.1 (57ms) valid=100/100 med_qe=1.0405
[03:52:47]   SIFT minibatch_partial s=0.30 seed=0.2 (57ms) valid=100/100 med_qe=1.0417
[03:52:47]   SIFT minibatch_partial s=0.30 seed=0.3 (57ms) valid=100/100 med_qe=1.0442
[03:52:47]   SIFT minibatch_partial s=0.30 seed=0.4 (57ms) valid=100/100 med_qe=1.0389
[03:52:47]   SIFT minibatch_partial s=0.30 seed=0.5 (57ms) valid=100/100 med_qe=1.0355
[03:52:47]   SIFT minibatch_partial s=0.50 seed=0.1 (58ms) valid=100/100 med_qe=1.0209
[03:52:47]   SIFT minibatch_partial s=0.50 seed=0.2 (57ms) valid=100/100 med_qe=1.0269
[03:52:47]   SIFT minibatch_partial s=0.50 seed=0.3 (57ms) valid=100/100 med_qe=1.0281
[03:52:47]   SIFT minibatch_partial s=0.50 seed=0.4 (58ms) valid=100/100 med_qe=1.0223
[03:52:47]   SIFT minibatch_partial s=0.50 seed=0.5 (58ms) valid=100/100 med_qe=1.0283
[03:52:47] SIFT minibatch_partial: total 1.5s
[03:52:47] saved /mnt/hdd0/home/capstone2026/cache/rq1/rq3_minibatch_partial.parquet (5,000 rows)

=== mean q_error per (dataset × mode × sel) ===
                                         mean     std  median  count
dataset mode              selectivity                               
DEEP    minibatch_partial 0.01         1.5942  0.6894  1.3919    489
                          0.05         1.1789  0.1683  1.1361    500
                          0.10         1.1158  0.0942  1.0939    500
                          0.30         1.0590  0.0421  1.0530    500
                          0.50         1.0381  0.0301  1.0300    500
SIFT    minibatch_partial 0.01         1.6831  0.9414  1.4394    471
                          0.05         1.2251  0.2080  1.1624    500
                          0.10         1.1199  0.1064  1.0957    500
                          0.30         1.0517  0.0423  1.0407    500
                          0.50         1.0315  0.0264  1.0251    500
[03:52:47] saved /mnt/hdd0/home/capstone2026/cache/rq1/rq3_minibatch_partial_meta.json

[03:52:47] total elapsed 107.5s
