[04:08:22] === RQ3 #19 — Sobol ===

[04:08:22] === DEEP (partsupp_deep_10_subset_1m) ===
[04:09:03]   fetched 1,000,000 × 96d (384.0 MB) in 40.6s
[04:09:03]   Sobol PCA + sobol point fit on 10,000 samples
[04:09:03]   Sobol fit elapsed: 0.1s
[04:09:04]   Sobol cluster sizes: min=0, max=127766, max/min=127766.00
[04:09:04]   stratum sizes (min/mean/max): 0 / 50000 / 127766
[04:09:04]   loaded 100 queries (dim=96)
[04:09:04]   DEEP           sobol s=0.01 seed=0.1 (76ms) valid=99/100 med_qe=1.4916
[04:09:04]   DEEP           sobol s=0.01 seed=0.2 (56ms) valid=97/100 med_qe=1.6426
[04:09:04]   DEEP           sobol s=0.01 seed=0.3 (55ms) valid=96/100 med_qe=1.5070
[04:09:04]   DEEP           sobol s=0.01 seed=0.4 (55ms) valid=93/100 med_qe=1.4766
[04:09:04]   DEEP           sobol s=0.01 seed=0.5 (54ms) valid=96/100 med_qe=1.4553
[04:09:04]   DEEP           sobol s=0.05 seed=0.1 (55ms) valid=100/100 med_qe=1.2063
[04:09:04]   DEEP           sobol s=0.05 seed=0.2 (56ms) valid=100/100 med_qe=1.1825
[04:09:04]   DEEP           sobol s=0.05 seed=0.3 (55ms) valid=100/100 med_qe=1.1773
[04:09:04]   DEEP           sobol s=0.05 seed=0.4 (55ms) valid=100/100 med_qe=1.1838
[04:09:04]   DEEP           sobol s=0.05 seed=0.5 (54ms) valid=100/100 med_qe=1.1971
[04:09:05]   DEEP           sobol s=0.10 seed=0.1 (54ms) valid=100/100 med_qe=1.1162
[04:09:05]   DEEP           sobol s=0.10 seed=0.2 (54ms) valid=100/100 med_qe=1.1256
[04:09:05]   DEEP           sobol s=0.10 seed=0.3 (54ms) valid=100/100 med_qe=1.1552
[04:09:05]   DEEP           sobol s=0.10 seed=0.4 (54ms) valid=100/100 med_qe=1.1140
[04:09:05]   DEEP           sobol s=0.10 seed=0.5 (54ms) valid=100/100 med_qe=1.1021
[04:09:05]   DEEP           sobol s=0.30 seed=0.1 (54ms) valid=100/100 med_qe=1.0592
[04:09:05]   DEEP           sobol s=0.30 seed=0.2 (54ms) valid=100/100 med_qe=1.0480
[04:09:05]   DEEP           sobol s=0.30 seed=0.3 (54ms) valid=100/100 med_qe=1.0586
[04:09:05]   DEEP           sobol s=0.30 seed=0.4 (54ms) valid=100/100 med_qe=1.0724
[04:09:05]   DEEP           sobol s=0.30 seed=0.5 (54ms) valid=100/100 med_qe=1.0561
[04:09:05]   DEEP           sobol s=0.50 seed=0.1 (54ms) valid=100/100 med_qe=1.0342
[04:09:05]   DEEP           sobol s=0.50 seed=0.2 (54ms) valid=100/100 med_qe=1.0434
[04:09:05]   DEEP           sobol s=0.50 seed=0.3 (54ms) valid=100/100 med_qe=1.0486
[04:09:05]   DEEP           sobol s=0.50 seed=0.4 (54ms) valid=100/100 med_qe=1.0419
[04:09:05]   DEEP           sobol s=0.50 seed=0.5 (54ms) valid=100/100 med_qe=1.0425
[04:09:05] DEEP           sobol: total 1.4s

[04:09:05] === SIFT (customer_sift_10_phase7_noidx_subset) ===
[04:10:01]   fetched 1,500,000 × 128d (768.0 MB) in 55.0s
[04:10:01]   Sobol PCA + sobol point fit on 15,000 samples
[04:10:01]   Sobol fit elapsed: 0.1s
[04:10:02]   Sobol cluster sizes: min=0, max=307470, max/min=307470.00
[04:10:02]   stratum sizes (min/mean/max): 0 / 75000 / 307470
[04:10:02]   loaded 100 queries (dim=128)
[04:10:02]   SIFT           sobol s=0.01 seed=0.1 (37ms) valid=88/100 med_qe=1.8325
[04:10:02]   SIFT           sobol s=0.01 seed=0.2 (31ms) valid=96/100 med_qe=1.6285
[04:10:02]   SIFT           sobol s=0.01 seed=0.3 (30ms) valid=92/100 med_qe=2.0019
[04:10:02]   SIFT           sobol s=0.01 seed=0.4 (30ms) valid=82/100 med_qe=1.6592
[04:10:02]   SIFT           sobol s=0.01 seed=0.5 (30ms) valid=87/100 med_qe=1.5120
[04:10:02]   SIFT           sobol s=0.05 seed=0.1 (30ms) valid=100/100 med_qe=1.2133
[04:10:02]   SIFT           sobol s=0.05 seed=0.2 (30ms) valid=100/100 med_qe=1.2720
[04:10:02]   SIFT           sobol s=0.05 seed=0.3 (30ms) valid=100/100 med_qe=1.2670
[04:10:02]   SIFT           sobol s=0.05 seed=0.4 (29ms) valid=100/100 med_qe=1.3397
[04:10:02]   SIFT           sobol s=0.05 seed=0.5 (29ms) valid=100/100 med_qe=1.2233
[04:10:02]   SIFT           sobol s=0.10 seed=0.1 (29ms) valid=100/100 med_qe=1.1671
[04:10:02]   SIFT           sobol s=0.10 seed=0.2 (29ms) valid=100/100 med_qe=1.1553
[04:10:02]   SIFT           sobol s=0.10 seed=0.3 (29ms) valid=100/100 med_qe=1.1699
[04:10:02]   SIFT           sobol s=0.10 seed=0.4 (29ms) valid=100/100 med_qe=1.1508
[04:10:03]   SIFT           sobol s=0.10 seed=0.5 (30ms) valid=100/100 med_qe=1.1382
[04:10:03]   SIFT           sobol s=0.30 seed=0.1 (30ms) valid=100/100 med_qe=1.0598
[04:10:03]   SIFT           sobol s=0.30 seed=0.2 (29ms) valid=100/100 med_qe=1.0700
[04:10:03]   SIFT           sobol s=0.30 seed=0.3 (29ms) valid=100/100 med_qe=1.0731
[04:10:03]   SIFT           sobol s=0.30 seed=0.4 (29ms) valid=100/100 med_qe=1.0547
[04:10:03]   SIFT           sobol s=0.30 seed=0.5 (29ms) valid=100/100 med_qe=1.0813
[04:10:03]   SIFT           sobol s=0.50 seed=0.1 (29ms) valid=100/100 med_qe=1.0272
[04:10:03]   SIFT           sobol s=0.50 seed=0.2 (29ms) valid=100/100 med_qe=1.0349
[04:10:03]   SIFT           sobol s=0.50 seed=0.3 (29ms) valid=100/100 med_qe=1.0324
[04:10:03]   SIFT           sobol s=0.50 seed=0.4 (29ms) valid=100/100 med_qe=1.0366
[04:10:03]   SIFT           sobol s=0.50 seed=0.5 (29ms) valid=100/100 med_qe=1.0387
[04:10:03] SIFT           sobol: total 0.8s
[04:10:03] saved /mnt/hdd0/home/capstone2026/cache/rq1/rq3_sobol.parquet (5,000 rows)

=== mean q_error per (dataset × mode × sel) ===
                             mean      std  median  count
dataset mode  selectivity                                
DEEP    sobol 0.01         3.3612  28.4903  1.5184    481
              0.05         1.2584   0.2729  1.1901    500
              0.10         1.1608   0.1439  1.1199    500
              0.30         1.0721   0.0608  1.0576    500
              0.50         1.0510   0.0408  1.0414    500
SIFT    sobol 0.01         5.8539  60.2464  1.7048    445
              0.05         1.5348   2.8812  1.2563    500
              0.10         1.2021   0.1876  1.1551    500
              0.30         1.0821   0.0663  1.0648    500
              0.50         1.0434   0.0353  1.0338    500
[04:10:03] saved /mnt/hdd0/home/capstone2026/cache/rq1/rq3_sobol_meta.json

[04:10:03] total elapsed 100.7s
