[03:54:31] === RQ3 #13 — KD-tree Partition ===

[03:54:31] === DEEP (partsupp_deep_10_subset_1m) ===
[03:55:11]   fetched 1,000,000 × 96d (384.0 MB) in 40.1s
[03:55:11]   building KD-tree on 10,000 samples (k=20)
[03:55:11]   build elapsed: 0.0s
[03:55:12]   assign elapsed: 1.3s
[03:55:12]   KD-tree leaf sizes: min=26558, max=64846, max/min=2.44
[03:55:13]   stratum sizes (min/mean/max): 26558 / 50000 / 64846
[03:55:13]   loaded 100 queries (dim=96)
[03:55:13]   DEEP          kdtree s=0.01 seed=0.1 (78ms) valid=98/100 med_qe=1.3893
[03:55:13]   DEEP          kdtree s=0.01 seed=0.2 (57ms) valid=100/100 med_qe=1.4266
[03:55:13]   DEEP          kdtree s=0.01 seed=0.3 (57ms) valid=100/100 med_qe=1.3253
[03:55:13]   DEEP          kdtree s=0.01 seed=0.4 (56ms) valid=99/100 med_qe=1.4297
[03:55:13]   DEEP          kdtree s=0.01 seed=0.5 (56ms) valid=99/100 med_qe=1.5164
[03:55:13]   DEEP          kdtree s=0.05 seed=0.1 (56ms) valid=100/100 med_qe=1.1279
[03:55:13]   DEEP          kdtree s=0.05 seed=0.2 (56ms) valid=100/100 med_qe=1.1755
[03:55:13]   DEEP          kdtree s=0.05 seed=0.3 (56ms) valid=100/100 med_qe=1.1474
[03:55:13]   DEEP          kdtree s=0.05 seed=0.4 (55ms) valid=100/100 med_qe=1.1719
[03:55:13]   DEEP          kdtree s=0.05 seed=0.5 (55ms) valid=100/100 med_qe=1.1700
[03:55:13]   DEEP          kdtree s=0.10 seed=0.1 (56ms) valid=100/100 med_qe=1.0859
[03:55:13]   DEEP          kdtree s=0.10 seed=0.2 (56ms) valid=100/100 med_qe=1.1061
[03:55:13]   DEEP          kdtree s=0.10 seed=0.3 (56ms) valid=100/100 med_qe=1.1051
[03:55:13]   DEEP          kdtree s=0.10 seed=0.4 (57ms) valid=100/100 med_qe=1.1050
[03:55:13]   DEEP          kdtree s=0.10 seed=0.5 (55ms) valid=100/100 med_qe=1.1047
[03:55:13]   DEEP          kdtree s=0.30 seed=0.1 (56ms) valid=100/100 med_qe=1.0414
[03:55:14]   DEEP          kdtree s=0.30 seed=0.2 (56ms) valid=100/100 med_qe=1.0574
[03:55:14]   DEEP          kdtree s=0.30 seed=0.3 (56ms) valid=100/100 med_qe=1.0670
[03:55:14]   DEEP          kdtree s=0.30 seed=0.4 (56ms) valid=100/100 med_qe=1.0471
[03:55:14]   DEEP          kdtree s=0.30 seed=0.5 (55ms) valid=100/100 med_qe=1.0641
[03:55:14]   DEEP          kdtree s=0.50 seed=0.1 (55ms) valid=100/100 med_qe=1.0327
[03:55:14]   DEEP          kdtree s=0.50 seed=0.2 (55ms) valid=100/100 med_qe=1.0384
[03:55:14]   DEEP          kdtree s=0.50 seed=0.3 (55ms) valid=100/100 med_qe=1.0354
[03:55:14]   DEEP          kdtree s=0.50 seed=0.4 (54ms) valid=100/100 med_qe=1.0345
[03:55:14]   DEEP          kdtree s=0.50 seed=0.5 (54ms) valid=100/100 med_qe=1.0315
[03:55:14] DEEP          kdtree: total 1.4s

[03:55:14] === SIFT (customer_sift_10_phase7_noidx_subset) ===
[03:56:08]   fetched 1,500,000 × 128d (768.0 MB) in 54.0s
[03:56:08]   building KD-tree on 15,000 samples (k=20)
[03:56:08]   build elapsed: 0.0s
[03:56:10]   assign elapsed: 2.0s
[03:56:10]   KD-tree leaf sizes: min=45407, max=96869, max/min=2.13
[03:56:11]   stratum sizes (min/mean/max): 45407 / 75000 / 96869
[03:56:11]   loaded 100 queries (dim=128)
[03:56:11]   SIFT          kdtree s=0.01 seed=0.1 (60ms) valid=98/100 med_qe=1.4888
[03:56:11]   SIFT          kdtree s=0.01 seed=0.2 (47ms) valid=97/100 med_qe=1.4914
[03:56:11]   SIFT          kdtree s=0.01 seed=0.3 (39ms) valid=97/100 med_qe=1.4711
[03:56:11]   SIFT          kdtree s=0.01 seed=0.4 (33ms) valid=97/100 med_qe=1.4343
[03:56:11]   SIFT          kdtree s=0.01 seed=0.5 (29ms) valid=100/100 med_qe=1.3385
[03:56:11]   SIFT          kdtree s=0.05 seed=0.1 (29ms) valid=100/100 med_qe=1.1904
[03:56:11]   SIFT          kdtree s=0.05 seed=0.2 (29ms) valid=100/100 med_qe=1.1497
[03:56:11]   SIFT          kdtree s=0.05 seed=0.3 (29ms) valid=100/100 med_qe=1.1383
[03:56:11]   SIFT          kdtree s=0.05 seed=0.4 (29ms) valid=100/100 med_qe=1.1701
[03:56:11]   SIFT          kdtree s=0.05 seed=0.5 (29ms) valid=100/100 med_qe=1.1354
[03:56:11]   SIFT          kdtree s=0.10 seed=0.1 (29ms) valid=100/100 med_qe=1.1019
[03:56:11]   SIFT          kdtree s=0.10 seed=0.2 (29ms) valid=100/100 med_qe=1.0860
[03:56:11]   SIFT          kdtree s=0.10 seed=0.3 (29ms) valid=100/100 med_qe=1.0900
[03:56:11]   SIFT          kdtree s=0.10 seed=0.4 (29ms) valid=100/100 med_qe=1.1015
[03:56:11]   SIFT          kdtree s=0.10 seed=0.5 (29ms) valid=100/100 med_qe=1.1060
[03:56:11]   SIFT          kdtree s=0.30 seed=0.1 (29ms) valid=100/100 med_qe=1.0446
[03:56:11]   SIFT          kdtree s=0.30 seed=0.2 (29ms) valid=100/100 med_qe=1.0422
[03:56:11]   SIFT          kdtree s=0.30 seed=0.3 (29ms) valid=100/100 med_qe=1.0466
[03:56:11]   SIFT          kdtree s=0.30 seed=0.4 (29ms) valid=100/100 med_qe=1.0397
[03:56:11]   SIFT          kdtree s=0.30 seed=0.5 (29ms) valid=100/100 med_qe=1.0464
[03:56:11]   SIFT          kdtree s=0.50 seed=0.1 (29ms) valid=100/100 med_qe=1.0269
[03:56:11]   SIFT          kdtree s=0.50 seed=0.2 (29ms) valid=100/100 med_qe=1.0260
[03:56:11]   SIFT          kdtree s=0.50 seed=0.3 (29ms) valid=100/100 med_qe=1.0270
[03:56:11]   SIFT          kdtree s=0.50 seed=0.4 (29ms) valid=100/100 med_qe=1.0245
[03:56:11]   SIFT          kdtree s=0.50 seed=0.5 (29ms) valid=100/100 med_qe=1.0256
[03:56:11] SIFT          kdtree: total 0.8s
[03:56:11] saved /mnt/hdd0/home/capstone2026/cache/rq1/rq3_kdtree.parquet (5,000 rows)

=== mean q_error per (dataset × mode × sel) ===
                              mean     std  median  count
dataset mode   selectivity                               
DEEP    kdtree 0.01         1.7136  0.9768  1.4284    496
               0.05         1.2189  0.2150  1.1630    500
               0.10         1.1341  0.1216  1.1043    500
               0.30         1.0671  0.0521  1.0562    500
               0.50         1.0401  0.0306  1.0346    500
SIFT    kdtree 0.01         1.6364  0.7517  1.4621    489
               0.05         1.2087  0.2040  1.1518    500
               0.10         1.1216  0.1043  1.0973    500
               0.30         1.0522  0.0405  1.0443    500
               0.50         1.0313  0.0242  1.0262    500
[03:56:11] saved /mnt/hdd0/home/capstone2026/cache/rq1/rq3_kdtree_meta.json

[03:56:11] total elapsed 100.8s
