[04:00:08] === RQ3 #16 — BIRCH ===

[04:00:08] === DEEP (partsupp_deep_10_subset_1m) ===
[04:00:50]   fetched 1,000,000 × 96d (384.0 MB) in 41.2s
[04:00:50]   BIRCH fit on 10,000 samples (k=20, threshold=0.5)
[04:00:53]   BIRCH fit elapsed: 3.6s
[04:00:55]   BIRCH cluster sizes: min=23387, max=106758, max/min=4.56
[04:00:55]   stratum sizes (min/mean/max): 23387 / 50000 / 106758
[04:00:55]   loaded 100 queries (dim=96)
[04:00:55]   DEEP           birch s=0.01 seed=0.1 (72ms) valid=98/100 med_qe=1.4599
[04:00:55]   DEEP           birch s=0.01 seed=0.2 (56ms) valid=96/100 med_qe=1.5368
[04:00:55]   DEEP           birch s=0.01 seed=0.3 (56ms) valid=95/100 med_qe=1.5589
[04:00:55]   DEEP           birch s=0.01 seed=0.4 (56ms) valid=98/100 med_qe=1.4802
[04:00:55]   DEEP           birch s=0.01 seed=0.5 (56ms) valid=97/100 med_qe=1.3165
[04:00:55]   DEEP           birch s=0.05 seed=0.1 (55ms) valid=100/100 med_qe=1.1569
[04:00:55]   DEEP           birch s=0.05 seed=0.2 (56ms) valid=100/100 med_qe=1.1542
[04:00:55]   DEEP           birch s=0.05 seed=0.3 (55ms) valid=100/100 med_qe=1.1538
[04:00:56]   DEEP           birch s=0.05 seed=0.4 (56ms) valid=100/100 med_qe=1.1372
[04:00:56]   DEEP           birch s=0.05 seed=0.5 (55ms) valid=100/100 med_qe=1.1335
[04:00:56]   DEEP           birch s=0.10 seed=0.1 (56ms) valid=100/100 med_qe=1.1167
[04:00:56]   DEEP           birch s=0.10 seed=0.2 (56ms) valid=100/100 med_qe=1.0888
[04:00:56]   DEEP           birch s=0.10 seed=0.3 (55ms) valid=100/100 med_qe=1.1062
[04:00:56]   DEEP           birch s=0.10 seed=0.4 (57ms) valid=100/100 med_qe=1.1080
[04:00:56]   DEEP           birch s=0.10 seed=0.5 (55ms) valid=100/100 med_qe=1.0966
[04:00:56]   DEEP           birch s=0.30 seed=0.1 (56ms) valid=100/100 med_qe=1.0597
[04:00:56]   DEEP           birch s=0.30 seed=0.2 (55ms) valid=100/100 med_qe=1.0452
[04:00:56]   DEEP           birch s=0.30 seed=0.3 (56ms) valid=100/100 med_qe=1.0561
[04:00:56]   DEEP           birch s=0.30 seed=0.4 (55ms) valid=100/100 med_qe=1.0502
[04:00:56]   DEEP           birch s=0.30 seed=0.5 (55ms) valid=100/100 med_qe=1.0496
[04:00:56]   DEEP           birch s=0.50 seed=0.1 (57ms) valid=100/100 med_qe=1.0320
[04:00:56]   DEEP           birch s=0.50 seed=0.2 (56ms) valid=100/100 med_qe=1.0371
[04:00:56]   DEEP           birch s=0.50 seed=0.3 (57ms) valid=100/100 med_qe=1.0348
[04:00:56]   DEEP           birch s=0.50 seed=0.4 (56ms) valid=100/100 med_qe=1.0337
[04:00:56]   DEEP           birch s=0.50 seed=0.5 (57ms) valid=100/100 med_qe=1.0351
[04:00:56] DEEP           birch: total 1.4s

[04:00:56] === SIFT (customer_sift_10_phase7_noidx_subset) ===
[04:01:53]   fetched 1,500,000 × 128d (768.0 MB) in 56.5s
[04:01:53]   BIRCH fit on 15,000 samples (k=20, threshold=0.5)
[04:02:11]   BIRCH fit elapsed: 17.4s
[04:02:16]   BIRCH cluster sizes: min=15033, max=230123, max/min=15.31
[04:02:16]   stratum sizes (min/mean/max): 15033 / 75000 / 230123
[04:02:16]   loaded 100 queries (dim=128)
[04:02:17]   SIFT           birch s=0.01 seed=0.1 (70ms) valid=97/100 med_qe=1.4288
[04:02:17]   SIFT           birch s=0.01 seed=0.2 (63ms) valid=94/100 med_qe=1.3872
[04:02:17]   SIFT           birch s=0.01 seed=0.3 (57ms) valid=97/100 med_qe=1.4385
[04:02:17]   SIFT           birch s=0.01 seed=0.4 (56ms) valid=96/100 med_qe=1.5451
[04:02:17]   SIFT           birch s=0.01 seed=0.5 (56ms) valid=99/100 med_qe=1.3761
[04:02:17]   SIFT           birch s=0.05 seed=0.1 (57ms) valid=100/100 med_qe=1.1670
[04:02:17]   SIFT           birch s=0.05 seed=0.2 (56ms) valid=100/100 med_qe=1.1822
[04:02:17]   SIFT           birch s=0.05 seed=0.3 (56ms) valid=100/100 med_qe=1.1687
[04:02:17]   SIFT           birch s=0.05 seed=0.4 (56ms) valid=100/100 med_qe=1.1793
[04:02:17]   SIFT           birch s=0.05 seed=0.5 (56ms) valid=100/100 med_qe=1.1676
[04:02:17]   SIFT           birch s=0.10 seed=0.1 (56ms) valid=100/100 med_qe=1.1105
[04:02:17]   SIFT           birch s=0.10 seed=0.2 (57ms) valid=100/100 med_qe=1.1098
[04:02:17]   SIFT           birch s=0.10 seed=0.3 (57ms) valid=100/100 med_qe=1.0971
[04:02:17]   SIFT           birch s=0.10 seed=0.4 (57ms) valid=100/100 med_qe=1.1067
[04:02:17]   SIFT           birch s=0.10 seed=0.5 (57ms) valid=100/100 med_qe=1.0939
[04:02:17]   SIFT           birch s=0.30 seed=0.1 (57ms) valid=100/100 med_qe=1.0468
[04:02:17]   SIFT           birch s=0.30 seed=0.2 (57ms) valid=100/100 med_qe=1.0491
[04:02:17]   SIFT           birch s=0.30 seed=0.3 (56ms) valid=100/100 med_qe=1.0513
[04:02:18]   SIFT           birch s=0.30 seed=0.4 (57ms) valid=100/100 med_qe=1.0430
[04:02:18]   SIFT           birch s=0.30 seed=0.5 (56ms) valid=100/100 med_qe=1.0639
[04:02:18]   SIFT           birch s=0.50 seed=0.1 (57ms) valid=100/100 med_qe=1.0276
[04:02:18]   SIFT           birch s=0.50 seed=0.2 (57ms) valid=100/100 med_qe=1.0288
[04:02:18]   SIFT           birch s=0.50 seed=0.3 (57ms) valid=100/100 med_qe=1.0318
[04:02:18]   SIFT           birch s=0.50 seed=0.4 (57ms) valid=100/100 med_qe=1.0235
[04:02:18]   SIFT           birch s=0.50 seed=0.5 (57ms) valid=100/100 med_qe=1.0325
[04:02:18] SIFT           birch: total 1.4s
[04:02:18] saved /mnt/hdd0/home/capstone2026/cache/rq1/rq3_birch.parquet (5,000 rows)

=== mean q_error per (dataset × mode × sel) ===
                             mean     std  median  count
dataset mode  selectivity                               
DEEP    birch 0.01         1.7719  1.0168  1.4790    484
              0.05         1.2044  0.1903  1.1449    500
              0.10         1.1298  0.1114  1.1023    500
              0.30         1.0629  0.0518  1.0515    500
              0.50         1.0415  0.0332  1.0337    500
SIFT    birch 0.01         1.8170  1.3501  1.4322    483
              0.05         1.2471  0.2797  1.1735    500
              0.10         1.1393  0.1308  1.1034    500
              0.30         1.0633  0.0518  1.0491    500
              0.50         1.0351  0.0284  1.0281    500
[04:02:18] saved /mnt/hdd0/home/capstone2026/cache/rq1/rq3_birch_meta.json

[04:02:18] total elapsed 129.8s
