[04:04:02] === RQ3 #18 — GMM (diag) ===

[04:04:02] === DEEP (partsupp_deep_10_subset_1m) ===
[04:04:43]   fetched 1,000,000 × 96d (384.0 MB) in 40.5s
[04:04:43]   GMM fit on 10,000 samples (k=20, cov=diag)
[04:04:44]   GMM fit elapsed: 0.8s
[04:04:44]   GMM cluster sizes: min=20630, max=151694, max/min=7.35
[04:04:44]   stratum sizes (min/mean/max): 20630 / 50000 / 151694
[04:04:44]   loaded 100 queries (dim=96)
[04:04:44]   DEEP             gmm s=0.01 seed=0.1 (65ms) valid=98/100 med_qe=1.3723
[04:04:44]   DEEP             gmm s=0.01 seed=0.2 (54ms) valid=96/100 med_qe=1.4737
[04:04:45]   DEEP             gmm s=0.01 seed=0.3 (54ms) valid=98/100 med_qe=1.3684
[04:04:45]   DEEP             gmm s=0.01 seed=0.4 (54ms) valid=99/100 med_qe=1.3436
[04:04:45]   DEEP             gmm s=0.01 seed=0.5 (55ms) valid=97/100 med_qe=1.3373
[04:04:45]   DEEP             gmm s=0.05 seed=0.1 (55ms) valid=100/100 med_qe=1.1778
[04:04:45]   DEEP             gmm s=0.05 seed=0.2 (55ms) valid=100/100 med_qe=1.1135
[04:04:45]   DEEP             gmm s=0.05 seed=0.3 (55ms) valid=100/100 med_qe=1.1285
[04:04:45]   DEEP             gmm s=0.05 seed=0.4 (55ms) valid=100/100 med_qe=1.1436
[04:04:45]   DEEP             gmm s=0.05 seed=0.5 (55ms) valid=100/100 med_qe=1.1042
[04:04:45]   DEEP             gmm s=0.10 seed=0.1 (54ms) valid=100/100 med_qe=1.0957
[04:04:45]   DEEP             gmm s=0.10 seed=0.2 (54ms) valid=100/100 med_qe=1.1026
[04:04:45]   DEEP             gmm s=0.10 seed=0.3 (54ms) valid=100/100 med_qe=1.0972
[04:04:45]   DEEP             gmm s=0.10 seed=0.4 (54ms) valid=100/100 med_qe=1.0947
[04:04:45]   DEEP             gmm s=0.10 seed=0.5 (54ms) valid=100/100 med_qe=1.0873
[04:04:45]   DEEP             gmm s=0.30 seed=0.1 (54ms) valid=100/100 med_qe=1.0495
[04:04:45]   DEEP             gmm s=0.30 seed=0.2 (53ms) valid=100/100 med_qe=1.0556
[04:04:45]   DEEP             gmm s=0.30 seed=0.3 (54ms) valid=100/100 med_qe=1.0534
[04:04:45]   DEEP             gmm s=0.30 seed=0.4 (54ms) valid=100/100 med_qe=1.0533
[04:04:45]   DEEP             gmm s=0.30 seed=0.5 (54ms) valid=100/100 med_qe=1.0606
[04:04:45]   DEEP             gmm s=0.50 seed=0.1 (54ms) valid=100/100 med_qe=1.0397
[04:04:46]   DEEP             gmm s=0.50 seed=0.2 (54ms) valid=100/100 med_qe=1.0400
[04:04:46]   DEEP             gmm s=0.50 seed=0.3 (54ms) valid=100/100 med_qe=1.0414
[04:04:46]   DEEP             gmm s=0.50 seed=0.4 (54ms) valid=100/100 med_qe=1.0352
[04:04:46]   DEEP             gmm s=0.50 seed=0.5 (54ms) valid=100/100 med_qe=1.0427
[04:04:46] DEEP             gmm: total 1.4s

[04:04:46] === SIFT (customer_sift_10_phase7_noidx_subset) ===
[04:05:42]   fetched 1,500,000 × 128d (768.0 MB) in 56.3s
[04:05:42]   GMM fit on 15,000 samples (k=20, cov=diag)
[04:05:46]   GMM fit elapsed: 3.2s
[04:05:47]   GMM cluster sizes: min=24235, max=128632, max/min=5.31
[04:05:47]   stratum sizes (min/mean/max): 24235 / 75000 / 128632
[04:05:47]   loaded 100 queries (dim=128)
[04:05:47]   SIFT             gmm s=0.01 seed=0.1 (62ms) valid=98/100 med_qe=1.4150
[04:05:47]   SIFT             gmm s=0.01 seed=0.2 (56ms) valid=98/100 med_qe=1.4360
[04:05:47]   SIFT             gmm s=0.01 seed=0.3 (56ms) valid=99/100 med_qe=1.4526
[04:05:47]   SIFT             gmm s=0.01 seed=0.4 (56ms) valid=98/100 med_qe=1.4150
[04:05:47]   SIFT             gmm s=0.01 seed=0.5 (57ms) valid=100/100 med_qe=1.4425
[04:05:47]   SIFT             gmm s=0.05 seed=0.1 (57ms) valid=100/100 med_qe=1.1698
[04:05:47]   SIFT             gmm s=0.05 seed=0.2 (57ms) valid=100/100 med_qe=1.1649
[04:05:48]   SIFT             gmm s=0.05 seed=0.3 (57ms) valid=100/100 med_qe=1.1672
[04:05:48]   SIFT             gmm s=0.05 seed=0.4 (57ms) valid=100/100 med_qe=1.1303
[04:05:48]   SIFT             gmm s=0.05 seed=0.5 (57ms) valid=100/100 med_qe=1.1501
[04:05:48]   SIFT             gmm s=0.10 seed=0.1 (57ms) valid=100/100 med_qe=1.0927
[04:05:48]   SIFT             gmm s=0.10 seed=0.2 (56ms) valid=100/100 med_qe=1.1315
[04:05:48]   SIFT             gmm s=0.10 seed=0.3 (56ms) valid=100/100 med_qe=1.1175
[04:05:48]   SIFT             gmm s=0.10 seed=0.4 (56ms) valid=100/100 med_qe=1.0995
[04:05:48]   SIFT             gmm s=0.10 seed=0.5 (56ms) valid=100/100 med_qe=1.0942
[04:05:48]   SIFT             gmm s=0.30 seed=0.1 (56ms) valid=100/100 med_qe=1.0491
[04:05:48]   SIFT             gmm s=0.30 seed=0.2 (56ms) valid=100/100 med_qe=1.0543
[04:05:48]   SIFT             gmm s=0.30 seed=0.3 (57ms) valid=100/100 med_qe=1.0418
[04:05:48]   SIFT             gmm s=0.30 seed=0.4 (56ms) valid=100/100 med_qe=1.0556
[04:05:48]   SIFT             gmm s=0.30 seed=0.5 (56ms) valid=100/100 med_qe=1.0531
[04:05:48]   SIFT             gmm s=0.50 seed=0.1 (56ms) valid=100/100 med_qe=1.0287
[04:05:48]   SIFT             gmm s=0.50 seed=0.2 (57ms) valid=100/100 med_qe=1.0273
[04:05:48]   SIFT             gmm s=0.50 seed=0.3 (56ms) valid=100/100 med_qe=1.0255
[04:05:48]   SIFT             gmm s=0.50 seed=0.4 (56ms) valid=100/100 med_qe=1.0276
[04:05:48]   SIFT             gmm s=0.50 seed=0.5 (56ms) valid=100/100 med_qe=1.0270
[04:05:48] SIFT             gmm: total 1.4s
[04:05:48] saved /mnt/hdd0/home/capstone2026/cache/rq1/rq3_gmm.parquet (5,000 rows)

=== mean q_error per (dataset × mode × sel) ===
                            mean     std  median  count
dataset mode selectivity                               
DEEP    gmm  0.01         1.6313  0.8275  1.3689    488
             0.05         1.1863  0.1696  1.1303    500
             0.10         1.1247  0.1101  1.0952    500
             0.30         1.0643  0.0495  1.0539    500
             0.50         1.0435  0.0322  1.0401    500
SIFT    gmm  0.01         1.6608  0.8087  1.4335    493
             0.05         1.2002  0.1769  1.1570    500
             0.10         1.1229  0.0967  1.1073    500
             0.30         1.0580  0.0435  1.0523    500
             0.50         1.0339  0.0274  1.0271    500
[04:05:49] saved /mnt/hdd0/home/capstone2026/cache/rq1/rq3_gmm_meta.json

[04:05:49] total elapsed 106.4s
