[04:10:04] === RQ3 #20 — Sparse Random Projection ===
[04:10:04] datasets: ['DEEP', 'SIFT'], proj_seed=42

[04:10:04] === DEEP (partsupp_deep_10_subset_1m) ===
[04:10:45]   fetched 1,000,000 × 96d (384.0 MB) in 40.9s
[04:10:45]   SparseRP bin sizes: min=50000, max=50000, max/min=1.00
[04:10:46]   stratum sizes (min/mean/max): 50000 / 50000 / 50000
[04:10:46]   loaded 100 queries (dim=96)
[04:10:46]   DEEP       sparse_rp s=0.01 seed=0.1 (78ms) valid=95/100 med_qe=1.3158
[04:10:46]   DEEP       sparse_rp s=0.01 seed=0.2 (56ms) valid=97/100 med_qe=1.3026
[04:10:46]   DEEP       sparse_rp s=0.01 seed=0.3 (54ms) valid=97/100 med_qe=1.3158
[04:10:46]   DEEP       sparse_rp s=0.01 seed=0.4 (55ms) valid=96/100 med_qe=1.2961
[04:10:46]   DEEP       sparse_rp s=0.01 seed=0.5 (55ms) valid=98/100 med_qe=1.3103
[04:10:46]   DEEP       sparse_rp s=0.05 seed=0.1 (55ms) valid=100/100 med_qe=1.1842
[04:10:46]   DEEP       sparse_rp s=0.05 seed=0.2 (54ms) valid=100/100 med_qe=1.1494
[04:10:46]   DEEP       sparse_rp s=0.05 seed=0.3 (55ms) valid=100/100 med_qe=1.1912
[04:10:46]   DEEP       sparse_rp s=0.05 seed=0.4 (55ms) valid=100/100 med_qe=1.1622
[04:10:46]   DEEP       sparse_rp s=0.05 seed=0.5 (55ms) valid=100/100 med_qe=1.1671
[04:10:46]   DEEP       sparse_rp s=0.10 seed=0.1 (54ms) valid=100/100 med_qe=1.1197
[04:10:46]   DEEP       sparse_rp s=0.10 seed=0.2 (55ms) valid=100/100 med_qe=1.1023
[04:10:46]   DEEP       sparse_rp s=0.10 seed=0.3 (54ms) valid=100/100 med_qe=1.1111
[04:10:46]   DEEP       sparse_rp s=0.10 seed=0.4 (55ms) valid=100/100 med_qe=1.1171
[04:10:47]   DEEP       sparse_rp s=0.10 seed=0.5 (54ms) valid=100/100 med_qe=1.1217
[04:10:47]   DEEP       sparse_rp s=0.30 seed=0.1 (54ms) valid=100/100 med_qe=1.0679
[04:10:47]   DEEP       sparse_rp s=0.30 seed=0.2 (54ms) valid=100/100 med_qe=1.0524
[04:10:47]   DEEP       sparse_rp s=0.30 seed=0.3 (54ms) valid=100/100 med_qe=1.0456
[04:10:47]   DEEP       sparse_rp s=0.30 seed=0.4 (55ms) valid=100/100 med_qe=1.0528
[04:10:47]   DEEP       sparse_rp s=0.30 seed=0.5 (55ms) valid=100/100 med_qe=1.0612
[04:10:47]   DEEP       sparse_rp s=0.50 seed=0.1 (54ms) valid=100/100 med_qe=1.0389
[04:10:47]   DEEP       sparse_rp s=0.50 seed=0.2 (54ms) valid=100/100 med_qe=1.0396
[04:10:47]   DEEP       sparse_rp s=0.50 seed=0.3 (54ms) valid=100/100 med_qe=1.0383
[04:10:47]   DEEP       sparse_rp s=0.50 seed=0.4 (54ms) valid=100/100 med_qe=1.0322
[04:10:47]   DEEP       sparse_rp s=0.50 seed=0.5 (54ms) valid=100/100 med_qe=1.0335
[04:10:47] DEEP       sparse_rp: total 1.4s

[04:10:47] === SIFT (customer_sift_10_phase7_noidx_subset) ===
[04:11:43]   fetched 1,500,000 × 128d (768.0 MB) in 55.0s
[04:11:43]   SparseRP bin sizes: min=72210, max=77720, max/min=1.08
[04:11:43]   stratum sizes (min/mean/max): 72210 / 75000 / 77720
[04:11:43]   loaded 100 queries (dim=128)
[04:11:43]   SIFT       sparse_rp s=0.01 seed=0.1 (66ms) valid=95/100 med_qe=1.2974
[04:11:43]   SIFT       sparse_rp s=0.01 seed=0.2 (56ms) valid=98/100 med_qe=1.3236
[04:11:43]   SIFT       sparse_rp s=0.01 seed=0.3 (46ms) valid=94/100 med_qe=1.3498
[04:11:43]   SIFT       sparse_rp s=0.01 seed=0.4 (38ms) valid=98/100 med_qe=1.2966
[04:11:43]   SIFT       sparse_rp s=0.01 seed=0.5 (32ms) valid=96/100 med_qe=1.4331
[04:11:43]   SIFT       sparse_rp s=0.05 seed=0.1 (29ms) valid=100/100 med_qe=1.1514
[04:11:43]   SIFT       sparse_rp s=0.05 seed=0.2 (29ms) valid=100/100 med_qe=1.1541
[04:11:43]   SIFT       sparse_rp s=0.05 seed=0.3 (29ms) valid=100/100 med_qe=1.1787
[04:11:43]   SIFT       sparse_rp s=0.05 seed=0.4 (29ms) valid=100/100 med_qe=1.1546
[04:11:44]   SIFT       sparse_rp s=0.05 seed=0.5 (29ms) valid=100/100 med_qe=1.1317
[04:11:44]   SIFT       sparse_rp s=0.10 seed=0.1 (29ms) valid=100/100 med_qe=1.1167
[04:11:44]   SIFT       sparse_rp s=0.10 seed=0.2 (29ms) valid=100/100 med_qe=1.0973
[04:11:44]   SIFT       sparse_rp s=0.10 seed=0.3 (29ms) valid=100/100 med_qe=1.0932
[04:11:44]   SIFT       sparse_rp s=0.10 seed=0.4 (29ms) valid=100/100 med_qe=1.0756
[04:11:44]   SIFT       sparse_rp s=0.10 seed=0.5 (29ms) valid=100/100 med_qe=1.1175
[04:11:44]   SIFT       sparse_rp s=0.30 seed=0.1 (29ms) valid=100/100 med_qe=1.0599
[04:11:44]   SIFT       sparse_rp s=0.30 seed=0.2 (29ms) valid=100/100 med_qe=1.0512
[04:11:44]   SIFT       sparse_rp s=0.30 seed=0.3 (29ms) valid=100/100 med_qe=1.0514
[04:11:44]   SIFT       sparse_rp s=0.30 seed=0.4 (29ms) valid=100/100 med_qe=1.0534
[04:11:44]   SIFT       sparse_rp s=0.30 seed=0.5 (29ms) valid=100/100 med_qe=1.0635
[04:11:44]   SIFT       sparse_rp s=0.50 seed=0.1 (30ms) valid=100/100 med_qe=1.0320
[04:11:44]   SIFT       sparse_rp s=0.50 seed=0.2 (29ms) valid=100/100 med_qe=1.0366
[04:11:44]   SIFT       sparse_rp s=0.50 seed=0.3 (29ms) valid=100/100 med_qe=1.0361
[04:11:44]   SIFT       sparse_rp s=0.50 seed=0.4 (29ms) valid=100/100 med_qe=1.0432
[04:11:44]   SIFT       sparse_rp s=0.50 seed=0.5 (29ms) valid=100/100 med_qe=1.0407
[04:11:44] SIFT       sparse_rp: total 0.8s
[04:11:44] saved /mnt/hdd0/home/capstone2026/cache/rq1/rq3_sparse_rp.parquet (5,000 rows)

=== mean q_error per (dataset × mode × sel) ===
                                 mean     std  median  count
dataset mode      selectivity                               
DEEP    sparse_rp 0.01         1.6004  0.7057  1.3103    483
                  0.05         1.2093  0.1778  1.1776    500
                  0.10         1.1434  0.1241  1.1159    500
                  0.30         1.0688  0.0554  1.0582    500
                  0.50         1.0446  0.0349  1.0366    500
SIFT    sparse_rp 0.01         1.6594  0.7712  1.3186    481
                  0.05         1.2055  0.1891  1.1483    500
                  0.10         1.1264  0.1043  1.0990    500
                  0.30         1.0690  0.0546  1.0574    500
                  0.50         1.0438  0.0339  1.0375    500
[04:11:44] saved /mnt/hdd0/home/capstone2026/cache/rq1/rq3_sparse_rp_meta.json

[04:11:44] total elapsed 99.9s
