[04:05:50] === RQ3 #17 — HDBSCAN ===

[04:05:50] === DEEP (partsupp_deep_10_subset_1m) ===
[04:06:31]   fetched 1,000,000 × 96d (384.0 MB) in 40.5s
[04:06:31]   HDBSCAN fit on 10,000 samples (k=20, min_cluster=50)
[04:06:48]   HDBSCAN fit elapsed: 17.0s
[04:06:48]   HDBSCAN cluster sizes: min=23133, max=82434, max/min=3.56
[04:06:48]   stratum sizes (min/mean/max): 23133 / 50000 / 82434
[04:06:48]   loaded 100 queries (dim=96)
[04:06:48]   DEEP         hdbscan s=0.01 seed=0.1 (64ms) valid=97/100 med_qe=1.3999
[04:06:48]   DEEP         hdbscan s=0.01 seed=0.2 (55ms) valid=98/100 med_qe=1.3554
[04:06:48]   DEEP         hdbscan s=0.01 seed=0.3 (54ms) valid=97/100 med_qe=1.4752
[04:06:48]   DEEP         hdbscan s=0.01 seed=0.4 (54ms) valid=95/100 med_qe=1.3754
[04:06:49]   DEEP         hdbscan s=0.01 seed=0.5 (54ms) valid=97/100 med_qe=1.3839
[04:06:49]   DEEP         hdbscan s=0.05 seed=0.1 (55ms) valid=100/100 med_qe=1.1616
[04:06:49]   DEEP         hdbscan s=0.05 seed=0.2 (55ms) valid=100/100 med_qe=1.1135
[04:06:49]   DEEP         hdbscan s=0.05 seed=0.3 (55ms) valid=100/100 med_qe=1.1312
[04:06:49]   DEEP         hdbscan s=0.05 seed=0.4 (55ms) valid=100/100 med_qe=1.1441
[04:06:49]   DEEP         hdbscan s=0.05 seed=0.5 (55ms) valid=100/100 med_qe=1.1375
[04:06:49]   DEEP         hdbscan s=0.10 seed=0.1 (55ms) valid=100/100 med_qe=1.0778
[04:06:49]   DEEP         hdbscan s=0.10 seed=0.2 (55ms) valid=100/100 med_qe=1.0756
[04:06:49]   DEEP         hdbscan s=0.10 seed=0.3 (54ms) valid=100/100 med_qe=1.0906
[04:06:49]   DEEP         hdbscan s=0.10 seed=0.4 (54ms) valid=100/100 med_qe=1.0900
[04:06:49]   DEEP         hdbscan s=0.10 seed=0.5 (54ms) valid=100/100 med_qe=1.0937
[04:06:49]   DEEP         hdbscan s=0.30 seed=0.1 (54ms) valid=100/100 med_qe=1.0414
[04:06:49]   DEEP         hdbscan s=0.30 seed=0.2 (54ms) valid=100/100 med_qe=1.0518
[04:06:49]   DEEP         hdbscan s=0.30 seed=0.3 (54ms) valid=100/100 med_qe=1.0501
[04:06:49]   DEEP         hdbscan s=0.30 seed=0.4 (54ms) valid=100/100 med_qe=1.0541
[04:06:49]   DEEP         hdbscan s=0.30 seed=0.5 (54ms) valid=100/100 med_qe=1.0543
[04:06:49]   DEEP         hdbscan s=0.50 seed=0.1 (55ms) valid=100/100 med_qe=1.0288
[04:06:49]   DEEP         hdbscan s=0.50 seed=0.2 (54ms) valid=100/100 med_qe=1.0313
[04:06:49]   DEEP         hdbscan s=0.50 seed=0.3 (54ms) valid=100/100 med_qe=1.0351
[04:06:50]   DEEP         hdbscan s=0.50 seed=0.4 (54ms) valid=100/100 med_qe=1.0280
[04:06:50]   DEEP         hdbscan s=0.50 seed=0.5 (54ms) valid=100/100 med_qe=1.0303
[04:06:50] DEEP         hdbscan: total 1.4s

[04:06:50] === SIFT (customer_sift_10_phase7_noidx_subset) ===
[04:07:39]   fetched 1,500,000 × 128d (768.0 MB) in 49.2s
[04:07:39]   HDBSCAN fit on 15,000 samples (k=20, min_cluster=50)
[04:08:18]   HDBSCAN fit elapsed: 39.1s
[04:08:19]   HDBSCAN cluster sizes: min=43591, max=157716, max/min=3.62
[04:08:19]   stratum sizes (min/mean/max): 43591 / 75000 / 157716
[04:08:19]   loaded 100 queries (dim=128)
[04:08:19]   SIFT         hdbscan s=0.01 seed=0.1 (63ms) valid=97/100 med_qe=1.3926
[04:08:19]   SIFT         hdbscan s=0.01 seed=0.2 (55ms) valid=99/100 med_qe=1.3179
[04:08:19]   SIFT         hdbscan s=0.01 seed=0.3 (55ms) valid=96/100 med_qe=1.4134
[04:08:19]   SIFT         hdbscan s=0.01 seed=0.4 (55ms) valid=98/100 med_qe=1.3622
[04:08:19]   SIFT         hdbscan s=0.01 seed=0.5 (56ms) valid=96/100 med_qe=1.3972
[04:08:19]   SIFT         hdbscan s=0.05 seed=0.1 (56ms) valid=100/100 med_qe=1.1418
[04:08:20]   SIFT         hdbscan s=0.05 seed=0.2 (57ms) valid=100/100 med_qe=1.1166
[04:08:20]   SIFT         hdbscan s=0.05 seed=0.3 (56ms) valid=100/100 med_qe=1.1540
[04:08:20]   SIFT         hdbscan s=0.05 seed=0.4 (57ms) valid=100/100 med_qe=1.1355
[04:08:20]   SIFT         hdbscan s=0.05 seed=0.5 (57ms) valid=100/100 med_qe=1.1490
[04:08:20]   SIFT         hdbscan s=0.10 seed=0.1 (57ms) valid=100/100 med_qe=1.0788
[04:08:20]   SIFT         hdbscan s=0.10 seed=0.2 (57ms) valid=100/100 med_qe=1.0721
[04:08:20]   SIFT         hdbscan s=0.10 seed=0.3 (57ms) valid=100/100 med_qe=1.0954
[04:08:20]   SIFT         hdbscan s=0.10 seed=0.4 (57ms) valid=100/100 med_qe=1.0740
[04:08:20]   SIFT         hdbscan s=0.10 seed=0.5 (57ms) valid=100/100 med_qe=1.0673
[04:08:20]   SIFT         hdbscan s=0.30 seed=0.1 (57ms) valid=100/100 med_qe=1.0391
[04:08:20]   SIFT         hdbscan s=0.30 seed=0.2 (57ms) valid=100/100 med_qe=1.0473
[04:08:20]   SIFT         hdbscan s=0.30 seed=0.3 (56ms) valid=100/100 med_qe=1.0420
[04:08:20]   SIFT         hdbscan s=0.30 seed=0.4 (56ms) valid=100/100 med_qe=1.0392
[04:08:20]   SIFT         hdbscan s=0.30 seed=0.5 (55ms) valid=100/100 med_qe=1.0435
[04:08:20]   SIFT         hdbscan s=0.50 seed=0.1 (56ms) valid=100/100 med_qe=1.0245
[04:08:20]   SIFT         hdbscan s=0.50 seed=0.2 (55ms) valid=100/100 med_qe=1.0263
[04:08:20]   SIFT         hdbscan s=0.50 seed=0.3 (56ms) valid=100/100 med_qe=1.0249
[04:08:20]   SIFT         hdbscan s=0.50 seed=0.4 (55ms) valid=100/100 med_qe=1.0228
[04:08:21]   SIFT         hdbscan s=0.50 seed=0.5 (55ms) valid=100/100 med_qe=1.0291
[04:08:21] SIFT         hdbscan: total 1.4s
[04:08:21] saved /mnt/hdd0/home/capstone2026/cache/rq1/rq3_hdbscan.parquet (5,000 rows)

=== mean q_error per (dataset × mode × sel) ===
                               mean     std  median  count
dataset mode    selectivity                               
DEEP    hdbscan 0.01         1.6407  0.7933  1.4001    484
                0.05         1.1851  0.1818  1.1408    500
                0.10         1.1143  0.1070  1.0864    500
                0.30         1.0604  0.0473  1.0505    500
                0.50         1.0363  0.0287  1.0303    500
SIFT    hdbscan 0.01         1.6793  0.9075  1.3856    486
                0.05         1.1961  0.1884  1.1372    500
                0.10         1.1127  0.1158  1.0768    500
                0.30         1.0492  0.0397  1.0423    500
                0.50         1.0310  0.0242  1.0251    500
[04:08:21] saved /mnt/hdd0/home/capstone2026/cache/rq1/rq3_hdbscan_meta.json

[04:08:21] total elapsed 150.5s
