[04:02:19] === SIFT mid-sel 보강 (s=0.10, 0.30) ===
[04:02:19] fetching SIFT 1.5M vectors...
[04:03:15]   1,500,000 × 128d (768.0 MB)
[04:03:16] loaded 100 queries
[04:03:16]    bernoulli s=0.10 seed=0.1 (94ms)
[04:03:16]    bernoulli s=0.10 seed=0.2 (80ms)
[04:03:16]    bernoulli s=0.10 seed=0.3 (77ms)
[04:03:16]    bernoulli s=0.10 seed=0.4 (76ms)
[04:03:16]    bernoulli s=0.10 seed=0.5 (76ms)
[04:03:16]    bernoulli s=0.30 seed=0.1 (76ms)
[04:03:16]    bernoulli s=0.30 seed=0.2 (76ms)
[04:03:16]    bernoulli s=0.30 seed=0.3 (76ms)
[04:03:16]    bernoulli s=0.30 seed=0.4 (76ms)
[04:03:16]    bernoulli s=0.30 seed=0.5 (76ms)
[04:03:16]         km20 s=0.10 seed=0.1 (64ms)
[04:03:16]         km20 s=0.10 seed=0.2 (65ms)
[04:03:17]         km20 s=0.10 seed=0.3 (65ms)
[04:03:17]         km20 s=0.10 seed=0.4 (65ms)
[04:03:17]         km20 s=0.10 seed=0.5 (65ms)
[04:03:17]         km20 s=0.30 seed=0.1 (66ms)
[04:03:17]         km20 s=0.30 seed=0.2 (66ms)
[04:03:17]         km20 s=0.30 seed=0.3 (66ms)
[04:03:17]         km20 s=0.30 seed=0.4 (66ms)
[04:03:17]         km20 s=0.30 seed=0.5 (67ms)
[04:03:17] saved /mnt/hdd0/home/capstone2026/cache/rq1/sift_mid_sel.parquet
[04:03:17] saved /mnt/hdd0/home/capstone2026/cache/rq1/sift_mid_sel_summary.json
[04:03:17] total elapsed 58.1s

=== Summary ===
  SIFT × KM20 s=0.10: mean diff = -8.85% (n_seeds=5, std=0.97)
  SIFT × KM20 s=0.30: mean diff = -7.26% (n_seeds=5, std=0.52)
