[fetch] partsupp_yfcc_1 subsample 100000...
[fetch] partsupp_yfcc_1: (100000, 192) in 4.8s
[fetch] partsupp_yfcc_pca_1 subsample 100000...
[fetch] partsupp_yfcc_pca_1: (100000, 192) in 6.6s

=== YFCC sf1 chairim vs build_yfcc ===
  shape A=(100000, 192), B=(100000, 192)
  norm  A: mean=1819.5048 std=19.8020
  norm  B: mean=0.7257 std=0.0494
  row-wise cosine: mean=-0.0006 std=0.0724
  L2 diff: mean=1819.5051 std=19.8023
[fetch] partsupp_yfcc_10 subsample 100000...
[fetch] partsupp_yfcc_10: (100000, 192) in 5.0s
[fetch] partsupp_yfcc_pca_10 subsample 100000...
[fetch] partsupp_yfcc_pca_10: (100000, 192) in 6.6s

=== YFCC sf10 chairim vs build_yfcc ===
  shape A=(100000, 192), B=(100000, 192)
  norm  A: mean=1819.5048 std=19.8020
  norm  B: mean=0.7258 std=0.0500
  row-wise cosine: mean=-0.0001 std=0.0723
  L2 diff: mean=1819.5050 std=19.8019

[done] saved /tmp/yfcc_distribution_compare.json
