Running scope as unit: phase4-estimates.scope
=========== Phase B1 estimates generation start 2026-05-20 14:30:01 ===========

[14:30:01] (1/15) DEEP sf=1 start
[2026-05-20 23:30:02] DEEP sf1: 벡터 fetch (table=partsupp_deep_1)
[23:30:03]   fetched 800,000 × 96d (307.2 MB) in 1.4s [npy-only]
[2026-05-20 23:30:03]   query 벡터 100개, rows 800,000
[2026-05-20 23:30:03]   hilbert_real strata 계산…
[2026-05-20 23:30:05]   skilling_hilbert strata 계산…
[2026-05-20 23:30:07]   chao_weighted strata 계산…
[2026-05-20 23:30:07]   ica_fastica strata 계산…
[2026-05-20 23:30:10]   pca1d strata 계산…
[2026-05-20 23:30:10]   zorder_morton strata 계산…
[2026-05-20 23:30:11]   hyperloglog strata 계산…
[2026-05-20 23:30:13]   cum_sqrtf strata 계산…
[2026-05-20 23:30:13]   lavallee_hidiroglou strata 계산…
[2026-05-20 23:30:14]   rsvd strata 계산…
[2026-05-20 23:30:14]   sparse_rp strata 계산…
[2026-05-20 23:30:14]   mhist2 strata 계산…
[2026-05-20 23:30:15]   rabitq_strat strata 계산…
[2026-05-20 23:30:15]   method 13/13종 준비 완료
[2026-05-20 23:30:15] saved latency/phase4_extension/estimates_DEEP_sf1.parquet (39 rows)

=== (sel × method) 평균 추정치 — v13 대조용 ===
                            est_b1  est_caseA  est_caseB  true_card
sel   method                                                       
0.001 chao_weighted         1246.8      200.0      723.4      784.0
      cum_sqrtf             1246.8      193.2      720.0      784.0
      hilbert_real          1246.8      843.6     1045.2      784.0
      hyperloglog           1246.8      262.2      754.5      784.0
      ica_fastica           1246.8      842.1     1044.4      784.0
      lavallee_hidiroglou   1246.8     1398.2     1322.5      784.0
      mhist2                1246.8     2505.7     1876.2      784.0
      pca1d                 1246.8     1473.7     1360.2      784.0
      rabitq_strat          1246.8      873.5     1060.1      784.0
      rsvd                  1246.8        0.0      623.4      784.0
      skilling_hilbert      1246.8     1263.2     1255.0      784.0
      sparse_rp             1246.8     1031.6     1139.2      784.0
      zorder_morton         1246.8        0.0      623.4      784.0
0.010 chao_weighted         6649.4     6863.2     6756.3     7977.0
      cum_sqrtf             6649.4     6898.6     6774.0     7977.0
      hilbert_real          6649.4     7118.9     6884.1     7977.0
      hyperloglog           6649.4     8628.3     7638.8     7977.0
      ica_fastica           6649.4     8631.6     7640.5     7977.0
      lavallee_hidiroglou   6649.4     7642.8     7146.1     7977.0
      mhist2                6649.4     7880.7     7265.0     7977.0
      pca1d                 6649.4    10105.3     8377.3     7977.0
      rabitq_strat          6649.4     5162.4     5905.9     7977.0
      rsvd                  6649.4     7987.6     7318.5     7977.0
      skilling_hilbert      6649.4     7157.9     6903.6     7977.0
      sparse_rp             6649.4     8947.4     7798.4     7977.0
      zorder_morton         6649.4     8210.5     7429.9     7977.0
0.100 chao_weighted        87272.7    77000.0    82136.4    80254.0
      cum_sqrtf            87272.7    75002.7    81137.7    80254.0
      hilbert_real         87272.7    80297.4    83785.1    80254.0
      hyperloglog          87272.7    78148.7    82710.7    80254.0
      ica_fastica          87272.7    75294.7    81283.7    80254.0
      lavallee_hidiroglou  87272.7    81519.6    84396.2    80254.0
      mhist2               87272.7    83923.3    85598.0    80254.0
      pca1d                87272.7    77042.1    82157.4    80254.0
      rabitq_strat         87272.7    82325.4    84799.1    80254.0
      rsvd                 87272.7    85631.8    86452.3    80254.0
      skilling_hilbert     87272.7    80231.5    83752.1    80254.0
      sparse_rp            87272.7    76042.1    81657.4    80254.0
      zorder_morton        87272.7    83736.9    85504.8    80254.0
[14:30:15] (1/15) DEEP sf=1 done

[14:30:15] (2/15) DEEP sf=10 start
[2026-05-20 23:30:16] DEEP sf10: 벡터 fetch (table=partsupp_deep_10)
[23:30:30]   fetched 8,000,000 × 96d (3072.0 MB) in 14.5s [npy-only]
[2026-05-20 23:30:33]   query 벡터 100개, rows 8,000,000
[2026-05-20 23:30:33]   hilbert_real strata 계산…
[2026-05-20 23:30:44]   skilling_hilbert strata 계산…
[2026-05-20 23:30:57]   chao_weighted strata 계산…
[2026-05-20 23:30:59]   ica_fastica strata 계산…
[2026-05-20 23:31:06]   pca1d strata 계산…
[2026-05-20 23:31:10]   zorder_morton strata 계산…
[2026-05-20 23:31:15]   hyperloglog strata 계산…
[2026-05-20 23:31:26]   cum_sqrtf strata 계산…
[2026-05-20 23:31:29]   lavallee_hidiroglou strata 계산…
[2026-05-20 23:31:33]   rsvd strata 계산…
[2026-05-20 23:31:37]   sparse_rp strata 계산…
[2026-05-20 23:31:39]   mhist2 strata 계산…
[2026-05-20 23:31:42]   rabitq_strat strata 계산…
[2026-05-20 23:31:45]   method 13/13종 준비 완료
[2026-05-20 23:31:45] saved latency/phase4_extension/estimates_DEEP_sf10.parquet (39 rows)

=== (sel × method) 평균 추정치 — v13 대조용 ===
                             est_b1  est_caseA  est_caseB  true_card
sel   method                                                        
0.001 chao_weighted             0.0    14315.8     7157.9     7603.0
      cum_sqrtf                 0.0    12452.5     6226.2     7603.0
      hilbert_real              0.0    17092.5     8546.2     7603.0
      hyperloglog               0.0     6444.4     3222.2     7603.0
      ica_fastica               0.0     2105.3     1052.6     7603.0
      lavallee_hidiroglou       0.0    10137.5     5068.8     7603.0
      mhist2                    0.0     6913.6     3456.8     7603.0
      pca1d                     0.0     6315.8     3157.9     7603.0
      rabitq_strat              0.0     2659.5     1329.8     7603.0
      rsvd                      0.0     6734.4     3367.2     7603.0
      skilling_hilbert          0.0     6105.3     3052.6     7603.0
      sparse_rp                 0.0    10210.5     5105.3     7603.0
      zorder_morton             0.0     8422.1     4211.0     7603.0
0.010 chao_weighted         76883.1    70736.9    73810.0    79727.0
      cum_sqrtf             76883.1    68590.1    72736.6    79727.0
      hilbert_real          76883.1    82514.8    79699.0    79727.0
      hyperloglog           76883.1    86302.9    81593.0    79727.0
      ica_fastica           76883.1    89473.7    83178.4    79727.0
      lavallee_hidiroglou   76883.1   100853.2    88868.2    79727.0
      mhist2                76883.1    72665.5    74774.3    79727.0
      pca1d                 76883.1    84210.5    80546.8    79727.0
      rabitq_strat          76883.1    69180.2    73031.6    79727.0
      rsvd                  76883.1    77117.4    77000.2    79727.0
      skilling_hilbert      76883.1    62526.3    69704.7    79727.0
      sparse_rp             76883.1    76526.3    76704.7    79727.0
      zorder_morton         76883.1    61052.5    68967.8    79727.0
0.100 chao_weighted        822857.1   796526.2   809691.7   788333.0
      cum_sqrtf            822857.1   736087.4   779472.3   788333.0
      hilbert_real         822857.1   837381.9   830119.5   788333.0
      hyperloglog          822857.1   746526.2   784691.7   788333.0
      ica_fastica          822857.1   760315.7   791586.4   788333.0
      lavallee_hidiroglou  822857.1   708728.0   765792.6   788333.0
      mhist2               822857.1   792140.8   807499.0   788333.0
      pca1d                822857.1   782842.0   802849.6   788333.0
      rabitq_strat         822857.1   685363.2   754110.2   788333.0
      rsvd                 822857.1   783646.2   803251.7   788333.0
      skilling_hilbert     822857.1   719368.8   771113.0   788333.0
      sparse_rp            822857.1   778631.6   800744.4   788333.0
      zorder_morton        822857.1   671577.6   747217.4   788333.0
[14:31:45] (2/15) DEEP sf=10 done

[14:31:45] (3/15) DEEP sf=100 start
[15:01:52] (3/15) DEEP sf=100 done

[15:01:52] (4/15) SIFT sf=1 start
[2026-05-21 00:01:52] SIFT sf1: 벡터 fetch (table=partsupp_sift_1)
[00:01:55]   fetched 800,000 × 128d (409.6 MB) in 3.1s [npy-only]
[2026-05-21 00:01:56]   query 벡터 100개, rows 800,000
[2026-05-21 00:01:56]   hilbert_real strata 계산…
[2026-05-21 00:01:58]   skilling_hilbert strata 계산…
[2026-05-21 00:01:59]   chao_weighted strata 계산…
[2026-05-21 00:02:00]   ica_fastica strata 계산…
[2026-05-21 00:02:03]   pca1d strata 계산…
[2026-05-21 00:02:03]   zorder_morton strata 계산…
[2026-05-21 00:02:04]   hyperloglog strata 계산…
[2026-05-21 00:02:05]   cum_sqrtf strata 계산…
[2026-05-21 00:02:05]   lavallee_hidiroglou strata 계산…
[2026-05-21 00:02:06]   rsvd strata 계산…
[2026-05-21 00:02:06]   sparse_rp strata 계산…
[2026-05-21 00:02:06]   mhist2 strata 계산…
[2026-05-21 00:02:07]   rabitq_strat strata 계산…
[2026-05-21 00:02:07]   method 13/13종 준비 완료
[2026-05-21 00:02:07] saved latency/phase4_extension/estimates_SIFT_sf1.parquet (39 rows)

=== (sel × method) 평균 추정치 — v13 대조용 ===
                            est_b1  est_caseA  est_caseB  true_card
sel   method                                                       
0.001 chao_weighted          207.8      831.6      519.7      786.0
      cum_sqrtf              207.8      331.4      269.6      786.0
      hilbert_real           207.8      806.2      507.0      786.0
      hyperloglog            207.8      511.3      359.6      786.0
      ica_fastica            207.8      800.0      503.9      786.0
      lavallee_hidiroglou    207.8      663.9      435.9      786.0
      mhist2                 207.8      606.5      407.1      786.0
      pca1d                  207.8      200.0      203.9      786.0
      rabitq_strat           207.8     1045.8      626.8      786.0
      rsvd                   207.8      694.7      451.2      786.0
      skilling_hilbert       207.8     1673.7      940.7      786.0
      sparse_rp              207.8        0.0      103.9      786.0
      zorder_morton          207.8      600.0      403.9      786.0
0.010 chao_weighted         3740.3     6747.4     5243.8     7644.0
      cum_sqrtf             3740.3     6192.7     4966.5     7644.0
      hilbert_real          3740.3     9671.3     6705.8     7644.0
      hyperloglog           3740.3     7889.2     5814.7     7644.0
      ica_fastica           3740.3     5463.2     4601.7     7644.0
      lavallee_hidiroglou   3740.3     7347.7     5544.0     7644.0
      mhist2                3740.3     9932.3     6836.3     7644.0
      pca1d                 3740.3     6873.7     5307.0     7644.0
      rabitq_strat          3740.3     6754.4     5247.3     7644.0
      rsvd                  3740.3     8860.2     6300.2     7644.0
      skilling_hilbert      3740.3     7694.7     5717.5     7644.0
      sparse_rp             3740.3     9218.6     6479.4     7644.0
      zorder_morton         3740.3     8526.3     6133.3     7644.0
0.100 chao_weighted        40935.1    83126.1    62030.6    79756.0
      cum_sqrtf            40935.1    78632.3    59783.7    79756.0
      hilbert_real         40935.1    81205.0    61070.1    79756.0
      hyperloglog          40935.1    85532.2    63233.6    79756.0
      ica_fastica          40935.1    78084.2    59509.6    79756.0
      lavallee_hidiroglou  40935.1    77698.7    59316.9    79756.0
      mhist2               40935.1    79896.3    60415.7    79756.0
      pca1d                40935.1    85210.5    63072.8    79756.0
      rabitq_strat         40935.1    80160.7    60547.9    79756.0
      rsvd                 40935.1    83477.5    62206.3    79756.0
      skilling_hilbert     40935.1    76189.5    58562.3    79756.0
      sparse_rp            40935.1    73715.3    57325.2    79756.0
      zorder_morton        40935.1    78601.2    59768.1    79756.0
[15:02:07] (4/15) SIFT sf=1 done

[15:02:07] (5/15) SIFT sf=10 start
[2026-05-21 00:02:08] SIFT sf10: 벡터 fetch (table=partsupp_sift_10)
[00:02:12]   fetched 8,000,000 × 128d (4096.0 MB) in 4.3s [npy-only]
[2026-05-21 00:02:15]   query 벡터 100개, rows 8,000,000
[2026-05-21 00:02:15]   hilbert_real strata 계산…
[2026-05-21 00:02:29]   skilling_hilbert strata 계산…
[2026-05-21 00:02:46]   chao_weighted strata 계산…
[2026-05-21 00:02:49]   ica_fastica strata 계산…
[2026-05-21 00:02:55]   pca1d strata 계산…
[2026-05-21 00:03:00]   zorder_morton strata 계산…
[2026-05-21 00:03:06]   hyperloglog strata 계산…
[2026-05-21 00:03:19]   cum_sqrtf strata 계산…
[2026-05-21 00:03:23]   lavallee_hidiroglou strata 계산…
[2026-05-21 00:03:28]   rsvd strata 계산…
[2026-05-21 00:03:31]   sparse_rp strata 계산…
[2026-05-21 00:03:34]   mhist2 strata 계산…
[2026-05-21 00:03:37]   rabitq_strat strata 계산…
[2026-05-21 00:03:41]   method 13/13종 준비 완료
[2026-05-21 00:03:41] saved latency/phase4_extension/estimates_SIFT_sf10.parquet (39 rows)

=== (sel × method) 평균 추정치 — v13 대조용 ===
                             est_b1  est_caseA  est_caseB  true_card
sel   method                                                        
0.001 chao_weighted          8311.7    10315.4     9313.6     7945.0
      cum_sqrtf              8311.7    12214.4    10263.0     7945.0
      hilbert_real           8311.7     2070.1     5190.9     7945.0
      hyperloglog            8311.7     8952.9     8632.3     7945.0
      ica_fastica            8311.7     4210.5     6261.1     7945.0
      lavallee_hidiroglou    8311.7     5056.9     6684.3     7945.0
      mhist2                 8311.7     5320.0     6815.8     7945.0
      pca1d                  8311.7     6315.8     7313.7     7945.0
      rabitq_strat           8311.7     7231.6     7771.7     7945.0
      rsvd                   8311.7    12665.7    10488.7     7945.0
      skilling_hilbert       8311.7        0.0     4155.8     7945.0
      sparse_rp              8311.7    16708.3    12510.0     7945.0
      zorder_morton          8311.7    10527.6     9419.6     7945.0
0.010 chao_weighted         45714.3    82735.4    64224.9    83414.0
      cum_sqrtf             45714.3    85452.3    65583.3    83414.0
      hilbert_real          45714.3    85889.4    65801.9    83414.0
      hyperloglog           45714.3    78692.6    62203.4    83414.0
      ica_fastica           45714.3    78842.1    62278.2    83414.0
      lavallee_hidiroglou   45714.3   105645.6    75679.9    83414.0
      mhist2                45714.3    89155.4    67434.8    83414.0
      pca1d                 45714.3    75157.9    60436.1    83414.0
      rabitq_strat          45714.3    74584.0    60149.1    83414.0
      rsvd                  45714.3    94786.1    70250.2    83414.0
      skilling_hilbert      45714.3    56736.9    51225.6    83414.0
      sparse_rp             45714.3    66592.2    56153.3    83414.0
      zorder_morton         45714.3    67373.7    56544.0    83414.0
0.100 chao_weighted        646233.8   791993.8   719113.8   802894.0
      cum_sqrtf            646233.8   803128.4   724681.1   802894.0
      hilbert_real         646233.8   775783.0   711008.4   802894.0
      hyperloglog          646233.8   795179.1   720706.4   802894.0
      ica_fastica          646233.8   835473.7   740853.7   802894.0
      lavallee_hidiroglou  646233.8   829544.8   737889.3   802894.0
      mhist2               646233.8   768577.9   707405.8   802894.0
      pca1d                646233.8   849684.1   747959.0   802894.0
      rabitq_strat         646233.8   797568.1   721900.9   802894.0
      rsvd                 646233.8   810789.3   728511.5   802894.0
      skilling_hilbert     646233.8   783684.1   714958.9   802894.0
      sparse_rp            646233.8   782955.3   714594.5   802894.0
      zorder_morton        646233.8   816340.9   731287.3   802894.0
[15:03:41] (5/15) SIFT sf=10 done

[15:03:41] (6/15) SIFT sf=100 start
[15:33:49] (6/15) SIFT sf=100 done

[15:33:49] (7/15) SSN sf=1 start
[2026-05-21 00:33:49] SSN sf1: 벡터 fetch (table=partsupp_fb_1)
[00:33:55]   fetched 800,000 × 256d (819.2 MB) in 6.2s [npy-only]
[2026-05-21 00:33:56]   query 벡터 100개, rows 800,000
[2026-05-21 00:33:56]   hilbert_real strata 계산…
[2026-05-21 00:34:00]   skilling_hilbert strata 계산…
[2026-05-21 00:34:02]   chao_weighted strata 계산…
[2026-05-21 00:34:03]   ica_fastica strata 계산…
[2026-05-21 00:34:10]   pca1d strata 계산…
[2026-05-21 00:34:11]   zorder_morton strata 계산…
[2026-05-21 00:34:12]   hyperloglog strata 계산…
[2026-05-21 00:34:14]   cum_sqrtf strata 계산…
[2026-05-21 00:34:15]   lavallee_hidiroglou strata 계산…
[2026-05-21 00:34:16]   rsvd strata 계산…
[2026-05-21 00:34:16]   sparse_rp strata 계산…
[2026-05-21 00:34:17]   mhist2 strata 계산…
[2026-05-21 00:34:17]   rabitq_strat strata 계산…
[2026-05-21 00:34:18]   method 13/13종 준비 완료
[2026-05-21 00:34:18] saved latency/phase4_extension/estimates_SSN_sf1.parquet (39 rows)

=== (sel × method) 평균 추정치 — v13 대조용 ===
                            est_b1  est_caseA  est_caseB  true_card
sel   method                                                       
0.001 chao_weighted         1246.8     1453.2     1350.0      836.0
      cum_sqrtf             1246.8     1070.4     1158.6      836.0
      hilbert_real          1246.8      210.5      728.7      836.0
      hyperloglog           1246.8     1027.2     1137.0      836.0
      ica_fastica           1246.8      631.6      939.2      836.0
      lavallee_hidiroglou   1246.8      782.7     1014.7      836.0
      mhist2                1246.8      172.3      709.5      836.0
      pca1d                 1246.8      821.1     1033.9      836.0
      rabitq_strat          1246.8      773.2     1010.0      836.0
      rsvd                  1246.8     1595.2     1421.0      836.0
      skilling_hilbert      1246.8     1231.6     1239.2      836.0
      sparse_rp             1246.8      842.2     1044.5      836.0
      zorder_morton         1246.8      631.6      939.2      836.0
0.010 chao_weighted        11013.0     9748.0    10380.5     8172.0
      cum_sqrtf            11013.0     7039.4     9026.2     8172.0
      hilbert_real         11013.0    10076.3    10544.6     8172.0
      hyperloglog          11013.0     8511.5     9762.3     8172.0
      ica_fastica          11013.0     7947.4     9480.2     8172.0
      lavallee_hidiroglou  11013.0    10576.3    10794.6     8172.0
      mhist2               11013.0     9764.5    10388.8     8172.0
      pca1d                11013.0     8115.8     9564.4     8172.0
      rabitq_strat         11013.0    10748.4    10880.7     8172.0
      rsvd                 11013.0     6210.7     8611.9     8172.0
      skilling_hilbert     11013.0     6663.2     8838.1     8172.0
      sparse_rp            11013.0    11182.6    11097.8     8172.0
      zorder_morton        11013.0     9852.6    10432.8     8172.0
0.100 chao_weighted        78129.9    90146.4    84138.1    79701.0
      cum_sqrtf            78129.9    79324.1    78727.0    79701.0
      hilbert_real         78129.9    77777.4    77953.6    79701.0
      hyperloglog          78129.9    81674.7    79902.3    79701.0
      ica_fastica          78129.9    79357.9    78743.9    79701.0
      lavallee_hidiroglou  78129.9    80127.1    79128.5    79701.0
      mhist2               78129.9    86329.6    82229.7    79701.0
      pca1d                78129.9    88410.5    83270.2    79701.0
      rabitq_strat         78129.9    74229.9    76179.9    79701.0
      rsvd                 78129.9    76146.3    77138.1    79701.0
      skilling_hilbert     78129.9    76452.7    77291.3    79701.0
      sparse_rp            78129.9    86860.0    82494.9    79701.0
      zorder_morton        78129.9    87379.0    82754.4    79701.0
[15:34:18] (7/15) SSN sf=1 done

[15:34:18] (8/15) SSN sf=10 start
[2026-05-21 00:34:19] SSN sf10: 벡터 fetch (table=partsupp_fb_10)
[00:34:28]   fetched 8,000,000 × 256d (8192.0 MB) in 9.4s [npy-only]
[2026-05-21 00:34:33]   query 벡터 100개, rows 8,000,000
[2026-05-21 00:34:33]   hilbert_real strata 계산…
[2026-05-21 00:36:58]   skilling_hilbert strata 계산…
[2026-05-21 00:37:17]   chao_weighted strata 계산…
[2026-05-21 00:37:23]   ica_fastica strata 계산…
[2026-05-21 00:38:14]   pca1d strata 계산…
[2026-05-21 00:38:24]   zorder_morton strata 계산…
[2026-05-21 00:38:36]   hyperloglog strata 계산…
[2026-05-21 00:38:54]   cum_sqrtf strata 계산…
[2026-05-21 00:39:04]   lavallee_hidiroglou strata 계산…
[2026-05-21 00:39:14]   rsvd strata 계산…
[2026-05-21 00:39:19]   sparse_rp strata 계산…
[2026-05-21 00:39:22]   mhist2 strata 계산…
[2026-05-21 00:39:27]   rabitq_strat strata 계산…
[2026-05-21 00:39:33]   method 13/13종 준비 완료
[2026-05-21 00:39:34] saved latency/phase4_extension/estimates_SSN_sf10.parquet (39 rows)

=== (sel × method) 평균 추정치 — v13 대조용 ===
                             est_b1  est_caseA  est_caseB  true_card
sel   method                                                        
0.001 chao_weighted          8311.7     6211.4     7261.6     7415.0
      cum_sqrtf              8311.7     2747.7     5529.7     7415.0
      hilbert_real           8311.7    12645.9    10478.8     7415.0
      hyperloglog            8311.7     5263.6     6787.6     7415.0
      ica_fastica            8311.7    16736.8    12524.3     7415.0
      lavallee_hidiroglou    8311.7     7842.3     8077.0     7415.0
      mhist2                 8311.7     9491.2     8901.4     7415.0
      pca1d                  8311.7    12631.6    10471.6     7415.0
      rabitq_strat           8311.7    11377.1     9844.4     7415.0
      rsvd                   8311.7     7484.7     7898.2     7415.0
      skilling_hilbert       8311.7     8315.8     8313.7     7415.0
      sparse_rp              8311.7     8394.6     8353.2     7415.0
      zorder_morton          8311.7     6316.1     7313.9     7415.0
0.010 chao_weighted         72727.3    89256.8    80992.0    79242.0
      cum_sqrtf             72727.3    77375.0    75051.1    79242.0
      hilbert_real          72727.3   116705.5    94716.4    79242.0
      hyperloglog           72727.3    90807.8    81767.5    79242.0
      ica_fastica           72727.3    79263.2    75995.2    79242.0
      lavallee_hidiroglou   72727.3    98038.8    85383.0    79242.0
      mhist2                72727.3    75901.1    74314.2    79242.0
      pca1d                 72727.3   102421.1    87574.2    79242.0
      rabitq_strat          72727.3    88271.4    80499.4    79242.0
      rsvd                  72727.3    88450.7    80589.0    79242.0
      skilling_hilbert      72727.3    70210.4    71468.9    79242.0
      sparse_rp             72727.3    76534.6    74630.9    79242.0
      zorder_morton         72727.3    91158.0    81942.6    79242.0
0.100 chao_weighted        797922.1   696189.8   747055.9   795178.0
      cum_sqrtf            797922.1   715609.9   756766.0   795178.0
      hilbert_real         797922.1   889466.1   843694.1   795178.0
      hyperloglog          797922.1   797154.6   797538.3   795178.0
      ica_fastica          797922.1   738526.2   768224.2   795178.0
      lavallee_hidiroglou  797922.1   876957.5   837439.8   795178.0
      mhist2               797922.1   827291.8   812607.0   795178.0
      pca1d                797922.1   767789.4   782855.8   795178.0
      rabitq_strat         797922.1   829487.6   813704.8   795178.0
      rsvd                 797922.1   820236.9   809079.5   795178.0
      skilling_hilbert     797922.1   782737.0   790329.5   795178.0
      sparse_rp            797922.1   769832.7   783877.4   795178.0
      zorder_morton        797922.1   798842.6   798382.4   795178.0
[15:39:37] (8/15) SSN sf=10 done

[15:39:37] (9/15) SSN sf=100 start
[16:09:42] (9/15) SSN sf=100 done

[16:09:42] (10/15) WIKI sf=1 start
[2026-05-21 01:09:42] WIKI sf1: 벡터 fetch (table=partsupp_wiki_1)
[01:10:01]   fetched 800,000 × 768d (2457.6 MB) in 18.3s [npy-only]
[2026-05-21 01:10:02]   query 벡터 100개, rows 800,000
[2026-05-21 01:10:02]   hilbert_real strata 계산…
[2026-05-21 01:10:09]   skilling_hilbert strata 계산…
[2026-05-21 01:10:14]   chao_weighted strata 계산…
[2026-05-21 01:10:15]   ica_fastica strata 계산…
[2026-05-21 01:10:30]   pca1d strata 계산…
[2026-05-21 01:10:34]   zorder_morton strata 계산…
[2026-05-21 01:10:39]   hyperloglog strata 계산…
[2026-05-21 01:10:43]   cum_sqrtf strata 계산…
[2026-05-21 01:10:48]   lavallee_hidiroglou strata 계산…
[2026-05-21 01:10:52]   rsvd strata 계산…
[2026-05-21 01:10:53]   sparse_rp strata 계산…
[2026-05-21 01:10:54]   mhist2 strata 계산…
[2026-05-21 01:10:56]   rabitq_strat strata 계산…
[2026-05-21 01:10:57]   method 13/13종 준비 완료
[2026-05-21 01:10:58] saved latency/phase4_extension/estimates_WIKI_sf1.parquet (39 rows)

=== (sel × method) 평균 추정치 — v13 대조용 ===
                            est_b1  est_caseA  est_caseB  true_card
sel   method                                                       
0.001 chao_weighted          207.8     1042.1      624.9      700.0
      cum_sqrtf              207.8      792.7      500.3      700.0
      hilbert_real           207.8      390.9      299.4      700.0
      hyperloglog            207.8     1290.0      748.9      700.0
      ica_fastica            207.8      400.0      303.9      700.0
      lavallee_hidiroglou    207.8     1331.1      769.4      700.0
      mhist2                 207.8     1113.4      660.6      700.0
      pca1d                  207.8     1000.0      603.9      700.0
      rabitq_strat           207.8        0.0      103.9      700.0
      rsvd                   207.8        0.0      103.9      700.0
      skilling_hilbert       207.8      210.5      209.2      700.0
      sparse_rp              207.8      842.1      524.9      700.0
      zorder_morton          207.8      210.5      209.2      700.0
0.010 chao_weighted         7272.7     7031.6     7152.1     7822.0
      cum_sqrtf             7272.7     8093.6     7683.1     7822.0
      hilbert_real          7272.7     7197.8     7235.3     7822.0
      hyperloglog           7272.7     8486.5     7879.6     7822.0
      ica_fastica           7272.7     8852.6     8062.7     7822.0
      lavallee_hidiroglou   7272.7     6015.0     6643.9     7822.0
      mhist2                7272.7     8883.8     8078.3     7822.0
      pca1d                 7272.7     6673.7     6973.2     7822.0
      rabitq_strat          7272.7     7935.0     7603.9     7822.0
      rsvd                  7272.7     6809.4     7041.1     7822.0
      skilling_hilbert      7272.7     7157.9     7215.3     7822.0
      sparse_rp             7272.7     7157.9     7215.3     7822.0
      zorder_morton         7272.7     8884.4     8078.5     7822.0
0.100 chao_weighted        57350.6    78863.1    68106.9    79283.0
      cum_sqrtf            57350.6    74240.8    65795.7    79283.0
      hilbert_real         57350.6    82581.0    69965.8    79283.0
      hyperloglog          57350.6    76890.4    67120.5    79283.0
      ica_fastica          57350.6    77705.3    67528.0    79283.0
      lavallee_hidiroglou  57350.6    78778.0    68064.3    79283.0
      mhist2               57350.6    82138.8    69744.7    79283.0
      pca1d                57350.6    78736.8    68043.7    79283.0
      rabitq_strat         57350.6    76866.5    67108.6    79283.0
      rsvd                 57350.6    82055.7    69703.2    79283.0
      skilling_hilbert     57350.6    82484.2    69917.4    79283.0
      sparse_rp            57350.6    76610.5    66980.6    79283.0
      zorder_morton        57350.6    75790.5    66570.6    79283.0
[16:10:58] (10/15) WIKI sf=1 done

[16:10:58] (11/15) WIKI sf=10 start
[16:41:03] (11/15) WIKI sf=10 done

[16:41:03] (12/15) YFCC sf=1 start
[2026-05-21 01:41:04] YFCC sf1: 벡터 fetch (table=partsupp_yfcc_1)
[01:41:09]   fetched 800,000 × 192d (614.4 MB) in 4.8s [npy-only]
[2026-05-21 01:41:09]   query 벡터 100개, rows 800,000
[2026-05-21 01:41:09]   hilbert_real strata 계산…
[2026-05-21 01:41:12]   skilling_hilbert strata 계산…
[2026-05-21 01:41:13]   chao_weighted strata 계산…
[2026-05-21 01:41:13]   ica_fastica strata 계산…
[2026-05-21 01:41:17]   pca1d strata 계산…
[2026-05-21 01:41:18]   zorder_morton strata 계산…
[2026-05-21 01:41:19]   hyperloglog strata 계산…
[2026-05-21 01:41:20]   cum_sqrtf strata 계산…
[2026-05-21 01:41:21]   lavallee_hidiroglou strata 계산…
[2026-05-21 01:41:21]   rsvd strata 계산…
[2026-05-21 01:41:22]   sparse_rp strata 계산…
[2026-05-21 01:41:22]   mhist2 strata 계산…
[2026-05-21 01:41:23]   rabitq_strat strata 계산…
[2026-05-21 01:41:23]   method 13/13종 준비 완료
[2026-05-21 01:41:23] saved latency/phase4_extension/estimates_YFCC_sf1.parquet (39 rows)

=== (sel × method) 평균 추정치 — v13 대조용 ===
                            est_b1  est_caseA  est_caseB  true_card
sel   method                                                       
0.001 chao_weighted         1039.0      841.8      940.4      837.0
      cum_sqrtf             1039.0     1024.1     1031.6      837.0
      hilbert_real          1039.0      628.5      833.7      837.0
      hyperloglog           1039.0      250.0      644.5      837.0
      ica_fastica           1039.0      831.6      935.3      837.0
      lavallee_hidiroglou   1039.0      294.8      666.9      837.0
      mhist2                1039.0     2762.8     1900.9      837.0
      pca1d                 1039.0     1894.7     1466.8      837.0
      rabitq_strat          1039.0      144.2      591.6      837.0
      rsvd                  1039.0      343.6      691.3      837.0
      skilling_hilbert      1039.0     1263.1     1151.0      837.0
      sparse_rp             1039.0     1032.1     1035.6      837.0
      zorder_morton         1039.0      210.5      624.7      837.0
0.010 chao_weighted        10597.4     8116.4     9356.9     8079.0
      cum_sqrtf            10597.4     5666.3     8131.8     8079.0
      hilbert_real         10597.4     6103.4     8350.4     8079.0
      hyperloglog          10597.4     7908.0     9252.7     8079.0
      ica_fastica          10597.4     8084.2     9340.8     8079.0
      lavallee_hidiroglou  10597.4    11161.4    10879.4     8079.0
      mhist2               10597.4     7269.1     8933.3     8079.0
      pca1d                10597.4     6947.4     8772.4     8079.0
      rabitq_strat         10597.4     7757.6     9177.5     8079.0
      rsvd                 10597.4     5572.0     8084.7     8079.0
      skilling_hilbert     10597.4     6915.7     8756.6     8079.0
      sparse_rp            10597.4    10313.5    10455.4     8079.0
      zorder_morton        10597.4     5052.6     7825.0     8079.0
0.100 chao_weighted        91428.6    82800.5    87114.5    79313.0
      cum_sqrtf            91428.6    80763.3    86095.9    79313.0
      hilbert_real         91428.6    78197.5    84813.0    79313.0
      hyperloglog          91428.6    80631.4    86030.0    79313.0
      ica_fastica          91428.6    80042.1    85735.3    79313.0
      lavallee_hidiroglou  91428.6    79669.2    85548.9    79313.0
      mhist2               91428.6    75987.0    83707.8    79313.0
      pca1d                91428.6    78105.3    84766.9    79313.0
      rabitq_strat         91428.6    80276.1    85852.3    79313.0
      rsvd                 91428.6    84064.8    87746.7    79313.0
      skilling_hilbert     91428.6    78673.5    85051.1    79313.0
      sparse_rp            91428.6    77599.8    84514.2    79313.0
      zorder_morton        91428.6    78546.7    84987.6    79313.0
[16:41:24] (12/15) YFCC sf=1 done

[16:41:24] (13/15) YFCC sf=10 start
[2026-05-21 01:41:24] YFCC sf10: 벡터 fetch (table=partsupp_yfcc_10)
[01:42:11]   fetched 8,000,000 × 192d (6144.0 MB) in 46.6s [npy-only]
[2026-05-21 01:42:13]   query 벡터 100개, rows 8,000,000
[2026-05-21 01:42:13]   hilbert_real strata 계산…
[2026-05-21 01:43:24]   skilling_hilbert strata 계산…
[2026-05-21 01:43:41]   chao_weighted strata 계산…
[2026-05-21 01:43:45]   ica_fastica strata 계산…
[2026-05-21 01:43:54]   pca1d strata 계산…
[2026-05-21 01:44:01]   zorder_morton strata 계산…
[2026-05-21 01:44:10]   hyperloglog strata 계산…
[2026-05-21 01:44:30]   cum_sqrtf strata 계산…
[2026-05-21 01:44:37]   lavallee_hidiroglou strata 계산…
[2026-05-21 01:44:44]   rsvd strata 계산…
[2026-05-21 01:44:48]   sparse_rp strata 계산…
[2026-05-21 01:44:50]   mhist2 strata 계산…
[2026-05-21 01:44:54]   rabitq_strat strata 계산…
[2026-05-21 01:44:59]   method 13/13종 준비 완료
[2026-05-21 01:44:59] saved latency/phase4_extension/estimates_YFCC_sf10.parquet (39 rows)

=== (sel × method) 평균 추정치 — v13 대조용 ===
                              est_b1  est_caseA  est_caseB  true_card
sel   method                                                         
0.001 chao_weighted          14545.5    16638.1    15591.8     8788.0
      cum_sqrtf              14545.5    10442.3    12493.9     8788.0
      hilbert_real           14545.5     8491.0    11518.2     8788.0
      hyperloglog            14545.5    18162.4    16353.9     8788.0
      ica_fastica            14545.5    18736.8    16641.1     8788.0
      lavallee_hidiroglou    14545.5    13442.4    13993.9     8788.0
      mhist2                 14545.5     9032.7    11789.1     8788.0
      pca1d                  14545.5    14105.2    14325.3     8788.0
      rabitq_strat           14545.5     8900.0    11722.7     8788.0
      rsvd                   14545.5     1641.8     8093.7     8788.0
      skilling_hilbert       14545.5    18000.0    16272.7     8788.0
      sparse_rp              14545.5     8301.8    11423.6     8788.0
      zorder_morton          14545.5    18315.8    16430.6     8788.0
0.010 chao_weighted         128831.2    93480.9   111156.0    79482.0
      cum_sqrtf             128831.2    73314.5   101072.8    79482.0
      hilbert_real          128831.2    71714.9   100273.0    79482.0
      hyperloglog           128831.2    88539.1   108685.1    79482.0
      ica_fastica           128831.2    79473.7   104152.5    79482.0
      lavallee_hidiroglou   128831.2    98937.2   113884.2    79482.0
      mhist2                128831.2    99117.5   113974.3    79482.0
      pca1d                 128831.2    70526.2    99678.7    79482.0
      rabitq_strat          128831.2    49658.6    89244.9    79482.0
      rsvd                  128831.2   103263.3   116047.2    79482.0
      skilling_hilbert      128831.2    83894.7   106362.9    79482.0
      sparse_rp             128831.2    73361.8   101096.5    79482.0
      zorder_morton         128831.2    70419.5    99625.3    79482.0
0.100 chao_weighted        1022337.7   854351.3   938344.5   804621.0
      cum_sqrtf            1022337.7   700510.2   861423.9   804621.0
      hilbert_real         1022337.7   792303.1   907320.4   804621.0
      hyperloglog          1022337.7   805761.8   914049.7   804621.0
      ica_fastica          1022337.7   781263.2   901800.4   804621.0
      lavallee_hidiroglou  1022337.7   747580.5   884959.1   804621.0
      mhist2               1022337.7   794200.2   908268.9   804621.0
      pca1d                1022337.7   860104.3   941221.0   804621.0
      rabitq_strat         1022337.7   767930.2   895133.9   804621.0
      rsvd                 1022337.7   780581.6   901459.6   804621.0
      skilling_hilbert     1022337.7   687789.2   855063.4   804621.0
      sparse_rp            1022337.7   811474.2   916905.9   804621.0
      zorder_morton        1022337.7   805466.7   913902.2   804621.0
[16:45:01] (13/15) YFCC sf=10 done

[16:45:01] (14/15) DEEP_SIFT sf=10 start
[2026-05-21 01:45:02] DEEP_SIFT sf10: 벡터 fetch (table=partsupp_deep_sift_10)
[01:45:14]   fetched 8,000,000 × 96d (3072.0 MB) in 12.4s [npy-only]
[2026-05-21 01:45:15]   query 벡터 100개, rows 8,000,000
[2026-05-21 01:45:15]   hilbert_real strata 계산…
[2026-05-21 01:45:28]   skilling_hilbert strata 계산…
[2026-05-21 01:45:41]   chao_weighted strata 계산…
[2026-05-21 01:45:43]   ica_fastica strata 계산…
[2026-05-21 01:45:48]   pca1d strata 계산…
[2026-05-21 01:45:52]   zorder_morton strata 계산…
[2026-05-21 01:45:58]   hyperloglog strata 계산…
[2026-05-21 01:46:08]   cum_sqrtf strata 계산…
[2026-05-21 01:46:11]   lavallee_hidiroglou strata 계산…
[2026-05-21 01:46:15]   rsvd strata 계산…
[2026-05-21 01:46:18]   sparse_rp strata 계산…
[2026-05-21 01:46:20]   mhist2 strata 계산…
[2026-05-21 01:46:23]   rabitq_strat strata 계산…
[2026-05-21 01:46:27]   method 13/13종 준비 완료
Traceback (most recent call last):
  File "/mnt/hdd0/home/capstone2026/cache/rq3/gen_latency_estimates.py", line 202, in <module>
    main()
  File "/mnt/hdd0/home/capstone2026/cache/rq3/gen_latency_estimates.py", line 197, in main
    gen_estimates(args.dataset, args.sf, args.n_qvec, args.methods,
  File "/mnt/hdd0/home/capstone2026/cache/rq3/gen_latency_estimates.py", line 145, in gen_estimates
    est_b1 = float(np.mean([
  File "/mnt/hdd0/home/capstone2026/cache/rq3/gen_latency_estimates.py", line 146, in <listcomp>
    mc.bernoulli_estimate(samples_b1, sizes_b1, qvec, D, rng, budget=BUDGET)
  File "/mnt/hdd0/home/capstone2026/cache/rq3/_measure_common.py", line 387, in bernoulli_estimate
    d = np.linalg.norm(sub - qvec, axis=1)
ValueError: operands could not be broadcast together with shapes (385,96) (224,) 
[16:46:27] (14/15) DEEP_SIFT sf=10 done

[16:46:27] (15/15) DEEP_WIKI sf=10 start
[2026-05-21 01:46:28] DEEP_WIKI sf10: 벡터 fetch (table=partsupp_deep_wiki_10)
[01:46:56]   fetched 8,000,000 × 96d (3072.0 MB) in 28.7s [npy-only]
[2026-05-21 01:46:58]   query 벡터 100개, rows 8,000,000
[2026-05-21 01:46:58]   hilbert_real strata 계산…
[2026-05-21 01:47:06]   skilling_hilbert strata 계산…
[2026-05-21 01:47:19]   chao_weighted strata 계산…
[2026-05-21 01:47:21]   ica_fastica strata 계산…
[2026-05-21 01:47:26]   pca1d strata 계산…
[2026-05-21 01:47:29]   zorder_morton strata 계산…
[2026-05-21 01:47:35]   hyperloglog strata 계산…
[2026-05-21 01:47:46]   cum_sqrtf strata 계산…
[2026-05-21 01:47:49]   lavallee_hidiroglou strata 계산…
[2026-05-21 01:47:52]   rsvd strata 계산…
[2026-05-21 01:47:55]   sparse_rp strata 계산…
[2026-05-21 01:47:57]   mhist2 strata 계산…
[2026-05-21 01:47:59]   rabitq_strat strata 계산…
[2026-05-21 01:48:02]   method 13/13종 준비 완료
Traceback (most recent call last):
  File "/mnt/hdd0/home/capstone2026/cache/rq3/gen_latency_estimates.py", line 202, in <module>
    main()
  File "/mnt/hdd0/home/capstone2026/cache/rq3/gen_latency_estimates.py", line 197, in main
    gen_estimates(args.dataset, args.sf, args.n_qvec, args.methods,
  File "/mnt/hdd0/home/capstone2026/cache/rq3/gen_latency_estimates.py", line 145, in gen_estimates
    est_b1 = float(np.mean([
  File "/mnt/hdd0/home/capstone2026/cache/rq3/gen_latency_estimates.py", line 146, in <listcomp>
    mc.bernoulli_estimate(samples_b1, sizes_b1, qvec, D, rng, budget=BUDGET)
  File "/mnt/hdd0/home/capstone2026/cache/rq3/_measure_common.py", line 387, in bernoulli_estimate
    d = np.linalg.norm(sub - qvec, axis=1)
ValueError: operands could not be broadcast together with shapes (385,96) (864,) 
[16:48:02] (15/15) DEEP_WIKI sf=10 done

=========== Phase B1 estimates generation end 2026-05-20 16:48:02 ===========
-rw-rw-r-- 1 capstone2026 capstone2026  8620 May 20 14:31 latency/phase4_extension/estimates_DEEP_sf10.parquet
-rw-rw-r-- 1 capstone2026 capstone2026  8569 May 20 14:30 latency/phase4_extension/estimates_DEEP_sf1.parquet
-rw-rw-r-- 1 capstone2026 capstone2026  8258 May 20 15:03 latency/phase4_extension/estimates_SIFT_sf10.parquet
-rw-rw-r-- 1 capstone2026 capstone2026  8198 May 20 15:02 latency/phase4_extension/estimates_SIFT_sf1.parquet
-rw-rw-r-- 1 capstone2026 capstone2026  8811 May 20 15:39 latency/phase4_extension/estimates_SSN_sf10.parquet
-rw-rw-r-- 1 capstone2026 capstone2026  8836 May 20 15:34 latency/phase4_extension/estimates_SSN_sf1.parquet
-rw-rw-r-- 1 capstone2026 capstone2026 15876 May 20 16:10 latency/phase4_extension/estimates_WIKI_sf1.parquet
-rw-rw-r-- 1 capstone2026 capstone2026  8579 May 20 16:44 latency/phase4_extension/estimates_YFCC_sf10.parquet
-rw-rw-r-- 1 capstone2026 capstone2026  8590 May 20 16:41 latency/phase4_extension/estimates_YFCC_sf1.parquet
