[2026-05-07 00:51:17 KST] final_chain.sh START — waiting for /tmp/post_8m_done.flag
[2026-05-07 03:47:17 KST] /tmp/post_8m_done.flag detected — proceed to 1M extra methods

[2026-05-07 03:47:17 KST] === 1M extra: run_zorder.py START ===
[03:49:00] saved /mnt/hdd0/home/capstone2026/cache/rq1/rq3_zorder_meta.json

[03:49:00] total elapsed 101.8s
[2026-05-07 03:49:00 KST] run_zorder.py DONE

[2026-05-07 03:49:00 KST] === 1M extra: run_hybrid.py START ===
[03:50:58] saved /mnt/hdd0/home/capstone2026/cache/rq1/rq3_hybrid_meta.json

[03:50:58] total elapsed 116.3s
[2026-05-07 03:50:58 KST] run_hybrid.py DONE

[2026-05-07 03:50:58 KST] === 1M extra: run_minibatch_partial.py START ===
[03:52:47] saved /mnt/hdd0/home/capstone2026/cache/rq1/rq3_minibatch_partial_meta.json

[03:52:47] total elapsed 107.5s
[2026-05-07 03:52:47 KST] run_minibatch_partial.py DONE

[2026-05-07 03:52:47 KST] === 1M extra: run_pca1d.py START ===
[03:54:30] saved /mnt/hdd0/home/capstone2026/cache/rq1/rq3_pca1d_meta.json

[03:54:30] total elapsed 101.2s
[2026-05-07 03:54:30 KST] run_pca1d.py DONE

[2026-05-07 03:54:30 KST] === 1M extra: run_kdtree.py START ===
[03:56:11] saved /mnt/hdd0/home/capstone2026/cache/rq1/rq3_kdtree_meta.json

[03:56:11] total elapsed 100.8s
[2026-05-07 03:56:12 KST] run_kdtree.py DONE

[2026-05-07 03:56:12 KST] === 1M extra: run_pq.py START ===
[03:58:08] saved /mnt/hdd0/home/capstone2026/cache/rq1/rq3_pq_meta.json

[03:58:08] total elapsed 115.4s
[2026-05-07 03:58:08 KST] run_pq.py DONE

[2026-05-07 03:58:08 KST] === 1M extra: run_spectral.py START ===
[04:00:07] saved /mnt/hdd0/home/capstone2026/cache/rq1/rq3_spectral_meta.json

[04:00:07] total elapsed 117.0s
[2026-05-07 04:00:07 KST] run_spectral.py DONE

[2026-05-07 04:00:07 KST] === 1M extra: run_birch.py START ===
[04:02:18] saved /mnt/hdd0/home/capstone2026/cache/rq1/rq3_birch_meta.json

[04:02:18] total elapsed 129.8s
[2026-05-07 04:02:18 KST] run_birch.py DONE

[2026-05-07 04:02:18 KST] === SIFT mid-sel boost START ===
[04:03:17] total elapsed 58.1s

=== Summary ===
  SIFT × KM20 s=0.10: mean diff = -8.85% (n_seeds=5, std=0.97)
  SIFT × KM20 s=0.30: mean diff = -7.26% (n_seeds=5, std=0.52)
[2026-05-07 04:03:17 KST] sift_mid_sel DONE

[2026-05-07 04:03:17 KST] /tmp/final_chain_done.flag generated. 산출 회수 가능.

산출 location:
  /mnt/hdd0/home/capstone2026/cache/rq1/rq3_*.parquet (1M extra 8 method)
  /mnt/hdd0/home/capstone2026/cache/rq1/sift_mid_sel*.{parquet,json}

회수 명령 (로컬):
  scp 'capstone:/mnt/hdd0/home/capstone2026/cache/rq1/rq3_zorder*.parquet' experiments/results/rq3_agnostic/
  scp 'capstone:/mnt/hdd0/home/capstone2026/cache/rq1/rq3_hybrid*.parquet' experiments/results/rq3_agnostic/
  ... etc
