[2026-05-07 00:56:00 KST] phase2_chain.sh START — waiting for /tmp/final_chain_done.flag
[2026-05-07 04:04:01 KST] /tmp/final_chain_done.flag detected — proceed to phase 2 (4 missing methods)

[2026-05-07 04:04:01 KST] === Phase 2: run_gmm.py START ===
[04:05:49] saved /mnt/hdd0/home/capstone2026/cache/rq1/rq3_gmm_meta.json

[04:05:49] total elapsed 106.4s
[2026-05-07 04:05:49 KST] run_gmm.py DONE

[2026-05-07 04:05:49 KST] === Phase 2: run_hdbscan.py START ===
[04:08:21] saved /mnt/hdd0/home/capstone2026/cache/rq1/rq3_hdbscan_meta.json

[04:08:21] total elapsed 150.5s
[2026-05-07 04:08:21 KST] run_hdbscan.py DONE

[2026-05-07 04:08:21 KST] === Phase 2: run_sobol.py START ===
[04:10:03] saved /mnt/hdd0/home/capstone2026/cache/rq1/rq3_sobol_meta.json

[04:10:03] total elapsed 100.7s
[2026-05-07 04:10:03 KST] run_sobol.py DONE

[2026-05-07 04:10:03 KST] === Phase 2: run_sparse_rp.py START ===
[04:11:44] saved /mnt/hdd0/home/capstone2026/cache/rq1/rq3_sparse_rp_meta.json

[04:11:44] total elapsed 99.9s
[2026-05-07 04:11:44 KST] run_sparse_rp.py DONE

[2026-05-07 04:11:44 KST] /tmp/phase2_done.flag generated.

산출 location:
  /mnt/hdd0/home/capstone2026/cache/rq1/rq3_{gmm,hdbscan,sobol,sparse_rp}*.parquet
