[2026-05-06 23:19:29 KST] post_8m_pipeline.sh START — waiting for /tmp/measure_8m_done.flag
[2026-05-07 03:23:30 KST] /tmp/measure_8m_done.flag detected. content:
DONE_AT_18:23:22

[2026-05-07 03:23:30 KST] step 2: convert dtarget JSON → query_selectivity_8m.parquet
[load] phase7_8m_dtarget_midsel.json: 200 rows
[saved] /mnt/hdd0/home/capstone2026/cache/rq1/query_selectivity_8m.parquet (200 rows)

selectivity coverage:
selectivity
0.1    100
0.3    100
dtype: int64
[2026-05-07 03:23:30 KST] step 3: run_8m_sensitivity.py (6 methods)
[03:23:31] === RQ3 8M sensitivity ===
[03:23:31] methods: ['minibatch', 'random_proj', 'hilbert', 'zorder', 'lsh', 'hybrid', 'minibatch_partial', 'pca1d', 'kdtree', 'pq', 'spectral', 'birch', 'hdbscan', 'gmm', 'sobol', 'sparse_rp']

[03:23:31] === fetching 8M vectors (partsupp_deep_10_phase7_8m_subset) ===
[03:28:33]   fetched 8,000,000 × 96d (3072.0 MB) in 300.4s

[03:28:33] === DEEP_8M × minibatch ===
[03:28:36]   minibatch fit+assign elapsed: 3.4s on 80,000 learn samples → 8,000,000 all rows
[03:28:38]   stratum sizes (min/mean/max): 145998 / 400000 / 612797
[03:28:38]   loaded 100 queries (dim=96)
[03:28:38]   DEEP_8M       minibatch s=0.10 seed=0.1 (65ms) valid=100/100 med_qe=1.0971
[03:28:38]   DEEP_8M       minibatch s=0.10 seed=0.2 (56ms) valid=100/100 med_qe=1.1142
[03:28:38]   DEEP_8M       minibatch s=0.10 seed=0.3 (57ms) valid=100/100 med_qe=1.0827
[03:28:38]   DEEP_8M       minibatch s=0.10 seed=0.4 (56ms) valid=100/100 med_qe=1.1077
[03:28:39]   DEEP_8M       minibatch s=0.10 seed=0.5 (55ms) valid=100/100 med_qe=1.0884
[03:28:39]   DEEP_8M       minibatch s=0.30 seed=0.1 (55ms) valid=100/100 med_qe=1.0532
[03:28:39]   DEEP_8M       minibatch s=0.30 seed=0.2 (55ms) valid=100/100 med_qe=1.0403
[03:28:39]   DEEP_8M       minibatch s=0.30 seed=0.3 (55ms) valid=100/100 med_qe=1.0459
[03:28:39]   DEEP_8M       minibatch s=0.30 seed=0.4 (56ms) valid=100/100 med_qe=1.0529
[03:28:39]   DEEP_8M       minibatch s=0.30 seed=0.5 (55ms) valid=100/100 med_qe=1.0426
[03:28:39] DEEP_8M       minibatch: total 0.6s
[03:28:39] saved /mnt/hdd0/home/capstone2026/cache/rq1/rq3_8m_minibatch.parquet (1,000 rows)

=== mean q_error per (dataset × mode × sel) ===
                                 mean     std  median  count
dataset mode      selectivity                               
DEEP_8M minibatch 0.1          1.1185  0.1009  1.0942    500
                  0.3          1.0579  0.0445  1.0475    500
[03:28:39] saved /mnt/hdd0/home/capstone2026/cache/rq1/rq3_8m_minibatch_meta.json

[03:28:39] === DEEP_8M × random_proj ===
[03:28:42]   random_proj fit+assign elapsed: 2.7s on 80,000 learn samples → 8,000,000 all rows
[03:28:44]   stratum sizes (min/mean/max): 104262 / 400000 / 1079996
[03:28:44]   loaded 100 queries (dim=96)
[03:28:44]   DEEP_8M     random_proj s=0.10 seed=0.1 (61ms) valid=100/100 med_qe=1.1263
[03:28:44]   DEEP_8M     random_proj s=0.10 seed=0.2 (55ms) valid=100/100 med_qe=1.1028
[03:28:44]   DEEP_8M     random_proj s=0.10 seed=0.3 (55ms) valid=100/100 med_qe=1.1511
[03:28:44]   DEEP_8M     random_proj s=0.10 seed=0.4 (55ms) valid=100/100 med_qe=1.1492
[03:28:44]   DEEP_8M     random_proj s=0.10 seed=0.5 (54ms) valid=100/100 med_qe=1.1192
[03:28:44]   DEEP_8M     random_proj s=0.30 seed=0.1 (56ms) valid=100/100 med_qe=1.0767
[03:28:44]   DEEP_8M     random_proj s=0.30 seed=0.2 (55ms) valid=100/100 med_qe=1.0573
[03:28:44]   DEEP_8M     random_proj s=0.30 seed=0.3 (55ms) valid=100/100 med_qe=1.0767
[03:28:44]   DEEP_8M     random_proj s=0.30 seed=0.4 (55ms) valid=100/100 med_qe=1.0624
[03:28:44]   DEEP_8M     random_proj s=0.30 seed=0.5 (55ms) valid=100/100 med_qe=1.0574
[03:28:44] DEEP_8M     random_proj: total 0.6s
[03:28:44] saved /mnt/hdd0/home/capstone2026/cache/rq1/rq3_8m_random_proj.parquet (1,000 rows)

=== mean q_error per (dataset × mode × sel) ===
                                   mean     std  median  count
dataset mode        selectivity                               
DEEP_8M random_proj 0.1          1.1713  0.1488  1.1304    500
                    0.3          1.0818  0.0659  1.0643    500
[03:28:44] saved /mnt/hdd0/home/capstone2026/cache/rq1/rq3_8m_random_proj_meta.json

[03:28:44] === DEEP_8M × hilbert ===
[03:28:55]   hilbert fit+assign elapsed: 11.2s on 80,000 learn samples → 8,000,000 all rows
[03:28:57]   stratum sizes (min/mean/max): 389116 / 400000 / 411722
[03:28:57]   loaded 100 queries (dim=96)
[03:28:57]   DEEP_8M         hilbert s=0.10 seed=0.1 (62ms) valid=100/100 med_qe=1.0895
[03:28:57]   DEEP_8M         hilbert s=0.10 seed=0.2 (54ms) valid=100/100 med_qe=1.0970
[03:28:57]   DEEP_8M         hilbert s=0.10 seed=0.3 (55ms) valid=100/100 med_qe=1.0960
[03:28:57]   DEEP_8M         hilbert s=0.10 seed=0.4 (55ms) valid=100/100 med_qe=1.0898
[03:28:57]   DEEP_8M         hilbert s=0.10 seed=0.5 (55ms) valid=100/100 med_qe=1.1012
[03:28:57]   DEEP_8M         hilbert s=0.30 seed=0.1 (55ms) valid=100/100 med_qe=1.0509
[03:28:58]   DEEP_8M         hilbert s=0.30 seed=0.2 (55ms) valid=100/100 med_qe=1.0423
[03:28:58]   DEEP_8M         hilbert s=0.30 seed=0.3 (55ms) valid=100/100 med_qe=1.0492
[03:28:58]   DEEP_8M         hilbert s=0.30 seed=0.4 (55ms) valid=100/100 med_qe=1.0474
[03:28:58]   DEEP_8M         hilbert s=0.30 seed=0.5 (55ms) valid=100/100 med_qe=1.0462
[03:28:58] DEEP_8M         hilbert: total 0.6s
[03:28:58] saved /mnt/hdd0/home/capstone2026/cache/rq1/rq3_8m_hilbert.parquet (1,000 rows)

=== mean q_error per (dataset × mode × sel) ===
                               mean     std  median  count
dataset mode    selectivity                               
DEEP_8M hilbert 0.1          1.1175  0.0956  1.0966    500
                0.3          1.0549  0.0408  1.0464    500
[03:28:58] saved /mnt/hdd0/home/capstone2026/cache/rq1/rq3_8m_hilbert_meta.json

[03:28:58] === DEEP_8M × zorder ===
[03:29:02]   zorder fit+assign elapsed: 4.8s on 80,000 learn samples → 8,000,000 all rows
[03:29:04]   stratum sizes (min/mean/max): 386114 / 400000 / 412131
[03:29:04]   loaded 100 queries (dim=96)
[03:29:04]   DEEP_8M          zorder s=0.10 seed=0.1 (36ms) valid=100/100 med_qe=1.0829
[03:29:04]   DEEP_8M          zorder s=0.10 seed=0.2 (30ms) valid=100/100 med_qe=1.1205
[03:29:04]   DEEP_8M          zorder s=0.10 seed=0.3 (29ms) valid=100/100 med_qe=1.1086
[03:29:04]   DEEP_8M          zorder s=0.10 seed=0.4 (29ms) valid=100/100 med_qe=1.1168
[03:29:04]   DEEP_8M          zorder s=0.10 seed=0.5 (29ms) valid=100/100 med_qe=1.0787
[03:29:04]   DEEP_8M          zorder s=0.30 seed=0.1 (29ms) valid=100/100 med_qe=1.0494
[03:29:04]   DEEP_8M          zorder s=0.30 seed=0.2 (29ms) valid=100/100 med_qe=1.0594
[03:29:04]   DEEP_8M          zorder s=0.30 seed=0.3 (29ms) valid=100/100 med_qe=1.0445
[03:29:04]   DEEP_8M          zorder s=0.30 seed=0.4 (29ms) valid=100/100 med_qe=1.0372
[03:29:04]   DEEP_8M          zorder s=0.30 seed=0.5 (29ms) valid=100/100 med_qe=1.0476
[03:29:04] DEEP_8M          zorder: total 0.3s
[03:29:04] saved /mnt/hdd0/home/capstone2026/cache/rq1/rq3_8m_zorder.parquet (1,000 rows)

=== mean q_error per (dataset × mode × sel) ===
                              mean     std  median  count
dataset mode   selectivity                               
DEEP_8M zorder 0.1          1.1289  0.1116  1.0991    500
               0.3          1.0570  0.0440  1.0482    500
[03:29:04] saved /mnt/hdd0/home/capstone2026/cache/rq1/rq3_8m_zorder_meta.json

[03:29:04] === DEEP_8M × lsh ===
[03:29:04]   lsh fit+assign elapsed: 0.4s on 80,000 learn samples → 8,000,000 all rows
[03:29:05]   stratum sizes (min/mean/max): 94928 / 400000 / 937306
[03:29:05]   loaded 100 queries (dim=96)
[03:29:05]   DEEP_8M             lsh s=0.10 seed=0.1 (39ms) valid=100/100 med_qe=1.1226
[03:29:06]   DEEP_8M             lsh s=0.10 seed=0.2 (30ms) valid=100/100 med_qe=1.1052
[03:29:06]   DEEP_8M             lsh s=0.10 seed=0.3 (29ms) valid=100/100 med_qe=1.1165
[03:29:06]   DEEP_8M             lsh s=0.10 seed=0.4 (30ms) valid=100/100 med_qe=1.1460
[03:29:06]   DEEP_8M             lsh s=0.10 seed=0.5 (29ms) valid=100/100 med_qe=1.1418
[03:29:06]   DEEP_8M             lsh s=0.30 seed=0.1 (30ms) valid=100/100 med_qe=1.0549
[03:29:06]   DEEP_8M             lsh s=0.30 seed=0.2 (29ms) valid=100/100 med_qe=1.0626
[03:29:06]   DEEP_8M             lsh s=0.30 seed=0.3 (29ms) valid=100/100 med_qe=1.0701
[03:29:06]   DEEP_8M             lsh s=0.30 seed=0.4 (29ms) valid=100/100 med_qe=1.0602
[03:29:06]   DEEP_8M             lsh s=0.30 seed=0.5 (29ms) valid=100/100 med_qe=1.0787
[03:29:06] DEEP_8M             lsh: total 0.3s
[03:29:06] saved /mnt/hdd0/home/capstone2026/cache/rq1/rq3_8m_lsh.parquet (1,000 rows)

=== mean q_error per (dataset × mode × sel) ===
                            mean     std  median  count
dataset mode selectivity                               
DEEP_8M lsh  0.1          1.1576  0.1397  1.1262    500
             0.3          1.0784  0.0635  1.0627    500
[03:29:06] saved /mnt/hdd0/home/capstone2026/cache/rq1/rq3_8m_lsh_meta.json

[03:29:06] === DEEP_8M × hybrid ===
[03:29:22]   hybrid fit+assign elapsed: 15.9s on 80,000 learn samples → 8,000,000 all rows
[03:29:24]   stratum sizes (min/mean/max): 196153 / 400000 / 541779
[03:29:24]   loaded 100 queries (dim=96)
[03:29:24]   DEEP_8M          hybrid s=0.10 seed=0.1 (63ms) valid=100/100 med_qe=1.0825
[03:29:24]   DEEP_8M          hybrid s=0.10 seed=0.2 (55ms) valid=100/100 med_qe=1.0726
[03:29:24]   DEEP_8M          hybrid s=0.10 seed=0.3 (55ms) valid=100/100 med_qe=1.1030
[03:29:24]   DEEP_8M          hybrid s=0.10 seed=0.4 (55ms) valid=100/100 med_qe=1.1258
[03:29:24]   DEEP_8M          hybrid s=0.10 seed=0.5 (57ms) valid=100/100 med_qe=1.1107
[03:29:24]   DEEP_8M          hybrid s=0.30 seed=0.1 (57ms) valid=100/100 med_qe=1.0475
[03:29:24]   DEEP_8M          hybrid s=0.30 seed=0.2 (56ms) valid=100/100 med_qe=1.0412
[03:29:24]   DEEP_8M          hybrid s=0.30 seed=0.3 (61ms) valid=100/100 med_qe=1.0492
[03:29:24]   DEEP_8M          hybrid s=0.30 seed=0.4 (57ms) valid=100/100 med_qe=1.0465
[03:29:24]   DEEP_8M          hybrid s=0.30 seed=0.5 (60ms) valid=100/100 med_qe=1.0485
[03:29:24] DEEP_8M          hybrid: total 0.6s
[03:29:24] saved /mnt/hdd0/home/capstone2026/cache/rq1/rq3_8m_hybrid.parquet (1,000 rows)

=== mean q_error per (dataset × mode × sel) ===
                              mean     std  median  count
dataset mode   selectivity                               
DEEP_8M hybrid 0.1          1.1232  0.1003  1.0966    500
               0.3          1.0559  0.0440  1.0465    500
[03:29:24] saved /mnt/hdd0/home/capstone2026/cache/rq1/rq3_8m_hybrid_meta.json

[03:29:24] === DEEP_8M × minibatch_partial ===
[03:29:38]   minibatch_partial fit+assign elapsed: 13.7s on 80,000 learn samples → 8,000,000 all rows
[03:29:40]   stratum sizes (min/mean/max): 248393 / 400000 / 545431
[03:29:40]   loaded 100 queries (dim=96)
[03:29:40]   DEEP_8M minibatch_partial s=0.10 seed=0.1 (60ms) valid=100/100 med_qe=1.0958
[03:29:41]   DEEP_8M minibatch_partial s=0.10 seed=0.2 (54ms) valid=100/100 med_qe=1.0877
[03:29:41]   DEEP_8M minibatch_partial s=0.10 seed=0.3 (55ms) valid=100/100 med_qe=1.0918
[03:29:41]   DEEP_8M minibatch_partial s=0.10 seed=0.4 (56ms) valid=100/100 med_qe=1.0808
[03:29:41]   DEEP_8M minibatch_partial s=0.10 seed=0.5 (55ms) valid=100/100 med_qe=1.1004
[03:29:41]   DEEP_8M minibatch_partial s=0.30 seed=0.1 (56ms) valid=100/100 med_qe=1.0472
[03:29:41]   DEEP_8M minibatch_partial s=0.30 seed=0.2 (58ms) valid=100/100 med_qe=1.0398
[03:29:41]   DEEP_8M minibatch_partial s=0.30 seed=0.3 (55ms) valid=100/100 med_qe=1.0417
[03:29:41]   DEEP_8M minibatch_partial s=0.30 seed=0.4 (57ms) valid=100/100 med_qe=1.0406
[03:29:41]   DEEP_8M minibatch_partial s=0.30 seed=0.5 (56ms) valid=100/100 med_qe=1.0557
[03:29:41] DEEP_8M minibatch_partial: total 0.6s
[03:29:41] saved /mnt/hdd0/home/capstone2026/cache/rq1/rq3_8m_minibatch_partial.parquet (1,000 rows)

=== mean q_error per (dataset × mode × sel) ===
                                         mean     std  median  count
dataset mode              selectivity                               
DEEP_8M minibatch_partial 0.1          1.1206  0.1118  1.0902    500
                          0.3          1.0548  0.0434  1.0455    500
[03:29:41] saved /mnt/hdd0/home/capstone2026/cache/rq1/rq3_8m_minibatch_partial_meta.json

[03:29:41] === DEEP_8M × pca1d ===
[03:29:45]   pca1d fit+assign elapsed: 4.1s on 80,000 learn samples → 8,000,000 all rows
[03:29:47]   stratum sizes (min/mean/max): 391080 / 400000 / 414202
[03:29:47]   loaded 100 queries (dim=96)
[03:29:47]   DEEP_8M           pca1d s=0.10 seed=0.1 (63ms) valid=100/100 med_qe=1.1019
[03:29:47]   DEEP_8M           pca1d s=0.10 seed=0.2 (55ms) valid=100/100 med_qe=1.0915
[03:29:47]   DEEP_8M           pca1d s=0.10 seed=0.3 (55ms) valid=100/100 med_qe=1.1141
[03:29:47]   DEEP_8M           pca1d s=0.10 seed=0.4 (56ms) valid=100/100 med_qe=1.1069
[03:29:47]   DEEP_8M           pca1d s=0.10 seed=0.5 (55ms) valid=100/100 med_qe=1.0895
[03:29:47]   DEEP_8M           pca1d s=0.30 seed=0.1 (55ms) valid=100/100 med_qe=1.0546
[03:29:47]   DEEP_8M           pca1d s=0.30 seed=0.2 (55ms) valid=100/100 med_qe=1.0358
[03:29:47]   DEEP_8M           pca1d s=0.30 seed=0.3 (55ms) valid=100/100 med_qe=1.0532
[03:29:47]   DEEP_8M           pca1d s=0.30 seed=0.4 (56ms) valid=100/100 med_qe=1.0619
[03:29:47]   DEEP_8M           pca1d s=0.30 seed=0.5 (55ms) valid=100/100 med_qe=1.0437
[03:29:47] DEEP_8M           pca1d: total 0.6s
[03:29:47] saved /mnt/hdd0/home/capstone2026/cache/rq1/rq3_8m_pca1d.parquet (1,000 rows)

=== mean q_error per (dataset × mode × sel) ===
                             mean     std  median  count
dataset mode  selectivity                               
DEEP_8M pca1d 0.1          1.1272  0.1077  1.0985    500
              0.3          1.0602  0.0487  1.0512    500
[03:29:47] saved /mnt/hdd0/home/capstone2026/cache/rq1/rq3_8m_pca1d_meta.json

[03:29:47] === DEEP_8M × kdtree ===
[03:29:58]   kdtree fit+assign elapsed: 10.8s on 80,000 learn samples → 8,000,000 all rows
[03:30:00]   stratum sizes (min/mean/max): 243080 / 400000 / 510171
[03:30:00]   loaded 100 queries (dim=96)
[03:30:00]   DEEP_8M          kdtree s=0.10 seed=0.1 (64ms) valid=100/100 med_qe=1.1168
[03:30:00]   DEEP_8M          kdtree s=0.10 seed=0.2 (55ms) valid=100/100 med_qe=1.0962
[03:30:00]   DEEP_8M          kdtree s=0.10 seed=0.3 (55ms) valid=100/100 med_qe=1.1143
[03:30:00]   DEEP_8M          kdtree s=0.10 seed=0.4 (55ms) valid=100/100 med_qe=1.0821
[03:30:00]   DEEP_8M          kdtree s=0.10 seed=0.5 (55ms) valid=100/100 med_qe=1.0982
[03:30:00]   DEEP_8M          kdtree s=0.30 seed=0.1 (55ms) valid=100/100 med_qe=1.0542
[03:30:00]   DEEP_8M          kdtree s=0.30 seed=0.2 (55ms) valid=100/100 med_qe=1.0504
[03:30:00]   DEEP_8M          kdtree s=0.30 seed=0.3 (55ms) valid=100/100 med_qe=1.0435
[03:30:00]   DEEP_8M          kdtree s=0.30 seed=0.4 (56ms) valid=100/100 med_qe=1.0498
[03:30:00]   DEEP_8M          kdtree s=0.30 seed=0.5 (56ms) valid=100/100 med_qe=1.0400
[03:30:00] DEEP_8M          kdtree: total 0.6s
[03:30:00] saved /mnt/hdd0/home/capstone2026/cache/rq1/rq3_8m_kdtree.parquet (1,000 rows)

=== mean q_error per (dataset × mode × sel) ===
                              mean     std  median  count
dataset mode   selectivity                               
DEEP_8M kdtree 0.1          1.1245  0.1044  1.0995    500
               0.3          1.0600  0.0510  1.0486    500
[03:30:00] saved /mnt/hdd0/home/capstone2026/cache/rq1/rq3_8m_kdtree_meta.json

[03:30:00] === DEEP_8M × pq ===
[03:30:26]   pq fit+assign elapsed: 25.8s on 80,000 learn samples → 8,000,000 all rows
[03:30:28]   stratum sizes (min/mean/max): 15073 / 400000 / 1112472
[03:30:28]   loaded 100 queries (dim=96)
[03:30:29]   DEEP_8M              pq s=0.10 seed=0.1 (62ms) valid=100/100 med_qe=1.1311
[03:30:29]   DEEP_8M              pq s=0.10 seed=0.2 (55ms) valid=100/100 med_qe=1.1147
[03:30:29]   DEEP_8M              pq s=0.10 seed=0.3 (57ms) valid=100/100 med_qe=1.1179
[03:30:29]   DEEP_8M              pq s=0.10 seed=0.4 (55ms) valid=100/100 med_qe=1.1224
[03:30:29]   DEEP_8M              pq s=0.10 seed=0.5 (56ms) valid=100/100 med_qe=1.1244
[03:30:29]   DEEP_8M              pq s=0.30 seed=0.1 (57ms) valid=100/100 med_qe=1.0492
[03:30:29]   DEEP_8M              pq s=0.30 seed=0.2 (55ms) valid=100/100 med_qe=1.0601
[03:30:29]   DEEP_8M              pq s=0.30 seed=0.3 (55ms) valid=100/100 med_qe=1.0558
[03:30:29]   DEEP_8M              pq s=0.30 seed=0.4 (57ms) valid=100/100 med_qe=1.0607
[03:30:29]   DEEP_8M              pq s=0.30 seed=0.5 (55ms) valid=100/100 med_qe=1.0540
[03:30:29] DEEP_8M              pq: total 0.6s
[03:30:29] saved /mnt/hdd0/home/capstone2026/cache/rq1/rq3_8m_pq.parquet (1,000 rows)

=== mean q_error per (dataset × mode × sel) ===
                            mean     std  median  count
dataset mode selectivity                               
DEEP_8M pq   0.1          1.1625  0.1473  1.1202    500
             0.3          1.0684  0.0537  1.0561    500
[03:30:29] saved /mnt/hdd0/home/capstone2026/cache/rq1/rq3_8m_pq_meta.json

[03:30:29] === DEEP_8M × spectral ===
[03:30:40]   spectral fit+assign elapsed: 10.8s on 80,000 learn samples → 8,000,000 all rows
[03:30:42]   stratum sizes (min/mean/max): 26257 / 400000 / 1212810
[03:30:42]   loaded 100 queries (dim=96)
[03:30:42]   DEEP_8M        spectral s=0.10 seed=0.1 (98ms) valid=100/100 med_qe=1.1376
[03:30:43]   DEEP_8M        spectral s=0.10 seed=0.2 (62ms) valid=100/100 med_qe=1.1255
[03:30:43]   DEEP_8M        spectral s=0.10 seed=0.3 (56ms) valid=100/100 med_qe=1.0981
[03:30:43]   DEEP_8M        spectral s=0.10 seed=0.4 (55ms) valid=100/100 med_qe=1.0919
[03:30:43]   DEEP_8M        spectral s=0.10 seed=0.5 (59ms) valid=100/100 med_qe=1.1452
[03:30:43]   DEEP_8M        spectral s=0.30 seed=0.1 (55ms) valid=100/100 med_qe=1.0581
[03:30:43]   DEEP_8M        spectral s=0.30 seed=0.2 (58ms) valid=100/100 med_qe=1.0708
[03:30:43]   DEEP_8M        spectral s=0.30 seed=0.3 (55ms) valid=100/100 med_qe=1.0528
[03:30:43]   DEEP_8M        spectral s=0.30 seed=0.4 (58ms) valid=100/100 med_qe=1.0513
[03:30:43]   DEEP_8M        spectral s=0.30 seed=0.5 (55ms) valid=100/100 med_qe=1.0508
[03:30:43] DEEP_8M        spectral: total 0.6s
[03:30:43] saved /mnt/hdd0/home/capstone2026/cache/rq1/rq3_8m_spectral.parquet (1,000 rows)

=== mean q_error per (dataset × mode × sel) ===
                                mean     std  median  count
dataset mode     selectivity                               
DEEP_8M spectral 0.1          1.1514  0.1306  1.1198    500
                 0.3          1.0710  0.0581  1.0553    500
[03:30:43] saved /mnt/hdd0/home/capstone2026/cache/rq1/rq3_8m_spectral_meta.json

[03:30:43] === DEEP_8M × birch ===
[03:33:10]   birch fit+assign elapsed: 147.5s on 80,000 learn samples → 8,000,000 all rows
[03:33:12]   stratum sizes (min/mean/max): 158592 / 400000 / 897177
[03:33:12]   loaded 100 queries (dim=96)
[03:33:12]   DEEP_8M           birch s=0.10 seed=0.1 (41ms) valid=100/100 med_qe=1.1091
[03:33:12]   DEEP_8M           birch s=0.10 seed=0.2 (34ms) valid=100/100 med_qe=1.0904
[03:33:12]   DEEP_8M           birch s=0.10 seed=0.3 (32ms) valid=100/100 med_qe=1.1073
[03:33:12]   DEEP_8M           birch s=0.10 seed=0.4 (32ms) valid=100/100 med_qe=1.0990
[03:33:12]   DEEP_8M           birch s=0.10 seed=0.5 (30ms) valid=100/100 med_qe=1.1138
[03:33:12]   DEEP_8M           birch s=0.30 seed=0.1 (31ms) valid=100/100 med_qe=1.0518
[03:33:12]   DEEP_8M           birch s=0.30 seed=0.2 (30ms) valid=100/100 med_qe=1.0557
[03:33:12]   DEEP_8M           birch s=0.30 seed=0.3 (31ms) valid=100/100 med_qe=1.0520
[03:33:12]   DEEP_8M           birch s=0.30 seed=0.4 (32ms) valid=100/100 med_qe=1.0481
[03:33:12]   DEEP_8M           birch s=0.30 seed=0.5 (32ms) valid=100/100 med_qe=1.0472
[03:33:12] DEEP_8M           birch: total 0.3s
[03:33:12] saved /mnt/hdd0/home/capstone2026/cache/rq1/rq3_8m_birch.parquet (1,000 rows)

=== mean q_error per (dataset × mode × sel) ===
                             mean     std  median  count
dataset mode  selectivity                               
DEEP_8M birch 0.1          1.1284  0.1039  1.1034    500
              0.3          1.0607  0.0469  1.0518    500
[03:33:12] saved /mnt/hdd0/home/capstone2026/cache/rq1/rq3_8m_birch_meta.json

[03:33:12] === DEEP_8M × hdbscan ===
[03:46:14]   hdbscan fit+assign elapsed: 782.3s on 80,000 learn samples → 8,000,000 all rows
[03:46:16]   stratum sizes (min/mean/max): 187137 / 400000 / 574567
[03:46:16]   loaded 100 queries (dim=96)
[03:46:16]   DEEP_8M         hdbscan s=0.10 seed=0.1 (64ms) valid=100/100 med_qe=1.1062
[03:46:16]   DEEP_8M         hdbscan s=0.10 seed=0.2 (61ms) valid=100/100 med_qe=1.1082
[03:46:16]   DEEP_8M         hdbscan s=0.10 seed=0.3 (61ms) valid=100/100 med_qe=1.0867
[03:46:16]   DEEP_8M         hdbscan s=0.10 seed=0.4 (62ms) valid=100/100 med_qe=1.0986
[03:46:17]   DEEP_8M         hdbscan s=0.10 seed=0.5 (64ms) valid=100/100 med_qe=1.1016
[03:46:17]   DEEP_8M         hdbscan s=0.30 seed=0.1 (59ms) valid=100/100 med_qe=1.0457
[03:46:17]   DEEP_8M         hdbscan s=0.30 seed=0.2 (62ms) valid=100/100 med_qe=1.0435
[03:46:17]   DEEP_8M         hdbscan s=0.30 seed=0.3 (62ms) valid=100/100 med_qe=1.0429
[03:46:17]   DEEP_8M         hdbscan s=0.30 seed=0.4 (62ms) valid=100/100 med_qe=1.0349
[03:46:17]   DEEP_8M         hdbscan s=0.30 seed=0.5 (62ms) valid=100/100 med_qe=1.0391
[03:46:17] DEEP_8M         hdbscan: total 0.6s
[03:46:17] saved /mnt/hdd0/home/capstone2026/cache/rq1/rq3_8m_hdbscan.parquet (1,000 rows)

=== mean q_error per (dataset × mode × sel) ===
                               mean     std  median  count
dataset mode    selectivity                               
DEEP_8M hdbscan 0.1          1.1190  0.0989  1.0950    500
                0.3          1.0534  0.0431  1.0407    500
[03:46:17] saved /mnt/hdd0/home/capstone2026/cache/rq1/rq3_8m_hdbscan_meta.json

[03:46:17] === DEEP_8M × gmm ===
[03:46:24]   gmm fit+assign elapsed: 7.0s on 80,000 learn samples → 8,000,000 all rows
[03:46:26]   stratum sizes (min/mean/max): 139553 / 400000 / 1064305
[03:46:26]   loaded 100 queries (dim=96)
[03:46:26]   DEEP_8M             gmm s=0.10 seed=0.1 (64ms) valid=100/100 med_qe=1.0783
[03:46:26]   DEEP_8M             gmm s=0.10 seed=0.2 (59ms) valid=100/100 med_qe=1.1290
[03:46:26]   DEEP_8M             gmm s=0.10 seed=0.3 (60ms) valid=100/100 med_qe=1.1170
[03:46:26]   DEEP_8M             gmm s=0.10 seed=0.4 (58ms) valid=100/100 med_qe=1.0996
[03:46:26]   DEEP_8M             gmm s=0.10 seed=0.5 (62ms) valid=100/100 med_qe=1.0865
[03:46:26]   DEEP_8M             gmm s=0.30 seed=0.1 (62ms) valid=100/100 med_qe=1.0461
[03:46:26]   DEEP_8M             gmm s=0.30 seed=0.2 (63ms) valid=100/100 med_qe=1.0564
[03:46:26]   DEEP_8M             gmm s=0.30 seed=0.3 (62ms) valid=100/100 med_qe=1.0602
[03:46:26]   DEEP_8M             gmm s=0.30 seed=0.4 (62ms) valid=100/100 med_qe=1.0452
[03:46:26]   DEEP_8M             gmm s=0.30 seed=0.5 (62ms) valid=100/100 med_qe=1.0556
[03:46:26] DEEP_8M             gmm: total 0.6s
[03:46:26] saved /mnt/hdd0/home/capstone2026/cache/rq1/rq3_8m_gmm.parquet (1,000 rows)

=== mean q_error per (dataset × mode × sel) ===
                            mean     std  median  count
dataset mode selectivity                               
DEEP_8M gmm  0.1          1.1245  0.1136  1.1010    500
             0.3          1.0617  0.0474  1.0526    500
[03:46:26] saved /mnt/hdd0/home/capstone2026/cache/rq1/rq3_8m_gmm_meta.json

[03:46:26] === DEEP_8M × sobol ===
[03:46:32]   sobol fit+assign elapsed: 5.7s on 80,000 learn samples → 8,000,000 all rows
[03:46:34]   stratum sizes (min/mean/max): 0 / 400000 / 1071389
[03:46:34]   loaded 100 queries (dim=96)
[03:46:34]   DEEP_8M           sobol s=0.10 seed=0.1 (64ms) valid=100/100 med_qe=1.1066
[03:46:34]   DEEP_8M           sobol s=0.10 seed=0.2 (59ms) valid=100/100 med_qe=1.1165
[03:46:34]   DEEP_8M           sobol s=0.10 seed=0.3 (59ms) valid=100/100 med_qe=1.1647
[03:46:34]   DEEP_8M           sobol s=0.10 seed=0.4 (59ms) valid=100/100 med_qe=1.1304
[03:46:34]   DEEP_8M           sobol s=0.10 seed=0.5 (60ms) valid=100/100 med_qe=1.1391
[03:46:34]   DEEP_8M           sobol s=0.30 seed=0.1 (60ms) valid=100/100 med_qe=1.0631
[03:46:34]   DEEP_8M           sobol s=0.30 seed=0.2 (59ms) valid=100/100 med_qe=1.0690
[03:46:34]   DEEP_8M           sobol s=0.30 seed=0.3 (59ms) valid=100/100 med_qe=1.0729
[03:46:34]   DEEP_8M           sobol s=0.30 seed=0.4 (59ms) valid=100/100 med_qe=1.0768
[03:46:34]   DEEP_8M           sobol s=0.30 seed=0.5 (59ms) valid=100/100 med_qe=1.0693
[03:46:34] DEEP_8M           sobol: total 0.6s
[03:46:34] saved /mnt/hdd0/home/capstone2026/cache/rq1/rq3_8m_sobol.parquet (1,000 rows)

=== mean q_error per (dataset × mode × sel) ===
                             mean     std  median  count
dataset mode  selectivity                               
DEEP_8M sobol 0.1          1.1681  0.1455  1.1324    500
              0.3          1.0837  0.0665  1.0700    500
[03:46:34] saved /mnt/hdd0/home/capstone2026/cache/rq1/rq3_8m_sobol_meta.json

[03:46:34] === DEEP_8M × sparse_rp ===
[03:46:35]   sparse_rp fit+assign elapsed: 0.8s on 80,000 learn samples → 8,000,000 all rows
[03:46:37]   stratum sizes (min/mean/max): 399999 / 400000 / 400001
[03:46:37]   loaded 100 queries (dim=96)
[03:46:37]   DEEP_8M       sparse_rp s=0.10 seed=0.1 (61ms) valid=100/100 med_qe=1.0888
[03:46:37]   DEEP_8M       sparse_rp s=0.10 seed=0.2 (55ms) valid=100/100 med_qe=1.1214
[03:46:37]   DEEP_8M       sparse_rp s=0.10 seed=0.3 (56ms) valid=100/100 med_qe=1.1065
[03:46:37]   DEEP_8M       sparse_rp s=0.10 seed=0.4 (58ms) valid=100/100 med_qe=1.1029
[03:46:37]   DEEP_8M       sparse_rp s=0.10 seed=0.5 (56ms) valid=100/100 med_qe=1.1387
[03:46:37]   DEEP_8M       sparse_rp s=0.30 seed=0.1 (58ms) valid=100/100 med_qe=1.0490
[03:46:37]   DEEP_8M       sparse_rp s=0.30 seed=0.2 (58ms) valid=100/100 med_qe=1.0507
[03:46:37]   DEEP_8M       sparse_rp s=0.30 seed=0.3 (58ms) valid=100/100 med_qe=1.0644
[03:46:37]   DEEP_8M       sparse_rp s=0.30 seed=0.4 (59ms) valid=100/100 med_qe=1.0477
[03:46:37]   DEEP_8M       sparse_rp s=0.30 seed=0.5 (59ms) valid=100/100 med_qe=1.0486
[03:46:37] DEEP_8M       sparse_rp: total 0.6s
[03:46:37] saved /mnt/hdd0/home/capstone2026/cache/rq1/rq3_8m_sparse_rp.parquet (1,000 rows)

=== mean q_error per (dataset × mode × sel) ===
                                 mean     std  median  count
dataset mode      selectivity                               
DEEP_8M sparse_rp 0.1          1.1324  0.1050  1.1082    500
                  0.3          1.0626  0.0467  1.0523    500
[03:46:37] saved /mnt/hdd0/home/capstone2026/cache/rq1/rq3_8m_sparse_rp_meta.json

[03:46:37] === 8M sensitivity 측정 완료 ===
[2026-05-07 03:46:39 KST] step 4: 산출 확인
-rw-rw-r-- 1 capstone2026 capstone2026 27650 May  6 18:33 /mnt/hdd0/home/capstone2026/cache/rq1/rq3_8m_birch.parquet
-rw-rw-r-- 1 capstone2026 capstone2026 27151 May  6 18:46 /mnt/hdd0/home/capstone2026/cache/rq1/rq3_8m_gmm.parquet
-rw-rw-r-- 1 capstone2026 capstone2026 27900 May  6 18:46 /mnt/hdd0/home/capstone2026/cache/rq1/rq3_8m_hdbscan.parquet
-rw-rw-r-- 1 capstone2026 capstone2026 27900 May  6 18:28 /mnt/hdd0/home/capstone2026/cache/rq1/rq3_8m_hilbert.parquet
-rw-rw-r-- 1 capstone2026 capstone2026 27189 May  6 18:29 /mnt/hdd0/home/capstone2026/cache/rq1/rq3_8m_hybrid.parquet
-rw-rw-r-- 1 capstone2026 capstone2026 27257 May  6 18:30 /mnt/hdd0/home/capstone2026/cache/rq1/rq3_8m_kdtree.parquet
-rw-rw-r-- 1 capstone2026 capstone2026 27263 May  6 18:29 /mnt/hdd0/home/capstone2026/cache/rq1/rq3_8m_lsh.parquet
-rw-rw-r-- 1 capstone2026 capstone2026 27126 May  6 18:28 /mnt/hdd0/home/capstone2026/cache/rq1/rq3_8m_minibatch.parquet
-rw-rw-r-- 1 capstone2026 capstone2026 27177 May  6 18:29 /mnt/hdd0/home/capstone2026/cache/rq1/rq3_8m_minibatch_partial.parquet
-rw-rw-r-- 1 capstone2026 capstone2026 27890 May  6 18:29 /mnt/hdd0/home/capstone2026/cache/rq1/rq3_8m_pca1d.parquet
-rw-rw-r-- 1 capstone2026 capstone2026 27371 May  6 18:30 /mnt/hdd0/home/capstone2026/cache/rq1/rq3_8m_pq.parquet
-rw-rw-r-- 1 capstone2026 capstone2026 27212 May  6 18:28 /mnt/hdd0/home/capstone2026/cache/rq1/rq3_8m_random_proj.parquet
-rw-rw-r-- 1 capstone2026 capstone2026 27315 May  6 18:46 /mnt/hdd0/home/capstone2026/cache/rq1/rq3_8m_sobol.parquet
-rw-rw-r-- 1 capstone2026 capstone2026 27082 May  6 18:46 /mnt/hdd0/home/capstone2026/cache/rq1/rq3_8m_sparse_rp.parquet
-rw-rw-r-- 1 capstone2026 capstone2026 27182 May  6 18:30 /mnt/hdd0/home/capstone2026/cache/rq1/rq3_8m_spectral.parquet
-rw-rw-r-- 1 capstone2026 capstone2026 27220 May  6 18:29 /mnt/hdd0/home/capstone2026/cache/rq1/rq3_8m_zorder.parquet

[2026-05-07 03:46:39 KST] step 5: q_error mean summary
총 16,000 rows from 16 files

selectivity                   0.1     0.3
dataset mode                             
DEEP_8M birch              1.1284  1.0607
        gmm                1.1245  1.0617
        hdbscan            1.1190  1.0534
        hilbert            1.1175  1.0549
        hybrid             1.1232  1.0559
        kdtree             1.1245  1.0600
        lsh                1.1576  1.0784
        minibatch          1.1185  1.0579
        minibatch_partial  1.1206  1.0548
        pca1d              1.1272  1.0602
        pq                 1.1625  1.0684
        random_proj        1.1713  1.0818
        sobol              1.1681  1.0837
        sparse_rp          1.1324  1.0626
        spectral           1.1514  1.0710
        zorder             1.1289  1.0570
[2026-05-07 03:46:39 KST] /tmp/post_8m_done.flag generated. 사용자 회수 가능 상태.

회수 명령 (로컬):
  scp 'capstone:/mnt/hdd0/home/capstone2026/cache/rq1/rq3_8m_*.parquet' experiments/results/rq3_agnostic/
  ssh capstone 'cat /mnt/hdd0/home/capstone2026/cache/post_8m_pipeline.log'  # 본 로그 직접 확인
