[17:18:50] ========================================
[17:18:50] RQ2 REMAINING EXPERIMENTS — ALL IN ONE
[17:18:50] ========================================

[17:18:50] ====== #1: 8M RANDOM20 GRADIENT ======
[17:18:50] 8M KM20 measurement (s=0.010, 0.050)

[17:18:50] --- 8M-KM20 s=0.01 (100 queries) ---
[17:39:13]   seed=0.1: B=6.2122 S=8.0179 d=-29.07% p=9.68e-01 win=39/100 (1223s)
[17:59:14]   seed=0.2: B=8.2829 S=7.4628 d=+9.90% p=4.89e-01 win=50/100 (1201s)
[18:19:17]   seed=0.3: B=8.2829 S=8.1607 d=+1.47% p=2.76e-01 win=52/100 (1203s)
[18:39:32]   seed=0.4: B=8.2829 S=8.0630 d=+2.65% p=8.44e-01 win=44/100 (1215s)
[19:01:31]   seed=0.5: B=8.2829 S=7.3313 d=+11.49% p=3.53e-01 win=48/100 (1320s)

[19:01:31] --- 8M-KM20 s=0.05 (100 queries) ---
[19:27:57]   seed=0.1: B=7.8688 S=8.0498 d=-2.30% p=8.42e-01 win=43/100 (1586s)
[19:49:02]   seed=0.2: B=7.6617 S=7.8607 d=-2.60% p=6.74e-01 win=45/100 (1265s)
[20:10:03]   seed=0.3: B=7.8687 S=7.7961 d=+0.92% p=6.98e-01 win=52/100 (1261s)
[20:30:58]   seed=0.4: B=7.8687 S=7.5580 d=+3.95% p=5.94e-01 win=52/100 (1255s)
[20:51:46]   seed=0.5: B=8.2829 S=8.0528 d=+2.78% p=2.83e-01 win=56/100 (1248s)
[21:01:27] RANDOM20 partition set on partsupp_deep_10_phase7_8m_subset
[21:01:27] 8M RANDOM20 measurement (s=0.010, 0.050, 0.500)

[21:01:27] --- 8M-RAND s=0.01 (100 queries) ---
[22:00:01]   seed=0.1: B=8.3674 S=7.4701 d=+10.72% p=5.55e-01 win=49/100 (3514s)
[22:45:58]   seed=0.2: B=8.3117 S=8.5502 d=-2.87% p=4.44e-01 win=45/100 (2757s)
[23:31:59]   seed=0.3: B=8.3117 S=6.9878 d=+15.93% p=7.21e-01 win=49/100 (2761s)
[00:18:00]   seed=0.4: B=8.3117 S=7.1505 d=+13.97% p=2.31e-01 win=54/100 (2761s)
[01:03:58]   seed=0.5: B=8.3117 S=6.8530 d=+17.55% p=4.24e-01 win=49/100 (2758s)

[01:03:58] --- 8M-RAND s=0.05 (100 queries) ---
[01:49:48]   seed=0.1: B=7.4805 S=7.7919 d=-4.16% p=5.76e-01 win=51/100 (2750s)
[02:36:59]   seed=0.2: B=8.3117 S=8.3826 d=-0.85% p=4.47e-01 win=47/100 (2831s)
[03:24:08]   seed=0.3: B=8.3117 S=7.9445 d=+4.42% p=4.53e-01 win=52/100 (2830s)
[04:11:19]   seed=0.4: B=7.8961 S=7.9114 d=-0.19% p=7.62e-01 win=46/100 (2831s)
[04:58:30]   seed=0.5: B=7.8961 S=7.7545 d=+1.79% p=5.53e-02 win=63/100 (2831s)

[04:58:30] --- 8M-RAND s=0.5 (100 queries) ---
[05:45:35]   seed=0.1: B=1.0443 S=1.0382 d=+0.59% p=4.77e-02* win=57/100 (2825s)
[06:32:49]   seed=0.2: B=1.0414 S=1.0348 d=+0.63% p=6.69e-02 win=57/100 (2834s)
[07:19:59]   seed=0.3: B=1.0485 S=1.0305 d=+1.71% p=3.55e-03** win=56/100 (2829s)
[08:06:12]   seed=0.4: B=1.0467 S=1.0367 d=+0.96% p=6.26e-02 win=51/100 (2774s)
[08:51:54]   seed=0.5: B=1.0470 S=1.0303 d=+1.59% p=2.54e-02* win=61/100 (2742s)
[08:55:52] KM20 restored on partsupp_deep_10_phase7_8m_subset

[08:55:52] ====== #2: SIFT D_target RECALC ======
[08:55:53] SIFT: 1500000 rows, 20 strata
[08:55:53] Creating SIFT query pool from DB...
[08:56:09] Saved SIFT query pool: 100
[08:56:09] SIFT D_target for s=0.01...
[08:56:09] D_target binary search: customer_sift_10_phase7_noidx_subset, target_sel=0.01, total=1500000
Traceback (most recent call last):
  File "/mnt/hdd0/home/capstone2026/cache/rq1_rq2_remaining_all.py", line 353, in <module>
    main()
  File "/mnt/hdd0/home/capstone2026/cache/rq1_rq2_remaining_all.py", line 281, in main
    dt = dtarget_binary_search(conn, TABLE_SIFT, "c_embedding", sift_qp, N_QUERIES, sel, sift_total)
  File "/mnt/hdd0/home/capstone2026/cache/rq1_rq2_remaining_all.py", line 184, in dtarget_binary_search
    cur.execute(f"SELECT count(*) FROM {table} WHERE ({emb_col} <-> '{vec_str}'::vector) < {mid}")
  File "/home/capstone2026/.local/lib/python3.10/site-packages/psycopg/cursor.py", line 117, in execute
    raise ex.with_traceback(None)
psycopg.errors.InternalError_: unrecognized node type: 808464432
