[13:00:51] SIFT queries: 300

[13:00:51] ====== #3: SIFT KM20 vs BERN ======

[13:00:51] --- SIFT-KM20 s=0.01 (100 queries) ---
[13:06:09]   seed=0.1: B=1.4435 S=1.4534 d=-0.68% p=4.47e-01 win=48/100 (319s)
[13:11:21]   seed=0.2: B=1.4435 S=1.4636 d=-1.39% p=6.22e-01 win=45/100 (312s)
[13:16:31]   seed=0.3: B=1.4435 S=1.3998 d=+3.03% p=1.43e-02* win=59/100 (310s)
[13:21:39]   seed=0.4: B=1.4435 S=1.4574 d=-0.96% p=1.78e-01 win=56/100 (308s)
[13:26:44]   seed=0.5: B=1.4435 S=1.4819 d=-2.66% p=4.95e-01 win=52/100 (305s)

[13:26:44] --- SIFT-KM20 s=0.05 (100 queries) ---
[13:31:50]   seed=0.1: B=1.2469 S=1.1768 d=+5.62% p=2.14e-03** win=64/100 (306s)
[13:36:52]   seed=0.2: B=1.2029 S=1.1543 d=+4.04% p=3.04e-03** win=59/100 (302s)
[13:41:52]   seed=0.3: B=1.1903 S=1.1632 d=+2.28% p=1.17e-02* win=61/100 (299s)
[13:46:50]   seed=0.4: B=1.2029 S=1.1519 d=+4.25% p=4.87e-02* win=56/100 (298s)
[13:51:45]   seed=0.5: B=1.2469 S=1.1749 d=+5.77% p=3.22e-02* win=54/100 (296s)

[13:51:45] --- SIFT-KM20 s=0.5 (100 queries) ---
[13:56:39]   seed=0.1: B=1.0537 S=1.0261 d=+2.62% p=1.55e-08*** win=69/100 (294s)
[14:01:35]   seed=0.2: B=1.0641 S=1.0272 d=+3.47% p=7.99e-13*** win=85/100 (296s)
[14:06:27]   seed=0.3: B=1.0530 S=1.0225 d=+2.89% p=1.40e-08*** win=75/100 (292s)
[14:11:14]   seed=0.4: B=1.0599 S=1.0268 d=+3.13% p=4.77e-10*** win=81/100 (287s)
[14:16:03]   seed=0.5: B=1.0568 S=1.0224 d=+3.25% p=1.23e-10*** win=76/100 (289s)

[14:16:03] ====== #4: SIFT RANDOM20 GRADIENT ======
[14:18:00] RANDOM20 set on customer_sift_10_phase7_noidx_subset

[14:18:00] --- SIFT-RAND s=0.01 (100 queries) ---
[14:23:12]   seed=0.1: B=1.5663 S=1.3867 d=+11.47% p=8.08e-02 win=53/100 (312s)
[14:28:13]   seed=0.2: B=1.2987 S=1.5553 d=-19.76% p=9.89e-01 win=39/100 (301s)
[14:33:12]   seed=0.3: B=1.2987 S=1.4661 d=-12.89% p=8.93e-01 win=48/100 (299s)
[14:38:11]   seed=0.4: B=1.2987 S=1.5862 d=-22.14% p=9.75e-01 win=42/100 (299s)
[14:43:10]   seed=0.5: B=1.2987 S=1.5225 d=-17.24% p=9.81e-01 win=39/100 (299s)

[14:43:10] --- SIFT-RAND s=0.05 (100 queries) ---
[14:48:08]   seed=0.1: B=1.1948 S=1.1582 d=+3.06% p=1.12e-01 win=56/100 (298s)
[14:53:05]   seed=0.2: B=1.1429 S=1.1499 d=-0.62% p=1.97e-01 win=54/100 (297s)
[14:58:08]   seed=0.3: B=1.1948 S=1.1574 d=+3.13% p=6.20e-01 win=53/100 (303s)
[15:03:11]   seed=0.4: B=1.2031 S=1.2298 d=-2.21% p=5.61e-01 win=50/100 (303s)
[15:08:11]   seed=0.5: B=1.1429 S=1.1841 d=-3.61% p=8.84e-01 win=41/100 (300s)

[15:08:11] --- SIFT-RAND s=0.5 (100 queries) ---
[15:13:11]   seed=0.1: B=1.0616 S=1.0475 d=+1.33% p=2.16e-03** win=63/100 (300s)
[15:18:09]   seed=0.2: B=1.0519 S=1.0351 d=+1.60% p=2.51e-03** win=55/100 (298s)
[15:23:07]   seed=0.3: B=1.0506 S=1.0287 d=+2.09% p=9.17e-05*** win=68/100 (298s)
[15:28:05]   seed=0.4: B=1.0405 S=1.0387 d=+0.17% p=2.63e-01 win=50/100 (298s)
[15:33:04]   seed=0.5: B=1.0398 S=1.0412 d=-0.14% p=2.07e-02* win=54/100 (298s)
[15:34:03] KM20 restored on customer_sift_10_phase7_noidx_subset

[15:34:03] ====== #5: 1M MID-SELECTIVITY ======
[15:34:03] Loading 1M vectors from DB...
[15:34:36] Cached: (1000000, 96)
[15:35:13] 1M D_target s=0.1 done
[15:35:34] 1M D_target s=0.3 done

[15:35:34] --- 1M-KM20 s=0.1 (100 queries) ---
[15:39:05]   seed=0.1: B=1.1428 S=1.0900 d=+4.62% p=1.90e-03** win=63/100 (210s)
[15:42:18]   seed=0.2: B=1.1774 S=1.0921 d=+7.24% p=2.21e-04*** win=64/100 (193s)
[15:45:28]   seed=0.3: B=1.1107 S=1.1094 d=+0.11% p=9.97e-04*** win=61/100 (190s)
[15:48:37]   seed=0.4: B=1.1428 S=1.1095 d=+2.91% p=3.70e-03** win=60/100 (188s)
[15:51:44]   seed=0.5: B=1.1662 S=1.0957 d=+6.05% p=1.56e-05*** win=70/100 (187s)

[15:51:44] --- 1M-KM20 s=0.3 (100 queries) ---
[15:54:50]   seed=0.1: B=1.0657 S=1.0459 d=+1.87% p=5.12e-04*** win=64/100 (186s)
[15:57:53]   seed=0.2: B=1.0782 S=1.0503 d=+2.59% p=1.72e-04*** win=64/100 (184s)
[16:00:55]   seed=0.3: B=1.0829 S=1.0441 d=+3.59% p=1.59e-05*** win=68/100 (182s)
[16:03:56]   seed=0.4: B=1.0840 S=1.0455 d=+3.55% p=8.22e-09*** win=76/100 (181s)
[16:06:56]   seed=0.5: B=1.0735 S=1.0572 d=+1.52% p=8.47e-04*** win=63/100 (180s)
[16:08:00] RANDOM20 set on partsupp_deep_10_subset_1m

[16:08:00] --- 1M-RAND s=0.1 (100 queries) ---
[16:10:53]   seed=0.1: B=1.1396 S=1.1149 d=+2.16% p=1.66e-01 win=53/100 (173s)
[16:13:32]   seed=0.2: B=1.1324 S=1.0970 d=+3.12% p=3.14e-01 win=52/100 (159s)
[16:16:11]   seed=0.3: B=1.1324 S=1.1118 d=+1.81% p=5.41e-01 win=52/100 (159s)
[16:18:50]   seed=0.4: B=1.1324 S=1.1202 d=+1.08% p=2.58e-01 win=49/100 (159s)
[16:21:29]   seed=0.5: B=1.1376 S=1.1317 d=+0.52% p=7.11e-01 win=46/100 (159s)

[16:21:29] --- 1M-RAND s=0.3 (100 queries) ---
[16:24:08]   seed=0.1: B=1.0500 S=1.0571 d=-0.67% p=7.68e-01 win=47/100 (159s)
[16:26:48]   seed=0.2: B=1.0694 S=1.0665 d=+0.27% p=2.78e-01 win=48/100 (159s)
[16:29:27]   seed=0.3: B=1.0649 S=1.0623 d=+0.25% p=2.68e-01 win=58/100 (159s)
[16:32:06]   seed=0.4: B=1.0563 S=1.0525 d=+0.36% p=2.56e-01 win=54/100 (159s)
[16:34:45]   seed=0.5: B=1.0623 S=1.0504 d=+1.12% p=1.96e-02* win=53/100 (159s)
[16:35:10] KM20 restored on partsupp_deep_10_subset_1m

[16:35:10] #3~#5 COMPLETE (12859s / 3.6h)
[16:35:10] ALL DONE
