[03:49:02] === RQ3 #12 — MiniBatch + Hilbert hybrid ===
[03:49:02] datasets: ['DEEP', 'SIFT'], k_outer=5, k_inner=4, p=10

[03:49:02] === DEEP (partsupp_deep_10_subset_1m) ===
[03:49:43]   fetched 1,000,000 × 96d (384.0 MB) in 41.3s
[03:49:43]   fitting hybrid (5×4) on 10,000 samples
[03:49:47]   learn elapsed: 3.7s, outer inertia=8125.07
[03:49:49]   hybrid bucket sizes: min=38630, max=64966, max/min=1.68
[03:49:49]   stratum sizes (min/mean/max): 38630 / 50000 / 64966
[03:49:49]   loaded 100 queries (dim=96)
[03:49:49]   DEEP          hybrid s=0.01 seed=0.1 (73ms) valid=100/100 med_qe=1.4748
[03:49:49]   DEEP          hybrid s=0.01 seed=0.2 (57ms) valid=100/100 med_qe=1.3654
[03:49:49]   DEEP          hybrid s=0.01 seed=0.3 (56ms) valid=99/100 med_qe=1.4623
[03:49:49]   DEEP          hybrid s=0.01 seed=0.4 (56ms) valid=99/100 med_qe=1.3590
[03:49:49]   DEEP          hybrid s=0.01 seed=0.5 (56ms) valid=100/100 med_qe=1.3246
[03:49:49]   DEEP          hybrid s=0.05 seed=0.1 (56ms) valid=100/100 med_qe=1.1405
[03:49:49]   DEEP          hybrid s=0.05 seed=0.2 (56ms) valid=100/100 med_qe=1.1554
[03:49:49]   DEEP          hybrid s=0.05 seed=0.3 (60ms) valid=100/100 med_qe=1.1649
[03:49:49]   DEEP          hybrid s=0.05 seed=0.4 (56ms) valid=100/100 med_qe=1.1092
[03:49:49]   DEEP          hybrid s=0.05 seed=0.5 (56ms) valid=100/100 med_qe=1.1417
[03:49:49]   DEEP          hybrid s=0.10 seed=0.1 (56ms) valid=100/100 med_qe=1.1006
[03:49:50]   DEEP          hybrid s=0.10 seed=0.2 (57ms) valid=100/100 med_qe=1.0949
[03:49:50]   DEEP          hybrid s=0.10 seed=0.3 (56ms) valid=100/100 med_qe=1.0688
[03:49:50]   DEEP          hybrid s=0.10 seed=0.4 (56ms) valid=100/100 med_qe=1.0742
[03:49:50]   DEEP          hybrid s=0.10 seed=0.5 (55ms) valid=100/100 med_qe=1.0959
[03:49:50]   DEEP          hybrid s=0.30 seed=0.1 (55ms) valid=100/100 med_qe=1.0523
[03:49:50]   DEEP          hybrid s=0.30 seed=0.2 (56ms) valid=100/100 med_qe=1.0452
[03:49:50]   DEEP          hybrid s=0.30 seed=0.3 (55ms) valid=100/100 med_qe=1.0502
[03:49:50]   DEEP          hybrid s=0.30 seed=0.4 (55ms) valid=100/100 med_qe=1.0516
[03:49:50]   DEEP          hybrid s=0.30 seed=0.5 (55ms) valid=100/100 med_qe=1.0527
[03:49:50]   DEEP          hybrid s=0.50 seed=0.1 (55ms) valid=100/100 med_qe=1.0357
[03:49:50]   DEEP          hybrid s=0.50 seed=0.2 (55ms) valid=100/100 med_qe=1.0303
[03:49:50]   DEEP          hybrid s=0.50 seed=0.3 (55ms) valid=100/100 med_qe=1.0272
[03:49:50]   DEEP          hybrid s=0.50 seed=0.4 (55ms) valid=100/100 med_qe=1.0335
[03:49:50]   DEEP          hybrid s=0.50 seed=0.5 (55ms) valid=100/100 med_qe=1.0281
[03:49:50] DEEP          hybrid: total 1.4s

[03:49:50] === SIFT (customer_sift_10_phase7_noidx_subset) ===
[03:50:49]   fetched 1,500,000 × 128d (768.0 MB) in 58.7s
[03:50:49]   fitting hybrid (5×4) on 15,000 samples
[03:50:53]   learn elapsed: 4.1s, outer inertia=2160215552.00
[03:50:56]   hybrid bucket sizes: min=45895, max=98756, max/min=2.15
[03:50:56]   stratum sizes (min/mean/max): 45895 / 75000 / 98756
[03:50:56]   loaded 100 queries (dim=128)
[03:50:56]   SIFT          hybrid s=0.01 seed=0.1 (65ms) valid=94/100 med_qe=1.4372
[03:50:57]   SIFT          hybrid s=0.01 seed=0.2 (57ms) valid=97/100 med_qe=1.4706
[03:50:57]   SIFT          hybrid s=0.01 seed=0.3 (57ms) valid=95/100 med_qe=1.5469
[03:50:57]   SIFT          hybrid s=0.01 seed=0.4 (57ms) valid=99/100 med_qe=1.3820
[03:50:57]   SIFT          hybrid s=0.01 seed=0.5 (57ms) valid=98/100 med_qe=1.3422
[03:50:57]   SIFT          hybrid s=0.05 seed=0.1 (57ms) valid=100/100 med_qe=1.1490
[03:50:57]   SIFT          hybrid s=0.05 seed=0.2 (57ms) valid=100/100 med_qe=1.1226
[03:50:57]   SIFT          hybrid s=0.05 seed=0.3 (57ms) valid=100/100 med_qe=1.1608
[03:50:57]   SIFT          hybrid s=0.05 seed=0.4 (56ms) valid=100/100 med_qe=1.1505
[03:50:57]   SIFT          hybrid s=0.05 seed=0.5 (56ms) valid=100/100 med_qe=1.1633
[03:50:57]   SIFT          hybrid s=0.10 seed=0.1 (56ms) valid=100/100 med_qe=1.0988
[03:50:57]   SIFT          hybrid s=0.10 seed=0.2 (57ms) valid=100/100 med_qe=1.0886
[03:50:57]   SIFT          hybrid s=0.10 seed=0.3 (57ms) valid=100/100 med_qe=1.0742
[03:50:57]   SIFT          hybrid s=0.10 seed=0.4 (56ms) valid=100/100 med_qe=1.1003
[03:50:57]   SIFT          hybrid s=0.10 seed=0.5 (56ms) valid=100/100 med_qe=1.0742
[03:50:57]   SIFT          hybrid s=0.30 seed=0.1 (57ms) valid=100/100 med_qe=1.0394
[03:50:57]   SIFT          hybrid s=0.30 seed=0.2 (57ms) valid=100/100 med_qe=1.0409
[03:50:57]   SIFT          hybrid s=0.30 seed=0.3 (56ms) valid=100/100 med_qe=1.0523
[03:50:58]   SIFT          hybrid s=0.30 seed=0.4 (56ms) valid=100/100 med_qe=1.0373
[03:50:58]   SIFT          hybrid s=0.30 seed=0.5 (57ms) valid=100/100 med_qe=1.0462
[03:50:58]   SIFT          hybrid s=0.50 seed=0.1 (56ms) valid=100/100 med_qe=1.0226
[03:50:58]   SIFT          hybrid s=0.50 seed=0.2 (56ms) valid=100/100 med_qe=1.0208
[03:50:58]   SIFT          hybrid s=0.50 seed=0.3 (57ms) valid=100/100 med_qe=1.0309
[03:50:58]   SIFT          hybrid s=0.50 seed=0.4 (57ms) valid=100/100 med_qe=1.0233
[03:50:58]   SIFT          hybrid s=0.50 seed=0.5 (56ms) valid=100/100 med_qe=1.0253
[03:50:58] SIFT          hybrid: total 1.4s
[03:50:58] saved /mnt/hdd0/home/capstone2026/cache/rq1/rq3_hybrid.parquet (5,000 rows)

=== mean q_error per (dataset × mode × sel) ===
                              mean     std  median  count
dataset mode   selectivity                               
DEEP    hybrid 0.01         1.6360  0.7673  1.3732    498
               0.05         1.1820  0.1635  1.1392    500
               0.10         1.1091  0.0954  1.0872    500
               0.30         1.0598  0.0487  1.0501    500
               0.50         1.0386  0.0300  1.0315    500
SIFT    hybrid 0.01         1.5785  0.6454  1.4466    483
               0.05         1.1910  0.2042  1.1470    500
               0.10         1.1128  0.0932  1.0876    500
               0.30         1.0498  0.0368  1.0428    500
               0.50         1.0298  0.0247  1.0248    500
[03:50:58] saved /mnt/hdd0/home/capstone2026/cache/rq1/rq3_hybrid_meta.json

[03:50:58] total elapsed 116.3s
