[03:56:13] === RQ3 #14 — Product Quantization (m=2) ===

[03:56:13] === DEEP (partsupp_deep_10_subset_1m) ===
[03:56:54]   fetched 1,000,000 × 96d (384.0 MB) in 40.8s
[03:56:54]   fitting PQ (m=2) on 10,000 samples
[03:57:00]   learn elapsed: 6.1s, sub_dim=48, k_sub=5
[03:57:00]   PQ stratum sizes: min=3247, max=170472, max/min=52.50
[03:57:00]   stratum sizes (min/mean/max): 3247 / 50000 / 170472
[03:57:00]   loaded 100 queries (dim=96)
[03:57:00]   DEEP              pq s=0.01 seed=0.1 (73ms) valid=93/100 med_qe=1.7117
[03:57:01]   DEEP              pq s=0.01 seed=0.2 (55ms) valid=91/100 med_qe=1.6933
[03:57:01]   DEEP              pq s=0.01 seed=0.3 (55ms) valid=98/100 med_qe=1.5340
[03:57:01]   DEEP              pq s=0.01 seed=0.4 (56ms) valid=93/100 med_qe=1.4823
[03:57:01]   DEEP              pq s=0.01 seed=0.5 (55ms) valid=94/100 med_qe=1.5610
[03:57:01]   DEEP              pq s=0.05 seed=0.1 (55ms) valid=100/100 med_qe=1.2409
[03:57:01]   DEEP              pq s=0.05 seed=0.2 (55ms) valid=100/100 med_qe=1.2104
[03:57:01]   DEEP              pq s=0.05 seed=0.3 (55ms) valid=100/100 med_qe=1.2164
[03:57:01]   DEEP              pq s=0.05 seed=0.4 (56ms) valid=100/100 med_qe=1.1949
[03:57:01]   DEEP              pq s=0.05 seed=0.5 (55ms) valid=100/100 med_qe=1.1989
[03:57:01]   DEEP              pq s=0.10 seed=0.1 (55ms) valid=100/100 med_qe=1.1367
[03:57:01]   DEEP              pq s=0.10 seed=0.2 (56ms) valid=100/100 med_qe=1.1569
[03:57:01]   DEEP              pq s=0.10 seed=0.3 (55ms) valid=100/100 med_qe=1.1141
[03:57:01]   DEEP              pq s=0.10 seed=0.4 (59ms) valid=100/100 med_qe=1.1380
[03:57:01]   DEEP              pq s=0.10 seed=0.5 (56ms) valid=100/100 med_qe=1.1403
[03:57:01]   DEEP              pq s=0.30 seed=0.1 (55ms) valid=100/100 med_qe=1.0552
[03:57:01]   DEEP              pq s=0.30 seed=0.2 (55ms) valid=100/100 med_qe=1.0647
[03:57:01]   DEEP              pq s=0.30 seed=0.3 (55ms) valid=100/100 med_qe=1.0614
[03:57:01]   DEEP              pq s=0.30 seed=0.4 (55ms) valid=100/100 med_qe=1.0732
[03:57:02]   DEEP              pq s=0.30 seed=0.5 (55ms) valid=100/100 med_qe=1.0552
[03:57:02]   DEEP              pq s=0.50 seed=0.1 (55ms) valid=100/100 med_qe=1.0415
[03:57:02]   DEEP              pq s=0.50 seed=0.2 (55ms) valid=100/100 med_qe=1.0414
[03:57:02]   DEEP              pq s=0.50 seed=0.3 (55ms) valid=100/100 med_qe=1.0495
[03:57:02]   DEEP              pq s=0.50 seed=0.4 (55ms) valid=100/100 med_qe=1.0459
[03:57:02]   DEEP              pq s=0.50 seed=0.5 (55ms) valid=100/100 med_qe=1.0415
[03:57:02] DEEP              pq: total 1.4s

[03:57:02] === SIFT (customer_sift_10_phase7_noidx_subset) ===
[03:57:58]   fetched 1,500,000 × 128d (768.0 MB) in 56.3s
[03:57:58]   fitting PQ (m=2) on 15,000 samples
[03:58:05]   learn elapsed: 7.0s, sub_dim=64, k_sub=5
[03:58:06]   PQ stratum sizes: min=872, max=339049, max/min=388.82
[03:58:07]   stratum sizes (min/mean/max): 872 / 75000 / 339049
[03:58:07]   loaded 100 queries (dim=128)
[03:58:07]   SIFT              pq s=0.01 seed=0.1 (66ms) valid=80/100 med_qe=1.6013
[03:58:07]   SIFT              pq s=0.01 seed=0.2 (58ms) valid=83/100 med_qe=1.6275
[03:58:07]   SIFT              pq s=0.01 seed=0.3 (59ms) valid=83/100 med_qe=1.6385
[03:58:07]   SIFT              pq s=0.01 seed=0.4 (59ms) valid=76/100 med_qe=1.2824
[03:58:07]   SIFT              pq s=0.01 seed=0.5 (58ms) valid=79/100 med_qe=1.4373
[03:58:07]   SIFT              pq s=0.05 seed=0.1 (58ms) valid=100/100 med_qe=1.2752
[03:58:07]   SIFT              pq s=0.05 seed=0.2 (59ms) valid=100/100 med_qe=1.3030
[03:58:07]   SIFT              pq s=0.05 seed=0.3 (58ms) valid=100/100 med_qe=1.2432
[03:58:07]   SIFT              pq s=0.05 seed=0.4 (58ms) valid=100/100 med_qe=1.2753
[03:58:07]   SIFT              pq s=0.05 seed=0.5 (58ms) valid=100/100 med_qe=1.3052
[03:58:07]   SIFT              pq s=0.10 seed=0.1 (59ms) valid=100/100 med_qe=1.1927
[03:58:07]   SIFT              pq s=0.10 seed=0.2 (58ms) valid=100/100 med_qe=1.1656
[03:58:07]   SIFT              pq s=0.10 seed=0.3 (58ms) valid=100/100 med_qe=1.0980
[03:58:07]   SIFT              pq s=0.10 seed=0.4 (57ms) valid=100/100 med_qe=1.1661
[03:58:07]   SIFT              pq s=0.10 seed=0.5 (57ms) valid=100/100 med_qe=1.1670
[03:58:08]   SIFT              pq s=0.30 seed=0.1 (57ms) valid=100/100 med_qe=1.0834
[03:58:08]   SIFT              pq s=0.30 seed=0.2 (57ms) valid=100/100 med_qe=1.0657
[03:58:08]   SIFT              pq s=0.30 seed=0.3 (56ms) valid=100/100 med_qe=1.0732
[03:58:08]   SIFT              pq s=0.30 seed=0.4 (57ms) valid=100/100 med_qe=1.0638
[03:58:08]   SIFT              pq s=0.30 seed=0.5 (58ms) valid=100/100 med_qe=1.0700
[03:58:08]   SIFT              pq s=0.50 seed=0.1 (57ms) valid=100/100 med_qe=1.0437
[03:58:08]   SIFT              pq s=0.50 seed=0.2 (57ms) valid=100/100 med_qe=1.0469
[03:58:08]   SIFT              pq s=0.50 seed=0.3 (57ms) valid=100/100 med_qe=1.0473
[03:58:08]   SIFT              pq s=0.50 seed=0.4 (57ms) valid=100/100 med_qe=1.0350
[03:58:08]   SIFT              pq s=0.50 seed=0.5 (57ms) valid=100/100 med_qe=1.0460
[03:58:08] SIFT              pq: total 1.5s
[03:58:08] saved /mnt/hdd0/home/capstone2026/cache/rq1/rq3_pq.parquet (5,000 rows)

=== mean q_error per (dataset × mode × sel) ===
                            mean     std  median  count
dataset mode selectivity                               
DEEP    pq   0.01         2.3528  3.0333  1.5991    469
             0.05         1.2901  0.3428  1.2071    500
             0.10         1.1765  0.1507  1.1381    500
             0.30         1.0757  0.0600  1.0629    500
             0.50         1.0506  0.0376  1.0430    500
SIFT    pq   0.01         3.3184  6.2879  1.4435    401
             0.05         1.4686  0.7290  1.2859    500
             0.10         1.2092  0.2069  1.1515    500
             0.30         1.0927  0.0813  1.0703    500
             0.50         1.0548  0.0451  1.0445    500
[03:58:08] saved /mnt/hdd0/home/capstone2026/cache/rq1/rq3_pq_meta.json

[03:58:08] total elapsed 115.4s
