[03:47:18] === RQ3 #7-Z — Z-order Curve (Hilbert ablation) ===
[03:47:18] datasets: ['DEEP', 'SIFT'], learn_frac=0.01, learn_seed=42, p=10

[03:47:18] === DEEP (partsupp_deep_10_subset_1m) ===
[03:48:00]   fetched 1,000,000 × 96d (384.0 MB) in 41.3s
[03:48:00]   fitting Z-order mapper on 10,000 samples (k=20, p=10)
[03:48:00]   learn elapsed: 0.1s, PCA explained_variance_ratio=[0.07249772367826232, 0.050405107333490635]
[03:48:00]   Z-order quantile bucket sizes: min=46116, max=54032, max/min=1.17
[03:48:01]   stratum sizes (min/mean/max): 46116 / 50000 / 54032
[03:48:01]   loaded 100 queries (dim=96)
[03:48:01]   DEEP          zorder s=0.01 seed=0.1 (38ms) valid=96/100 med_qe=1.3611
[03:48:01]   DEEP          zorder s=0.01 seed=0.2 (33ms) valid=99/100 med_qe=1.3371
[03:48:01]   DEEP          zorder s=0.01 seed=0.3 (29ms) valid=100/100 med_qe=1.3354
[03:48:01]   DEEP          zorder s=0.01 seed=0.4 (29ms) valid=96/100 med_qe=1.2993
[03:48:01]   DEEP          zorder s=0.01 seed=0.5 (28ms) valid=97/100 med_qe=1.3540
[03:48:01]   DEEP          zorder s=0.05 seed=0.1 (29ms) valid=100/100 med_qe=1.1485
[03:48:01]   DEEP          zorder s=0.05 seed=0.2 (29ms) valid=100/100 med_qe=1.1637
[03:48:01]   DEEP          zorder s=0.05 seed=0.3 (29ms) valid=100/100 med_qe=1.1611
[03:48:01]   DEEP          zorder s=0.05 seed=0.4 (28ms) valid=100/100 med_qe=1.1727
[03:48:01]   DEEP          zorder s=0.05 seed=0.5 (29ms) valid=100/100 med_qe=1.1558
[03:48:01]   DEEP          zorder s=0.10 seed=0.1 (28ms) valid=100/100 med_qe=1.1079
[03:48:01]   DEEP          zorder s=0.10 seed=0.2 (28ms) valid=100/100 med_qe=1.0910
[03:48:01]   DEEP          zorder s=0.10 seed=0.3 (28ms) valid=100/100 med_qe=1.1215
[03:48:01]   DEEP          zorder s=0.10 seed=0.4 (28ms) valid=100/100 med_qe=1.1025
[03:48:01]   DEEP          zorder s=0.10 seed=0.5 (28ms) valid=100/100 med_qe=1.0999
[03:48:01]   DEEP          zorder s=0.30 seed=0.1 (29ms) valid=100/100 med_qe=1.0449
[03:48:01]   DEEP          zorder s=0.30 seed=0.2 (28ms) valid=100/100 med_qe=1.0566
[03:48:01]   DEEP          zorder s=0.30 seed=0.3 (28ms) valid=100/100 med_qe=1.0452
[03:48:01]   DEEP          zorder s=0.30 seed=0.4 (28ms) valid=100/100 med_qe=1.0493
[03:48:01]   DEEP          zorder s=0.30 seed=0.5 (29ms) valid=100/100 med_qe=1.0461
[03:48:01]   DEEP          zorder s=0.50 seed=0.1 (29ms) valid=100/100 med_qe=1.0391
[03:48:01]   DEEP          zorder s=0.50 seed=0.2 (29ms) valid=100/100 med_qe=1.0304
[03:48:01]   DEEP          zorder s=0.50 seed=0.3 (28ms) valid=100/100 med_qe=1.0235
[03:48:01]   DEEP          zorder s=0.50 seed=0.4 (28ms) valid=100/100 med_qe=1.0319
[03:48:01]   DEEP          zorder s=0.50 seed=0.5 (28ms) valid=100/100 med_qe=1.0295
[03:48:01] DEEP          zorder: total 0.7s

[03:48:01] === SIFT (customer_sift_10_phase7_noidx_subset) ===
[03:48:57]   fetched 1,500,000 × 128d (768.0 MB) in 55.4s
[03:48:57]   fitting Z-order mapper on 15,000 samples (k=20, p=10)
[03:48:57]   learn elapsed: 0.1s, PCA explained_variance_ratio=[0.12713007681087962, 0.09243181520315512]
[03:48:58]   Z-order quantile bucket sizes: min=70330, max=79824, max/min=1.13
[03:48:59]   stratum sizes (min/mean/max): 70330 / 75000 / 79824
[03:48:59]   loaded 100 queries (dim=128)
[03:48:59]   SIFT          zorder s=0.01 seed=0.1 (67ms) valid=99/100 med_qe=1.3160
[03:48:59]   SIFT          zorder s=0.01 seed=0.2 (57ms) valid=93/100 med_qe=1.3302
[03:48:59]   SIFT          zorder s=0.01 seed=0.3 (57ms) valid=100/100 med_qe=1.3007
[03:48:59]   SIFT          zorder s=0.01 seed=0.4 (57ms) valid=97/100 med_qe=1.3172
[03:48:59]   SIFT          zorder s=0.01 seed=0.5 (57ms) valid=96/100 med_qe=1.3248
[03:48:59]   SIFT          zorder s=0.05 seed=0.1 (57ms) valid=100/100 med_qe=1.1757
[03:48:59]   SIFT          zorder s=0.05 seed=0.2 (57ms) valid=100/100 med_qe=1.1396
[03:48:59]   SIFT          zorder s=0.05 seed=0.3 (57ms) valid=100/100 med_qe=1.1329
[03:48:59]   SIFT          zorder s=0.05 seed=0.4 (57ms) valid=100/100 med_qe=1.1379
[03:48:59]   SIFT          zorder s=0.05 seed=0.5 (57ms) valid=100/100 med_qe=1.1433
[03:48:59]   SIFT          zorder s=0.10 seed=0.1 (57ms) valid=100/100 med_qe=1.1004
[03:48:59]   SIFT          zorder s=0.10 seed=0.2 (56ms) valid=100/100 med_qe=1.1178
[03:48:59]   SIFT          zorder s=0.10 seed=0.3 (57ms) valid=100/100 med_qe=1.0973
[03:48:59]   SIFT          zorder s=0.10 seed=0.4 (57ms) valid=100/100 med_qe=1.0892
[03:48:59]   SIFT          zorder s=0.10 seed=0.5 (57ms) valid=100/100 med_qe=1.1025
[03:49:00]   SIFT          zorder s=0.30 seed=0.1 (57ms) valid=100/100 med_qe=1.0442
[03:49:00]   SIFT          zorder s=0.30 seed=0.2 (57ms) valid=100/100 med_qe=1.0426
[03:49:00]   SIFT          zorder s=0.30 seed=0.3 (56ms) valid=100/100 med_qe=1.0474
[03:49:00]   SIFT          zorder s=0.30 seed=0.4 (56ms) valid=100/100 med_qe=1.0479
[03:49:00]   SIFT          zorder s=0.30 seed=0.5 (55ms) valid=100/100 med_qe=1.0470
[03:49:00]   SIFT          zorder s=0.50 seed=0.1 (56ms) valid=100/100 med_qe=1.0215
[03:49:00]   SIFT          zorder s=0.50 seed=0.2 (55ms) valid=100/100 med_qe=1.0284
[03:49:00]   SIFT          zorder s=0.50 seed=0.3 (55ms) valid=100/100 med_qe=1.0253
[03:49:00]   SIFT          zorder s=0.50 seed=0.4 (55ms) valid=100/100 med_qe=1.0222
[03:49:00]   SIFT          zorder s=0.50 seed=0.5 (56ms) valid=100/100 med_qe=1.0220
[03:49:00] SIFT          zorder: total 1.4s
[03:49:00] saved /mnt/hdd0/home/capstone2026/cache/rq1/rq3_zorder.parquet (5,000 rows)

=== mean q_error per (dataset × mode × sel) ===
                              mean     std  median  count
dataset mode   selectivity                               
DEEP    zorder 0.01         1.6647  0.7803  1.3356    488
               0.05         1.1999  0.1738  1.1596    500
               0.10         1.1270  0.1036  1.1006    500
               0.30         1.0580  0.0474  1.0499    500
               0.50         1.0370  0.0293  1.0303    500
SIFT    zorder 0.01         1.6753  0.7764  1.3200    485
               0.05         1.1880  0.1718  1.1448    500
               0.10         1.1235  0.1001  1.1003    500
               0.30         1.0516  0.0392  1.0457    500
               0.50         1.0290  0.0246  1.0235    500
[03:49:00] saved /mnt/hdd0/home/capstone2026/cache/rq1/rq3_zorder_meta.json

[03:49:00] total elapsed 101.8s
