[03:58:10] === RQ3 #15 — Spectral Clustering ===

[03:58:10] === DEEP (partsupp_deep_10_subset_1m) ===
[03:58:50]   fetched 1,000,000 × 96d (384.0 MB) in 40.7s
[03:58:50]   spectral fit on 5,000 samples (k=20)
[03:58:59]   spectral fit elapsed: 8.5s
[03:58:59]   spectral cluster sizes: min=9017, max=149641, max/min=16.60
[03:59:00]   stratum sizes (min/mean/max): 9017 / 50000 / 149641
[03:59:00]   loaded 100 queries (dim=96)
[03:59:00]   DEEP        spectral s=0.01 seed=0.1 (66ms) valid=93/100 med_qe=1.4424
[03:59:00]   DEEP        spectral s=0.01 seed=0.2 (54ms) valid=96/100 med_qe=1.5568
[03:59:00]   DEEP        spectral s=0.01 seed=0.3 (55ms) valid=91/100 med_qe=1.3856
[03:59:00]   DEEP        spectral s=0.01 seed=0.4 (55ms) valid=94/100 med_qe=1.5414
[03:59:00]   DEEP        spectral s=0.01 seed=0.5 (56ms) valid=95/100 med_qe=1.5283
[03:59:00]   DEEP        spectral s=0.05 seed=0.1 (55ms) valid=100/100 med_qe=1.1821
[03:59:00]   DEEP        spectral s=0.05 seed=0.2 (55ms) valid=100/100 med_qe=1.1977
[03:59:00]   DEEP        spectral s=0.05 seed=0.3 (55ms) valid=100/100 med_qe=1.1921
[03:59:00]   DEEP        spectral s=0.05 seed=0.4 (56ms) valid=100/100 med_qe=1.2058
[03:59:00]   DEEP        spectral s=0.05 seed=0.5 (56ms) valid=100/100 med_qe=1.1778
[03:59:00]   DEEP        spectral s=0.10 seed=0.1 (55ms) valid=100/100 med_qe=1.1201
[03:59:00]   DEEP        spectral s=0.10 seed=0.2 (56ms) valid=100/100 med_qe=1.1421
[03:59:00]   DEEP        spectral s=0.10 seed=0.3 (55ms) valid=100/100 med_qe=1.1377
[03:59:00]   DEEP        spectral s=0.10 seed=0.4 (56ms) valid=100/100 med_qe=1.1365
[03:59:00]   DEEP        spectral s=0.10 seed=0.5 (55ms) valid=100/100 med_qe=1.1010
[03:59:00]   DEEP        spectral s=0.30 seed=0.1 (56ms) valid=100/100 med_qe=1.0536
[03:59:01]   DEEP        spectral s=0.30 seed=0.2 (56ms) valid=100/100 med_qe=1.0495
[03:59:01]   DEEP        spectral s=0.30 seed=0.3 (56ms) valid=100/100 med_qe=1.0456
[03:59:01]   DEEP        spectral s=0.30 seed=0.4 (55ms) valid=100/100 med_qe=1.0620
[03:59:01]   DEEP        spectral s=0.30 seed=0.5 (56ms) valid=100/100 med_qe=1.0580
[03:59:01]   DEEP        spectral s=0.50 seed=0.1 (55ms) valid=100/100 med_qe=1.0415
[03:59:01]   DEEP        spectral s=0.50 seed=0.2 (56ms) valid=100/100 med_qe=1.0334
[03:59:01]   DEEP        spectral s=0.50 seed=0.3 (55ms) valid=100/100 med_qe=1.0325
[03:59:01]   DEEP        spectral s=0.50 seed=0.4 (55ms) valid=100/100 med_qe=1.0417
[03:59:01]   DEEP        spectral s=0.50 seed=0.5 (55ms) valid=100/100 med_qe=1.0375
[03:59:01] DEEP        spectral: total 1.4s

[03:59:01] === SIFT (customer_sift_10_phase7_noidx_subset) ===
[03:59:58]   fetched 1,500,000 × 128d (768.0 MB) in 56.9s
[03:59:58]   spectral fit on 7,500 samples (k=20)
[04:00:04]   spectral fit elapsed: 5.8s
[04:00:05]   spectral cluster sizes: min=12662, max=325283, max/min=25.69
[04:00:05]   stratum sizes (min/mean/max): 12662 / 75000 / 325283
[04:00:05]   loaded 100 queries (dim=128)
[04:00:05]   SIFT        spectral s=0.01 seed=0.1 (58ms) valid=86/100 med_qe=1.4019
[04:00:05]   SIFT        spectral s=0.01 seed=0.2 (57ms) valid=92/100 med_qe=1.3885
[04:00:05]   SIFT        spectral s=0.01 seed=0.3 (56ms) valid=92/100 med_qe=1.5665
[04:00:05]   SIFT        spectral s=0.01 seed=0.4 (57ms) valid=92/100 med_qe=1.4607
[04:00:05]   SIFT        spectral s=0.01 seed=0.5 (56ms) valid=90/100 med_qe=1.3925
[04:00:05]   SIFT        spectral s=0.05 seed=0.1 (57ms) valid=99/100 med_qe=1.2171
[04:00:06]   SIFT        spectral s=0.05 seed=0.2 (56ms) valid=100/100 med_qe=1.2515
[04:00:06]   SIFT        spectral s=0.05 seed=0.3 (57ms) valid=100/100 med_qe=1.2604
[04:00:06]   SIFT        spectral s=0.05 seed=0.4 (57ms) valid=100/100 med_qe=1.1869
[04:00:06]   SIFT        spectral s=0.05 seed=0.5 (57ms) valid=100/100 med_qe=1.1871
[04:00:06]   SIFT        spectral s=0.10 seed=0.1 (57ms) valid=100/100 med_qe=1.1201
[04:00:06]   SIFT        spectral s=0.10 seed=0.2 (57ms) valid=100/100 med_qe=1.1203
[04:00:06]   SIFT        spectral s=0.10 seed=0.3 (57ms) valid=100/100 med_qe=1.1502
[04:00:06]   SIFT        spectral s=0.10 seed=0.4 (57ms) valid=100/100 med_qe=1.1309
[04:00:06]   SIFT        spectral s=0.10 seed=0.5 (56ms) valid=100/100 med_qe=1.1251
[04:00:06]   SIFT        spectral s=0.30 seed=0.1 (57ms) valid=100/100 med_qe=1.0554
[04:00:06]   SIFT        spectral s=0.30 seed=0.2 (57ms) valid=100/100 med_qe=1.0487
[04:00:06]   SIFT        spectral s=0.30 seed=0.3 (57ms) valid=100/100 med_qe=1.0533
[04:00:06]   SIFT        spectral s=0.30 seed=0.4 (56ms) valid=100/100 med_qe=1.0548
[04:00:06]   SIFT        spectral s=0.30 seed=0.5 (57ms) valid=100/100 med_qe=1.0584
[04:00:06]   SIFT        spectral s=0.50 seed=0.1 (57ms) valid=100/100 med_qe=1.0360
[04:00:06]   SIFT        spectral s=0.50 seed=0.2 (57ms) valid=100/100 med_qe=1.0328
[04:00:06]   SIFT        spectral s=0.50 seed=0.3 (56ms) valid=100/100 med_qe=1.0322
[04:00:07]   SIFT        spectral s=0.50 seed=0.4 (56ms) valid=100/100 med_qe=1.0366
[04:00:07]   SIFT        spectral s=0.50 seed=0.5 (56ms) valid=100/100 med_qe=1.0321
[04:00:07] SIFT        spectral: total 1.4s
[04:00:07] saved /mnt/hdd0/home/capstone2026/cache/rq1/rq3_spectral.parquet (5,000 rows)

=== mean q_error per (dataset × mode × sel) ===
                                mean     std  median  count
dataset mode     selectivity                               
DEEP    spectral 0.01         2.0197  1.8590  1.5283    469
                 0.05         1.2737  0.3261  1.1903    500
                 0.10         1.1688  0.1493  1.1301    500
                 0.30         1.0735  0.0627  1.0555    500
                 0.50         1.0480  0.0388  1.0384    500
SIFT    spectral 0.01         1.9365  1.7813  1.4345    452
                 0.05         1.3220  0.4242  1.2197    499
                 0.10         1.1746  0.1736  1.1277    500
                 0.30         1.0707  0.0610  1.0534    500
                 0.50         1.0407  0.0323  1.0337    500
[04:00:07] saved /mnt/hdd0/home/capstone2026/cache/rq1/rq3_spectral_meta.json

[04:00:07] total elapsed 117.0s
